MPLINK 5.09, LINKER
Linker Map File - Created Thu Sep 18 13:11:39 2025

                                 Section Info
                  Section       Type    Address   Location Size(Bytes)
                ---------  ---------  ---------  ---------  ---------
                   .org_0       code   0x000000    program   0x000024
                   .cinit    romdata   0x000024    program   0x000002
.config_300001_BUILD/DEFAULT/DEBUG/ADVANCE.O    romdata   0x300001    program   0x000001
.config_300003_BUILD/DEFAULT/DEBUG/ADVANCE.O    romdata   0x300003    program   0x000001



                              Program Memory Usage 
                               Start         End      
                           ---------   ---------      
                            0x000000    0x000025      
                            0x300001    0x300001      
                            0x300003    0x300003      
            40 out of 33048 program addresses used, program memory utilization is 0%



                              Symbols - Sorted by Name
                     Name    Address   Location    Storage File                     
                ---------  ---------  ---------  --------- ---------                
                     loop   0x000012    program     static C:\Users\bryan\MPLABXProjects\lab1.X\advance.asm
                     skip   0x000024    program     static C:\Users\bryan\MPLABXProjects\lab1.X\advance.asm
                    skipz   0x000020    program     static C:\Users\bryan\MPLABXProjects\lab1.X\advance.asm



                              Symbols - Sorted by Address
                     Name    Address   Location    Storage File                     
                ---------  ---------  ---------  --------- ---------                
                     loop   0x000012    program     static C:\Users\bryan\MPLABXProjects\lab1.X\advance.asm
                    skipz   0x000020    program     static C:\Users\bryan\MPLABXProjects\lab1.X\advance.asm
                     skip   0x000024    program     static C:\Users\bryan\MPLABXProjects\lab1.X\advance.asm


