Microchip MPLAB XC8 Compiler V3.00

Linker command line:

-W-3 \
  --edf=C:\Program Files\Microchip\xc8\v3.00\pic\dat\20241204225717_en.msgs \
  -cn -h+dist/default/debug\final2024.X.debug.sym \
  --cmf=dist/default/debug\final2024.X.debug.cmf -z -Q18F4520 \
  -oC:\Users\bryan\AppData\Local\Temp\xcAs9g.\driver_tmp_3.o \
  --defsym=__MPLAB_BUILD=1 --fixupoverflow=error \
  -Mdist/default/debug/final2024.X.debug.map \
  --md=C:\Users\bryan\AppData\Local\Temp\xcAs9g.\driver_tmp_0.dat -E1 \
  -ver=XC8 Compiler -ACODE=00h-07DBFh -ACONST=00h-07DBFh \
  -ASMALLCONST=0600h-06FFhx119,07D00h-07DBFh -AMEDIUMCONST=0600h-07DBFh \
  -ACOMRAM=01h-07Fh -AABS1=00h-05F3h -ABIGRAM=01h-05F3h \
  -ARAM=080h-0FFh,0100h-01FFhx4,0500h-05F3h -ABANK0=080h-0FFh \
  -ABANK1=0100h-01FFh -ABANK2=0200h-02FFh -ABANK3=0300h-03FFh \
  -ABANK4=0400h-04FFh -ABANK5=0500h-05F3h \
  -ASFR=0F80h-0F9Bh,0F9Dh-0FD3h,0FD5h-0FDAh,0FE0h-0FE2h,0FE8h-0FEAh,0FF0h-0FFCh \
  -ABIGSFR=0F80h-0F9Bh,0F9Dh-0FD3h,0FD5h-0FDAh,0FE0h-0FE2h,0FE8h-0FEAh,0FF0h-0FFCh \
  -ACONFIG=0300000h-030000Dh -AIDLOC=0200000h-0200007h \
  -AEEDATA=0F00000h-0F000FFh -peeprom_data=EEDATA \
  -preset_vec=00h,intcode=8h,intcodelo=18h,sivt_lo,sivt_hi=CODE \
  -ppowerup=CODE,init -pramtop=0600h -psmallconst=SMALLCONST \
  -pmediumconst=MEDIUMCONST -pconst=CONST -AFARRAM=00h-00h \
  -prdata=COMRAM,nvrram=COMRAM,nvbit=COMRAM,rbss=COMRAM,rbit=COMRAM \
  -pfarbss=FARRAM,fardata=FARRAM,nvFARRAM=FARRAM \
  -pintsave_regs=BIGRAM,bigbss=BIGRAM,bigdata=BIGRAM -pbss=RAM \
  -pidata=CODE,irdata=CODE,ibigdata=CODE,ifardata=CODE -prparam=COMRAM \
  C:\Users\bryan\AppData\Local\Temp\xcAs9g.\driver_tmp_19.o \
  dist/default/debug\final2024.X.debug.o 

Object code version is 3.11

Machine type is 18F4520



                Name                               Link     Load   Length Selector   Space Scale
C:\Users\bryan\AppData\Local\Temp\xcAs9g.\driver_tmp_19.o
                idloc                            200000   200000        8        0       5
                config                           300000   300000        E        0       4
                init                                 D4       D4        4        C       0
                reset_vec                             0        0        4        0       0
dist/default/debug\final2024.X.debug.o
                intcodelo                            18       18       BC        C       0
                intcode                               8        8        6        4       0
                idloc                            200000   200000        8        0       5
                config                           300000   300000        E        0       4
                temp                                 69       69        1        1       1
                smallconst                          600      600       2C      300       0
                text41                             27D6     27D6       62      316       0
                text40                             2886     2886       4E      316       0
                text39                             2AC2     2AC2        2      316       0
                intcode_body                       26A6     26A6       68      316       0
                text37                             2AC0     2AC0        2      316       0
                text36                             2ABE     2ABE        2      316       0
                text35                             2ABC     2ABC        2      316       0
                text34                             2ABA     2ABA        2      316       0
                text33                             29C6     29C6       34      316       0
                text32                             25D0     25D0       6C      316       0
                text30                             28D4     28D4       40      316       0
                text29                             2990     2990       36      316       0
                text28                             263C     263C       6A      316       0
                text27                             2A6C     2A6C       22      316       0
                text26                             2AA8     2AA8        A      316       0
                text25                             2A4A     2A4A       22      316       0
                text24                             2A22     2A22       28      316       0
                text23                             17E6     17E6      390      316       0
                text22                             1002     1002      426      316       0
                text21                             1EA8     1EA8      106      316       0
                text20                             2232     2232       BC      316       0
                text19                             1FAE     1FAE       EA      316       0
                text18                             2452     2452       9E      316       0
                text17                              62C      62C      540      316       0
                text16                             2AB2     2AB2        6      316       0
                text15                             1D90     1D90      118      316       0
                text14                             23A0     23A0       B2      316       0
                text13                             24F0     24F0       72      316       0
                text12                             1B76     1B76      21A      316       0
                text11                             22EE     22EE       B2      316       0
                text10                             1428     1428      3BE      316       0
                text9                              2098     2098       D0      316       0
                text8                              2952     2952       3E      316       0
                text7                              2562     2562       6E      316       0
                text6                              2774     2774       62      316       0
                text5                              2168     2168       CA      316       0
                text4                              270E     270E       66      316       0
                text3                              2914     2914       3E      316       0
                text2                              2A8E     2A8E       1A      316       0
                text1                              29FA     29FA       28      316       0
                text0                               B6C      B6C      496      316       0
                cstackCOMRAM                          1        1       56        1       1
                cstackBANK0                          CC       CC       32       80       1
                cstackBANK1                         100      100       81      100       1
                dataBANK1                           1E5      1E5        2      100       1
                bssBANK1                            181      181       64      100       1
                bssBANK0                             80       80       4C       80       1
                bssCOMRAM                            57       57       12        1       1
                cinit                              2838     2838       4E      316       0
                idataBANK1                         2AB8     2AB8        2      316       0

TOTAL           Name                               Link     Load   Length     Space
        CLASS   CODE           
                intcodelo                            18       18       BC         0
                intcode                               8        8        6         0
                init                                 D4       D4        4         0
                reset_vec                             0        0        4         0
                text41                             27D6     27D6       62         0
                text40                             2886     2886       4E         0
                text39                             2AC2     2AC2        2         0
                intcode_body                       26A6     26A6       68         0
                text37                             2AC0     2AC0        2         0
                text36                             2ABE     2ABE        2         0
                text35                             2ABC     2ABC        2         0
                text34                             2ABA     2ABA        2         0
                text33                             29C6     29C6       34         0
                text32                             25D0     25D0       6C         0
                text30                             28D4     28D4       40         0
                text29                             2990     2990       36         0
                text28                             263C     263C       6A         0
                text27                             2A6C     2A6C       22         0
                text26                             2AA8     2AA8        A         0
                text25                             2A4A     2A4A       22         0
                text24                             2A22     2A22       28         0
                text23                             17E6     17E6      390         0
                text22                             1002     1002      426         0
                text21                             1EA8     1EA8      106         0
                text20                             2232     2232       BC         0
                text19                             1FAE     1FAE       EA         0
                text18                             2452     2452       9E         0
                text17                              62C      62C      540         0
                text16                             2AB2     2AB2        6         0
                text15                             1D90     1D90      118         0
                text14                             23A0     23A0       B2         0
                text13                             24F0     24F0       72         0
                text12                             1B76     1B76      21A         0
                text11                             22EE     22EE       B2         0
                text10                             1428     1428      3BE         0
                text9                              2098     2098       D0         0
                text8                              2952     2952       3E         0
                text7                              2562     2562       6E         0
                text6                              2774     2774       62         0
                text5                              2168     2168       CA         0
                text4                              270E     270E       66         0
                text3                              2914     2914       3E         0
                text2                              2A8E     2A8E       1A         0
                text1                              29FA     29FA       28         0
                text0                               B6C      B6C      496         0
                cinit                              2838     2838       4E         0
                idataBANK1                         2AB8     2AB8        2         0

        CLASS   CONST          

        CLASS   SMALLCONST     
                smallconst                          600      600       2C         0

        CLASS   MEDIUMCONST    

        CLASS   COMRAM         
                temp                                 69       69        1         1
                cstackCOMRAM                          1        1       56         1
                bssCOMRAM                            57       57       12         1

        CLASS   ABS1           

        CLASS   BIGRAM         

        CLASS   RAM            

        CLASS   BANK0          
                cstackBANK0                          CC       CC       32         1
                bssBANK0                             80       80       4C         1

        CLASS   BANK1          
                cstackBANK1                         100      100       81         1
                dataBANK1                           1E5      1E5        2         1
                bssBANK1                            181      181       64         1

        CLASS   BANK2          

        CLASS   BANK3          

        CLASS   BANK4          

        CLASS   BANK5          

        CLASS   SFR            

        CLASS   BIGSFR         

        CLASS   CONFIG         
                config                           300000   300000        E         4

        CLASS   IDLOC          
                idloc                            200000   200000        8         5

        CLASS   EEDATA         

        CLASS   FARRAM         

        CLASS   HEAP           

        CLASS   STACK          



SEGMENTS        Name                           Load    Length   Top    Selector   Space  Class

                reset_vec                      000000  000004  000004         0       0  CODE    
                cstackCOMRAM                   000001  000069  00006A         1       1  COMRAM  
                intcode                        000008  000006  00000E         4       0  CODE    
                intcodelo                      000018  0000C0  0000D8         C       0  CODE    
                bssBANK0                       000080  00007E  0000FE        80       1  BANK0   
                cstackBANK1                    000100  0000E7  0001E7       100       1  BANK1   
                smallconst                     000600  00002C  00062C       300       0  SMALLCON
                text17                         00062C  002498  002AC4       316       0  CODE    


UNUSED ADDRESS RANGES

        Name                Unused          Largest block    Delta
        BANK0            0000FE-0000FF                2
        BANK1            0001E7-0001FF               19
        BANK2            000200-0002FF              100
        BANK3            000300-0003FF              100
        BANK4            000400-0004FF              100
        BANK5            000500-0005F3               F4
        BIGRAM           00006A-00007F               16
                         0000FE-0000FF                2
                         0001E7-0005F3              40D
        BIGSFR           000F80-000F9B               1C
                         000F9D-000FD3               37
                         000FD5-000FDA                6
                         000FE0-000FE2                3
                         000FE8-000FEA                3
                         000FF0-000FFC                D
        CODE             000004-000007                4
                         00000E-000017                A
                         0000D8-0005FF              528
                         002AC4-007DBF             52FC
        COMRAM           00006A-00007F               16
        CONST            000004-000007                4
                         00000E-000017                A
                         0000D8-0005FF              528
                         002AC4-007DBF             52FC
        EEDATA           F00000-F000FF              100
        MEDIUMCONST      002AC4-007DBF             52FC
        RAM              0000FE-0000FF                2
                         0001E7-0005F3              100
        SFR              000F80-000F9B               1C
                         000F9D-000FD3               37
                         000FD5-000FDA                6
                         000FE0-000FE2                3
                         000FE8-000FEA                3
                         000FF0-000FFC                D
        SMALLCONST       002AC4-007DBF              100

                                  Symbol Table

?_GetString                        cstackCOMRAM 00001B
?___almod                          cstackCOMRAM 000015
?___fldiv                          cstackCOMRAM 00002E
?___flmul                          cstackCOMRAM 000015
?___fltol                          cstackCOMRAM 000047
?___omul                           cstackCOMRAM 000015
?___strtoxll                       cstackCOMRAM 00002D
?_abs                              cstackCOMRAM 000007
?_atod                             cstackCOMRAM 00003D
?_fgetc                            cstackCOMRAM 000017
?_getch                            cstackCOMRAM 000015
?_printf                           cstackCOMRAM 000028
?_sscanf                           cstackBANK1  000105
?_strncmp                          cstackCOMRAM 000015
?_vfprintf                         cstackCOMRAM 000023
?_vfscanf                          cstackBANK0  0000F9
?_vfsfcnvrt                        cstackCOMRAM 00004F
ClearBuffer@i                      cstackCOMRAM 000015
GetString@str                      cstackCOMRAM 00001B
Lo_ISR@value                       cstackCOMRAM 000013
MyusartRead@data                   cstackCOMRAM 000003
_ADCON0bits                        (abs)        000FC2
_ADCON1bits                        (abs)        000FC1
_ADCON2bits                        (abs)        000FC0
_ADC_Initialize                    text27       002A6C
_ADRESH                            (abs)        000FC4
_ADRESL                            (abs)        000FC3
_BAUDCONbits                       (abs)        000FB8
_CCP1CONbits                       (abs)        000FBD
_CCPR1L                            (abs)        000FBE
_CREN                              (abs)        007D5C
_ClearBuffer                       text30       0028D4
_GetString                         text28       00263C
_H_ISR                             intcode      000008
_INTCON2bits                       (abs)        000FF1
_INTCONbits                        (abs)        000FF2
_IPR1bits                          (abs)        000F9F
_IPR2bits                          (abs)        000FA2
_Initialize                        text24       002A22
_LATCbits                          (abs)        000F8B
_LATD                              (abs)        000F8C
_LED_Initialize                    text26       002AA8
_Lo_ISR                            intcodelo    000018
_MyusartRead                       text40       002886
_OSCCONbits                        (abs)        000FD3
_PIE1bits                          (abs)        000F9D
_PIE2bits                          (abs)        000FA0
_PIR1bits                          (abs)        000F9E
_PIR2bits                          (abs)        000FA1
_PR2                               (abs)        000FCB
_RCIF                              (abs)        007CF5
_RCONbits                          (abs)        000FD0
_RCREG                             (abs)        000FAE
_RCSTAbits                         (abs)        000FAB
_SPBRG                             (abs)        000FAF
_T0CONbits                         (abs)        000FD5
_T1CONbits                         (abs)        000FCD
_T2CONbits                         (abs)        000FCA
_T3CONbits                         (abs)        000FB1
_TMR0                              (abs)        000FD6
_TMR1                              (abs)        000FCE
_TMR3                              (abs)        000FB2
_TRISAbits                         (abs)        000F92
_TRISB                             (abs)        000F93
_TRISCbits                         (abs)        000F94
_TRISD                             (abs)        000F95
_TXREG                             (abs)        000FAD
_TXSTAbits                         (abs)        000FAC
_UART_Initialize                   text25       002A4A
__HRAM                             (abs)        000000
__H__absolute__                    __absolute__ 000000
__Habs1                            abs1         000000
__Hbank0                           bank0        000000
__Hbank1                           bank1        000000
__Hbank2                           bank2        000000
__Hbank3                           bank3        000000
__Hbank4                           bank4        000000
__Hbank5                           bank5        000000
__Hbigbss                          bigbss       000000
__Hbigdata                         bigdata      000000
__Hbigram                          bigram       000000
__Hbigsfr                          bigsfr       000000
__Hbss                             bss          000000
__HbssBANK0                        bssBANK0     000000
__HbssBANK1                        bssBANK1     000000
__HbssCOMRAM                       bssCOMRAM    000000
__Hcinit                           cinit        000000
__Hclrtext                         clrtext      000000
__Hcomram                          comram       000000
__Hconfig                          config       30000E
__Hconst                           const        000000
__HcstackBANK0                     cstackBANK0  000000
__HcstackBANK1                     cstackBANK1  000000
__HcstackCOMRAM                    cstackCOMRAM 000000
__Hdata                            data         000000
__HdataBANK1                       dataBANK1    000000
__Heeprom_data                     eeprom_data  000000
__Hfarbss                          farbss       000000
__Hfardata                         fardata      000000
__Hheap                            heap         000000
__Hibigdata                        ibigdata     000000
__Hidata                           idata        000000
__HidataBANK1                      idataBANK1   000000
__Hidloc                           idloc        200008
__Hifardata                        ifardata     000000
__Hinit                            init         0000D8
__Hintcode                         intcode      00000E
__Hintcode_body                    intcode_body 000000
__Hintcodelo                       intcodelo    0000D4
__Hintentry                        intentry     000000
__Hintret                          intret       000000
__Hintsave_regs                    intsave_regs 000000
__Hirdata                          irdata       000000
__Hmediumconst                     mediumconst  000000
__HnvFARRAM                        nvFARRAM     000000
__Hnvbit                           nvbit        000000
__Hnvrram                          nvrram       000000
__Hparam                           rparam       000000
__Hpowerup                         powerup      000000
__Hram                             ram          000000
__Hramtop                          ramtop       000600
__Hrbit                            rbit         000000
__Hrbss                            rbss         000000
__Hrdata                           rdata        000000
__Hreset_vec                       reset_vec    000004
__Hrparam                          rparam       000000
__Hsfr                             sfr          000000
__Hsivt_hi                         sivt_hi      000000
__Hsivt_lo                         sivt_lo      0000D4
__Hsmallconst                      smallconst   00062C
__Hspace_0                         (abs)        002AC4
__Hspace_1                         (abs)        0001E7
__Hspace_2                         (abs)        000000
__Hspace_4                         (abs)        60000E
__Hstack                           stack        000000
__Hstruct                          struct       000000
__Htemp                            temp         00006A
__Htext                            text         000000
__Htext0                           text0        000000
__Htext1                           text1        000000
__Htext10                          text10       000000
__Htext11                          text11       000000
__Htext12                          text12       000000
__Htext13                          text13       000000
__Htext14                          text14       000000
__Htext15                          text15       000000
__Htext16                          text16       000000
__Htext17                          text17       000000
__Htext18                          text18       000000
__Htext19                          text19       000000
__Htext2                           text2        000000
__Htext20                          text20       000000
__Htext21                          text21       000000
__Htext22                          text22       000000
__Htext23                          text23       000000
__Htext24                          text24       000000
__Htext25                          text25       000000
__Htext26                          text26       000000
__Htext27                          text27       000000
__Htext28                          text28       000000
__Htext29                          text29       000000
__Htext3                           text3        000000
__Htext30                          text30       000000
__Htext32                          text32       000000
__Htext33                          text33       000000
__Htext34                          text34       000000
__Htext35                          text35       000000
__Htext36                          text36       000000
__Htext37                          text37       000000
__Htext39                          text39       000000
__Htext4                           text4        000000
__Htext40                          text40       000000
__Htext41                          text41       000000
__Htext5                           text5        000000
__Htext6                           text6        000000
__Htext7                           text7        000000
__Htext8                           text8        000000
__Htext9                           text9        000000
__LRAM                             (abs)        000001
__L__absolute__                    __absolute__ 000000
__Labs1                            abs1         000000
__Lbank0                           bank0        000000
__Lbank1                           bank1        000000
__Lbank2                           bank2        000000
__Lbank3                           bank3        000000
__Lbank4                           bank4        000000
__Lbank5                           bank5        000000
__Lbigbss                          bigbss       000000
__Lbigdata                         bigdata      000000
__Lbigram                          bigram       000000
__Lbigsfr                          bigsfr       000000
__Lbss                             bss          000000
__LbssBANK0                        bssBANK0     000000
__LbssBANK1                        bssBANK1     000000
__LbssCOMRAM                       bssCOMRAM    000000
__Lcinit                           cinit        000000
__Lclrtext                         clrtext      000000
__Lcomram                          comram       000000
__Lconfig                          config       000000
__Lconst                           const        000000
__LcstackBANK0                     cstackBANK0  000000
__LcstackBANK1                     cstackBANK1  000000
__LcstackCOMRAM                    cstackCOMRAM 000000
__Ldata                            data         000000
__LdataBANK1                       dataBANK1    000000
__Leeprom_data                     eeprom_data  000000
__Lfarbss                          farbss       000000
__Lfardata                         fardata      000000
__Lheap                            heap         000000
__Libigdata                        ibigdata     000000
__Lidata                           idata        000000
__LidataBANK1                      idataBANK1   000000
__Lidloc                           idloc        000000
__Lifardata                        ifardata     000000
__Linit                            init         0000D4
__Lintcode                         intcode      000008
__Lintcode_body                    intcode_body 000000
__Lintcodelo                       intcodelo    000018
__Lintentry                        intentry     000000
__Lintret                          intret       000000
__Lintsave_regs                    intsave_regs 000000
__Lirdata                          irdata       000000
__Lmediumconst                     mediumconst  000000
__LnvFARRAM                        nvFARRAM     000000
__Lnvbit                           nvbit        000000
__Lnvrram                          nvrram       000000
__Lparam                           rparam       000000
__Lpowerup                         powerup      000000
__Lram                             ram          000000
__Lramtop                          ramtop       000600
__Lrbit                            rbit         000000
__Lrbss                            rbss         000000
__Lrdata                           rdata        000000
__Lreset_vec                       reset_vec    000000
__Lrparam                          rparam       000000
__Lsfr                             sfr          000000
__Lsivt_hi                         sivt_hi      000000
__Lsivt_lo                         sivt_lo      0000D4
__Lsmallconst                      smallconst   000600
__Lspace_0                         (abs)        000000
__Lspace_1                         (abs)        000000
__Lspace_2                         (abs)        000000
__Lspace_4                         (abs)        000000
__Lstack                           stack        000000
__Lstruct                          struct       000000
__Ltemp                            temp         000069
__Ltext                            text         000000
__Ltext0                           text0        000000
__Ltext1                           text1        000000
__Ltext10                          text10       000000
__Ltext11                          text11       000000
__Ltext12                          text12       000000
__Ltext13                          text13       000000
__Ltext14                          text14       000000
__Ltext15                          text15       000000
__Ltext16                          text16       000000
__Ltext17                          text17       000000
__Ltext18                          text18       000000
__Ltext19                          text19       000000
__Ltext2                           text2        000000
__Ltext20                          text20       000000
__Ltext21                          text21       000000
__Ltext22                          text22       000000
__Ltext23                          text23       000000
__Ltext24                          text24       000000
__Ltext25                          text25       000000
__Ltext26                          text26       000000
__Ltext27                          text27       000000
__Ltext28                          text28       000000
__Ltext29                          text29       000000
__Ltext3                           text3        000000
__Ltext30                          text30       000000
__Ltext32                          text32       000000
__Ltext33                          text33       000000
__Ltext34                          text34       000000
__Ltext35                          text35       000000
__Ltext36                          text36       000000
__Ltext37                          text37       000000
__Ltext39                          text39       000000
__Ltext4                           text4        000000
__Ltext40                          text40       000000
__Ltext41                          text41       000000
__Ltext5                           text5        000000
__Ltext6                           text6        000000
__Ltext7                           text7        000000
__Ltext8                           text8        000000
__Ltext9                           text9        000000
__S0                               (abs)        002AC4
__S1                               (abs)        0001E7
__S4                               (abs)        000000
__S5                               (abs)        000000
___almod                           text19       001FAE
___almod@counter                   cstackCOMRAM 00001D
___almod@dividend                  cstackCOMRAM 000015
___almod@divisor                   cstackCOMRAM 000019
___almod@sign                      cstackCOMRAM 00001E
___fldiv                           text23       0017E6
___fldiv@a                         cstackCOMRAM 000032
___fldiv@aexp                      cstackCOMRAM 000046
___fldiv@b                         cstackCOMRAM 00002E
___fldiv@bexp                      cstackCOMRAM 000045
___fldiv@grs                       cstackCOMRAM 000041
___fldiv@new_exp                   cstackCOMRAM 00003F
___fldiv@rem                       cstackCOMRAM 00003A
___fldiv@sign                      cstackCOMRAM 00003E
___flmul                           text22       001002
___flmul@a                         cstackCOMRAM 000019
___flmul@aexp                      cstackCOMRAM 000022
___flmul@b                         cstackCOMRAM 000015
___flmul@bexp                      cstackCOMRAM 000027
___flmul@grs                       cstackCOMRAM 000023
___flmul@prod                      cstackCOMRAM 000028
___flmul@sign                      cstackCOMRAM 000021
___flmul@temp                      cstackCOMRAM 00002C
___fltol                           text21       001EA8
___fltol@exp1                      cstackCOMRAM 000050
___fltol@f1                        cstackCOMRAM 000047
___fltol@sign1                     cstackCOMRAM 00004F
___heap_hi                         (abs)        000000
___heap_lo                         (abs)        000000
___inthi_sp                        stack        000000
___inthi_stack_hi                  stack        000000
___inthi_stack_lo                  stack        000000
___intlo_sp                        stack        000000
___intlo_stack_hi                  stack        000000
___intlo_stack_lo                  stack        000000
___omul                            text18       002452
___omul@multiplicand               cstackCOMRAM 00001D
___omul@multiplier                 cstackCOMRAM 000015
___omul@product                    cstackCOMRAM 000025
___param_bank                      (abs)        000000
___rparam_used                     (abs)        000001
___sp                              stack        000000
___stack_hi                        stack        000000
___stack_lo                        stack        000000
___strtoxll                        text17       00062C
___strtoxll$1929                   cstackBANK0  0000D4
___strtoxll$1930                   cstackBANK0  0000D6
___strtoxll@a                      cstackBANK0  0000E1
___strtoxll@base                   cstackCOMRAM 00002F
___strtoxll@c                      cstackBANK0  0000EA
___strtoxll@cp                     cstackBANK0  0000E9
___strtoxll@endptr                 cstackCOMRAM 00002E
___strtoxll@flags                  cstackBANK0  0000E0
___strtoxll@is_signed              cstackCOMRAM 000031
___strtoxll@limit                  cstackBANK0  0000D8
___strtoxll@prev_a                 cstackBANK0  0000CC
___strtoxll@s                      cstackCOMRAM 00002D
___ungetbuf                        bssCOMRAM    000057
___ungetcnt                        bssCOMRAM    000067
__accesstop                        (abs)        000080
__activetblptr                     (abs)        000001
__end_of_ADC_Initialize            text27       002A8E
__end_of_ClearBuffer               text30       002914
__end_of_GetString                 text28       0026A6
__end_of_H_ISR                     intcode_body 00270E
__end_of_Initialize                text24       002A4A
__end_of_LED_Initialize            text26       002AB2
__end_of_Lo_ISR                    intcodelo    0000D4
__end_of_MyusartRead               text40       0028D4
__end_of_UART_Initialize           text25       002A6C
__end_of___almod                   text19       002098
__end_of___fldiv                   text23       001B76
__end_of___flmul                   text22       001428
__end_of___fltol                   text21       001FAE
__end_of___omul                    text18       0024F0
__end_of___strtoxll                text17       000B6C
__end_of__initialization           cinit        002874
__end_of_abs                       text33       0029FA
__end_of_atod                      text12       001D90
__end_of_button_pressed            text39       002AC4
__end_of_delay                     text20       0022EE
__end_of_fgetc                     text15       001EA8
__end_of_fputc                     text5        002232
__end_of_getch                     text16       002AB8
__end_of_keyboard_input            text7        0025D0
__end_of_main                      text0        001002
__end_of_printf                    text2        002AA8
__end_of_putch                     text6        0027D6
__end_of_set_LED_separately        text1        002A22
__end_of_skipws                    text13       002562
__end_of_sscanf                    text8        002990
__end_of_strcpy                    text29       0029C6
__end_of_strncmp                   text11       0023A0
__end_of_timer0_interrupted        text37       002AC2
__end_of_timer1_interrupted        text36       002AC0
__end_of_timer2_interrupted        text35       002ABE
__end_of_timer3_interrupted        text34       002ABC
__end_of_ungetc                    text14       002452
__end_of_variable_register_changed text32       00263C
__end_of_vfpfcnvrt                 text4        002774
__end_of_vfprintf                  text3        002952
__end_of_vfscanf                   text9        002168
__end_of_vfsfcnvrt                 text10       0017E6
__end_ofi2_putch                   text41       002838
__initialization                   cinit        002838
__mediumconst                      smallconst   000600
__pbssBANK0                        bssBANK0     000080
__pbssBANK1                        bssBANK1     000181
__pbssCOMRAM                       bssCOMRAM    000057
__pcinit                           cinit        002838
__pcstackBANK0                     cstackBANK0  0000CC
__pcstackBANK1                     cstackBANK1  000100
__pcstackCOMRAM                    cstackCOMRAM 000001
__pdataBANK1                       dataBANK1    0001E5
__pidataBANK1                      idataBANK1   002AB8
__pintcode                         intcode      000008
__pintcode_body                    intcode_body 0026A6
__pintcodelo                       intcodelo    000018
__psmallconst                      smallconst   000600
__ptext0                           text0        000B6C
__ptext1                           text1        0029FA
__ptext10                          text10       001428
__ptext11                          text11       0022EE
__ptext12                          text12       001B76
__ptext13                          text13       0024F0
__ptext14                          text14       0023A0
__ptext15                          text15       001D90
__ptext16                          text16       002AB2
__ptext17                          text17       00062C
__ptext18                          text18       002452
__ptext19                          text19       001FAE
__ptext2                           text2        002A8E
__ptext20                          text20       002232
__ptext21                          text21       001EA8
__ptext22                          text22       001002
__ptext23                          text23       0017E6
__ptext24                          text24       002A22
__ptext25                          text25       002A4A
__ptext26                          text26       002AA8
__ptext27                          text27       002A6C
__ptext28                          text28       00263C
__ptext29                          text29       002990
__ptext3                           text3        002914
__ptext30                          text30       0028D4
__ptext32                          text32       0025D0
__ptext33                          text33       0029C6
__ptext34                          text34       002ABA
__ptext35                          text35       002ABC
__ptext36                          text36       002ABE
__ptext37                          text37       002AC0
__ptext39                          text39       002AC2
__ptext4                           text4        00270E
__ptext40                          text40       002886
__ptext41                          text41       0027D6
__ptext5                           text5        002168
__ptext6                           text6        002774
__ptext7                           text7        002562
__ptext8                           text8        002952
__ptext9                           text9        002098
__ramtop                           ramtop       000600
__smallconst                       smallconst   000600
_abs                               text33       0029C6
_asup                              bssBANK0     0000AA
_atod                              text12       001B76
_btn_interr                        bssCOMRAM    000068
_buffer                            bssBANK1     000181
_buffer_size                       bssCOMRAM    000064
_button_pressed                    text39       002AC2
_changed                           bssBANK0     0000AB
_current_servo_angle               bssCOMRAM    000060
_dbuf                              bssBANK0     0000AC
_delay                             text20       002232
_direction                         dataBANK1    0001E5
_errno                             bssCOMRAM    00005E
_fgetc                             text15       001D90
_flags                             bssCOMRAM    000066
_fputc                             text5        002168
_getch                             text16       002AB2
_keyboard_input                    text7        002562
_main                              text0        000B6C
_ncnv                              bssBANK0     0000A6
_nmatch                            bssBANK0     0000A4
_pattern                           bssBANK0     0000A0
_prec                              bssCOMRAM    00005C
_preval                            bssCOMRAM    000062
_printf                            text2        002A8E
_putch                             text6        002774
_set_LED_separately                text1        0029FA
_skipws                            text13       0024F0
_sscanf                            text8        002952
_strcpy                            text29       002990
_strncmp                           text11       0022EE
_timer0_interrupted                text37       002AC0
_timer1_interrupted                text36       002ABE
_timer2_interrupted                text35       002ABC
_timer3_interrupted                text34       002ABA
_ungetc                            text14       0023A0
_variable_register_changed         text32       0025D0
_vfpfcnvrt                         text4        00270E
_vfprintf                          text3        002914
_vfscanf                           text9        002098
_vfsfcnvrt                         text10       001428
_width                             bssBANK0     0000A8
_width@doprnt$F2004                bssCOMRAM    00005A
abs@a                              cstackCOMRAM 000007
atod@c                             cstackCOMRAM 00004D
atod@ep                            cstackCOMRAM 00004A
atod@fp                            cstackCOMRAM 00003D
atod@i                             cstackCOMRAM 00004B
atod@pll                           cstackCOMRAM 00003F
atod@w                             cstackCOMRAM 000048
btemp                              temp         000069
delay@i                            cstackBANK0  0000CE
delay@loops                        cstackBANK0  0000CC
delay@sec                          cstackCOMRAM 000051
end_of_initialization              cinit        002874
fgetc@c                            cstackCOMRAM 00001E
fgetc@fp                           cstackCOMRAM 000017
fputc@c                            cstackCOMRAM 000016
fputc@fp                           cstackCOMRAM 000018
i2_putch                           text41       0027D6
i2putch@data                       cstackCOMRAM 000001
int$flags                          temp         000069
int_func                           intcode_body 0026A6
intlevel0                          text         000000
intlevel1                          text         000000
intlevel2                          text         000000
intlevel3                          text         000000
isa$std                            (abs)        000001
isa$xinst                          (abs)        000000
keyboard_input@str                 cstackBANK1  000117
keyboard_input@x                   cstackBANK1  000119
main@str                           cstackBANK1  00011D
printf@ap                          cstackCOMRAM 000029
printf@fmt                         cstackCOMRAM 000028
putch@data                         cstackCOMRAM 000015
set_LED_separately@a               cstackCOMRAM 000015
set_LED_separately@b               cstackCOMRAM 000017
set_LED_separately@c               cstackCOMRAM 000019
set_LED_separately@d               cstackCOMRAM 00001B
skipws@c                           cstackCOMRAM 000023
skipws@fp                          cstackCOMRAM 000020
sscanf@ap                          cstackBANK1  00010A
sscanf@f                           cstackBANK1  00010C
sscanf@fmt                         cstackBANK1  000107
sscanf@s                           cstackBANK1  000105
stackhi                            (abs)        000000
stacklo                            (abs)        000000
start                              init         0000D4
start_initialization               cinit        002838
strcpy@d                           cstackCOMRAM 000019
strcpy@dest                        cstackCOMRAM 000015
strcpy@src                         cstackCOMRAM 000017
strncmp@l                          cstackCOMRAM 000015
strncmp@n                          cstackCOMRAM 000017
strncmp@r                          cstackCOMRAM 000016
ttemp5                             temp         00006A
ttemp6                             temp         00006D
ttemp7                             temp         000071
ungetc@c                           cstackCOMRAM 000015
ungetc@fp                          cstackCOMRAM 000017
variable_register_changed@value    cstackCOMRAM 00000B
vfpfcnvrt@ap                       cstackCOMRAM 000022
vfpfcnvrt@fmt                      cstackCOMRAM 000021
vfpfcnvrt@fp                       cstackCOMRAM 00001F
vfprintf@ap                        cstackCOMRAM 000026
vfprintf@cfmt                      cstackCOMRAM 000027
vfprintf@fmt                       cstackCOMRAM 000025
vfprintf@fp                        cstackCOMRAM 000023
vfscanf@ap                         cstackBANK0  0000FC
vfscanf@cfmt                       cstackBANK1  000104
vfscanf@fmt                        cstackBANK0  0000FB
vfscanf@fp                         cstackBANK0  0000F9
vfscanf@n                          cstackBANK1  000102
vfscanf@saved_errno                cstackBANK1  000100
vfsfcnvrt@ap                       cstackCOMRAM 000053
vfsfcnvrt@c                        cstackBANK0  0000F7
vfsfcnvrt@fmt                      cstackCOMRAM 000051
vfsfcnvrt@fp                       cstackCOMRAM 00004F
vfsfcnvrt@i                        cstackBANK0  0000F5
vfsfcnvrt@ll                       cstackBANK0  0000ED
vfsfcnvrt@vp                       cstackBANK0  0000EB
wtemp8                             temp         00006A


MODULE INFORMATION

Module		Function		Class		Link	Load	Size
C:\Program Files\Microchip\xc8\v3.00\pic\sources\c99\common\__strtoxll.c
		___strtoxll    		CODE           	062C	0000	1344

C:\Program Files\Microchip\xc8\v3.00\pic\sources\c99\common\__strtoxll.c estimated size: 1344

C:\Program Files\Microchip\xc8\v3.00\pic\sources\c99\common\abs.c
		_abs           		CODE           	29C6	0000	52

C:\Program Files\Microchip\xc8\v3.00\pic\sources\c99\common\abs.c estimated size: 52

C:\Program Files\Microchip\xc8\v3.00\pic\sources\c99\common\nf_getc.c
		_fgetc         		CODE           	1D90	0000	280
		_ungetc        		CODE           	23A0	0000	178

C:\Program Files\Microchip\xc8\v3.00\pic\sources\c99\common\nf_getc.c estimated size: 458

C:\Program Files\Microchip\xc8\v3.00\pic\sources\c99\common\nf_fputc.c
		_fputc         		CODE           	2168	0000	202

C:\Program Files\Microchip\xc8\v3.00\pic\sources\c99\common\nf_fputc.c estimated size: 202

C:\Program Files\Microchip\xc8\v3.00\pic\sources\c99\common\doscan.c
		_vfsfcnvrt     		CODE           	1428	0000	958
		_vfscanf       		CODE           	2098	0000	208
		_skipws        		CODE           	24F0	0000	114
		_atod          		CODE           	1B76	0000	538

C:\Program Files\Microchip\xc8\v3.00\pic\sources\c99\common\doscan.c estimated size: 1818

C:\Program Files\Microchip\xc8\v3.00\pic\sources\c99\common\Umul64.c
		___omul        		CODE           	2452	0000	158

C:\Program Files\Microchip\xc8\v3.00\pic\sources\c99\common\Umul64.c estimated size: 158

3b.c
		_variable_register_changed		CODE           	25D0	0000	108
		_delay         		CODE           	2232	0000	188
		_set_LED_separately		CODE           	29FA	0000	40
		_Lo_ISR        		CODE           	0018	0000	188
		_MyusartRead   		CODE           	2886	0000	78
		_button_pressed		CODE           	2AC2	0000	2
		_putch         		CODE           	2774	0000	98
		_ADC_Initialize		CODE           	2A6C	0000	34
		_keyboard_input		CODE           	2562	0000	110
		_timer1_interrupted		CODE           	2ABE	0000	2
		_H_ISR         		CODE           	0008	0000	110
		_main          		CODE           	0B6C	0000	1174
		_LED_Initialize		CODE           	2AA8	0000	10
		_Initialize    		CODE           	2A22	0000	40
		_GetString     		CODE           	263C	0000	106
		_timer2_interrupted		CODE           	2ABC	0000	2
		_ClearBuffer   		CODE           	28D4	0000	64
		_UART_Initialize		CODE           	2A4A	0000	34
		_timer0_interrupted		CODE           	2AC0	0000	2
		_timer3_interrupted		CODE           	2ABA	0000	2

3b.c estimated size: 2392

C:\Program Files\Microchip\xc8\v3.00\pic\sources\c99\common\printf.c
		_printf        		CODE           	2A8E	0000	26

C:\Program Files\Microchip\xc8\v3.00\pic\sources\c99\common\printf.c estimated size: 26

C:\Program Files\Microchip\xc8\v3.00\pic\sources\c99\common\strncmp.c
		_strncmp       		CODE           	22EE	0000	178

C:\Program Files\Microchip\xc8\v3.00\pic\sources\c99\common\strncmp.c estimated size: 178

C:\Program Files\Microchip\xc8\v3.00\pic\sources\c99\common\sprcmul.c
		___flmul       		CODE           	1002	0000	1062

C:\Program Files\Microchip\xc8\v3.00\pic\sources\c99\common\sprcmul.c estimated size: 1062

C:\Program Files\Microchip\xc8\v3.00\pic\sources\c99\common\almod.c
		___almod       		CODE           	1FAE	0000	234

C:\Program Files\Microchip\xc8\v3.00\pic\sources\c99\common\almod.c estimated size: 234

C:\Program Files\Microchip\xc8\v3.00\pic\sources\c99\common\sprcdiv.c
		___fldiv       		CODE           	17E6	0000	912

C:\Program Files\Microchip\xc8\v3.00\pic\sources\c99\common\sprcdiv.c estimated size: 912

shared
		i2_putch       		CODE           	27D6	0000	98
		__initialization		CODE           	2838	0000	60

shared estimated size: 158

C:\Program Files\Microchip\xc8\v3.00\pic\sources\c99\common\strcpy.c
		_strcpy        		CODE           	2990	0000	54

C:\Program Files\Microchip\xc8\v3.00\pic\sources\c99\common\strcpy.c estimated size: 54

C:\Program Files\Microchip\xc8\v3.00\pic\sources\c99\common\nf_sscanf.c
		_sscanf        		CODE           	2952	0000	62

C:\Program Files\Microchip\xc8\v3.00\pic\sources\c99\common\nf_sscanf.c estimated size: 62

C:\Program Files\Microchip\xc8\v3.00\pic\sources\c99\common\getch.c
		_getch         		CODE           	2AB2	0000	6

C:\Program Files\Microchip\xc8\v3.00\pic\sources\c99\common\getch.c estimated size: 6

C:\Program Files\Microchip\xc8\v3.00\pic\sources\c99\common\fltol.c
		___fltol       		CODE           	1EA8	0000	262

C:\Program Files\Microchip\xc8\v3.00\pic\sources\c99\common\fltol.c estimated size: 262

C:\Program Files\Microchip\xc8\v3.00\pic\sources\c99\common\doprnt.c
		_vfpfcnvrt     		CODE           	270E	0000	102
		_vfprintf      		CODE           	2914	0000	62

C:\Program Files\Microchip\xc8\v3.00\pic\sources\c99\common\doprnt.c estimated size: 164

