MPLINK 5.09, LINKER
Linker Map File - Created Thu Oct 09 12:41:40 2025

                                 Section Info
                  Section       Type    Address   Location Size(Bytes)
                ---------  ---------  ---------  ---------  ---------
                   .org_0       code   0x000000    program   0x000048
                   .cinit    romdata   0x000048    program   0x000002
.config_300001_BUILD/DEFAULT/DEBUG/ADVANCE.O    romdata   0x300001    program   0x000001
.config_300003_BUILD/DEFAULT/DEBUG/ADVANCE.O    romdata   0x300003    program   0x000001



                              Program Memory Usage 
                               Start         End      
                           ---------   ---------      
                            0x000000    0x000049      
                            0x300001    0x300001      
                            0x300003    0x300003      
            76 out of 33048 program addresses used, program memory utilization is 0%



                              Symbols - Sorted by Name
                     Name    Address   Location    Storage File                     
                ---------  ---------  ---------  --------- ---------                
                    break   0x000034    program     static C:\Users\bryan\MPLABXProjects\1ab4.X\advance.asm
                 division   0x00001a    program     static C:\Users\bryan\MPLABXProjects\1ab4.X\advance.asm
                   finish   0x000046    program     static C:\Users\bryan\MPLABXProjects\1ab4.X\advance.asm
                  initial   0x000000    program     static C:\Users\bryan\MPLABXProjects\1ab4.X\advance.asm
                     loop   0x00001a    program     static C:\Users\bryan\MPLABXProjects\1ab4.X\advance.asm



                              Symbols - Sorted by Address
                     Name    Address   Location    Storage File                     
                ---------  ---------  ---------  --------- ---------                
                  initial   0x000000    program     static C:\Users\bryan\MPLABXProjects\1ab4.X\advance.asm
                 division   0x00001a    program     static C:\Users\bryan\MPLABXProjects\1ab4.X\advance.asm
                     loop   0x00001a    program     static C:\Users\bryan\MPLABXProjects\1ab4.X\advance.asm
                    break   0x000034    program     static C:\Users\bryan\MPLABXProjects\1ab4.X\advance.asm
                   finish   0x000046    program     static C:\Users\bryan\MPLABXProjects\1ab4.X\advance.asm


