Microchip MPLAB XC8 Compiler V3.00

Linker command line:

-W-3 \
  --edf=C:\Program Files\Microchip\xc8\v3.00\pic\dat\20241204225717_en.msgs \
  -cn -h+dist/default/debug\final2025.X.debug.sym \
  --cmf=dist/default/debug\final2025.X.debug.cmf -z -Q18F4520 \
  -oC:\Users\bryan\AppData\Local\Temp\xcAs1q8.\driver_tmp_3.o \
  --defsym=__MPLAB_BUILD=1 --fixupoverflow=error \
  -Mdist/default/debug/final2025.X.debug.map \
  --md=C:\Users\bryan\AppData\Local\Temp\xcAs1q8.\driver_tmp_0.dat -E1 \
  -ver=XC8 Compiler -ACODE=00h-07DBFh -ACONST=00h-07DBFh \
  -ASMALLCONST=0600h-06FFhx119,07D00h-07DBFh -AMEDIUMCONST=0600h-07DBFh \
  -ACOMRAM=01h-07Fh -AABS1=00h-05F3h -ABIGRAM=01h-05F3h \
  -ARAM=080h-0FFh,0100h-01FFhx4,0500h-05F3h -ABANK0=080h-0FFh \
  -ABANK1=0100h-01FFh -ABANK2=0200h-02FFh -ABANK3=0300h-03FFh \
  -ABANK4=0400h-04FFh -ABANK5=0500h-05F3h \
  -ASFR=0F80h-0F9Bh,0F9Dh-0FD3h,0FD5h-0FDAh,0FE0h-0FE2h,0FE8h-0FEAh,0FF0h-0FFCh \
  -ABIGSFR=0F80h-0F9Bh,0F9Dh-0FD3h,0FD5h-0FDAh,0FE0h-0FE2h,0FE8h-0FEAh,0FF0h-0FFCh \
  -ACONFIG=0300000h-030000Dh -AIDLOC=0200000h-0200007h \
  -AEEDATA=0F00000h-0F000FFh -peeprom_data=EEDATA \
  -preset_vec=00h,intcode=8h,intcodelo=18h,sivt_lo,sivt_hi=CODE \
  -ppowerup=CODE,init -pramtop=0600h -psmallconst=SMALLCONST \
  -pmediumconst=MEDIUMCONST -pconst=CONST -AFARRAM=00h-00h \
  -prdata=COMRAM,nvrram=COMRAM,nvbit=COMRAM,rbss=COMRAM,rbit=COMRAM \
  -pfarbss=FARRAM,fardata=FARRAM,nvFARRAM=FARRAM \
  -pintsave_regs=BIGRAM,bigbss=BIGRAM,bigdata=BIGRAM -pbss=RAM \
  -pidata=CODE,irdata=CODE,ibigdata=CODE,ifardata=CODE -prparam=COMRAM \
  C:\Users\bryan\AppData\Local\Temp\xcAs1q8.\driver_tmp_14.o \
  dist/default/debug\final2025.X.debug.o 

Object code version is 3.11

Machine type is 18F4520



                Name                               Link     Load   Length Selector   Space Scale
C:\Users\bryan\AppData\Local\Temp\xcAs1q8.\driver_tmp_14.o
                idloc                            200000   200000        8        0       5
                config                           300000   300000        E        0       4
                init                                 D6       D6        4        C       0
                reset_vec                             0        0        4        0       0
dist/default/debug\final2025.X.debug.o
                intcodelo                            18       18       BE        C       0
                intcode                               8        8        6        4       0
                idloc                            200000   200000        8        0       5
                config                           300000   300000        E        0       4
                temp                                 65       65        1        1       1
                smallconst                          600      600        E      300       0
                text26                              B78      B78       C2      307       0
                text25                              C3A      C3A       AE      307       0
                text24                              F76      F76       34      307       0
                text23                              DFA      DFA       62      307       0
                text22                              AAE      AAE       CA      307       0
                text21                              8FE      8FE      1B0      307       0
                text20                              F38      F38       3E      307       0
                text19                             1020     1020       1A      307       0
                text18                             104E     104E        8      307       0
                text17                              60E      60E      2F0      307       0
                text16                             1066     1066        2      307       0
                intcode_body                        CE8      CE8       A8      307       0
                text14                             1064     1064        2      307       0
                text13                             1062     1062        2      307       0
                text12                             1060     1060        2      307       0
                text11                             105E     105E        2      307       0
                text10                             105C     105C        2      307       0
                text8                               EF6      EF6       42      307       0
                text7                               FAA      FAA       30      307       0
                text6                               D90      D90       6A      307       0
                text5                              1044     1044        A      307       0
                text4                               FFE      FFE       22      307       0
                text3                               FDA      FDA       24      307       0
                text2                              105A     105A        2      307       0
                text1                              103A     103A        A      307       0
                text0                               E5C      E5C       50      307       0
                cstackCOMRAM                         34       34       2D        1       1
                cstackBANK0                          80       80       74       80       1
                bssBANK1                            100      100       64      100       1
                dataCOMRAM                           61       61        4        1       1
                bssCOMRAM                             1        1       33        1       1
                cinit                               EAC      EAC       4A      307       0
                idataCOMRAM                        1056     1056        4      307       0

TOTAL           Name                               Link     Load   Length     Space
        CLASS   CODE           
                intcodelo                            18       18       BE         0
                intcode                               8        8        6         0
                init                                 D6       D6        4         0
                reset_vec                             0        0        4         0
                text26                              B78      B78       C2         0
                text25                              C3A      C3A       AE         0
                text24                              F76      F76       34         0
                text23                              DFA      DFA       62         0
                text22                              AAE      AAE       CA         0
                text21                              8FE      8FE      1B0         0
                text20                              F38      F38       3E         0
                text19                             1020     1020       1A         0
                text18                             104E     104E        8         0
                text17                              60E      60E      2F0         0
                text16                             1066     1066        2         0
                intcode_body                        CE8      CE8       A8         0
                text14                             1064     1064        2         0
                text13                             1062     1062        2         0
                text12                             1060     1060        2         0
                text11                             105E     105E        2         0
                text10                             105C     105C        2         0
                text8                               EF6      EF6       42         0
                text7                               FAA      FAA       30         0
                text6                               D90      D90       6A         0
                text5                              1044     1044        A         0
                text4                               FFE      FFE       22         0
                text3                               FDA      FDA       24         0
                text2                              105A     105A        2         0
                text1                              103A     103A        A         0
                text0                               E5C      E5C       50         0
                cinit                               EAC      EAC       4A         0
                idataCOMRAM                        1056     1056        4         0

        CLASS   CONST          

        CLASS   SMALLCONST     
                smallconst                          600      600        E         0

        CLASS   MEDIUMCONST    

        CLASS   COMRAM         
                temp                                 65       65        1         1
                cstackCOMRAM                         34       34       2D         1
                dataCOMRAM                           61       61        4         1
                bssCOMRAM                             1        1       33         1

        CLASS   ABS1           

        CLASS   BIGRAM         

        CLASS   RAM            

        CLASS   BANK0          
                cstackBANK0                          80       80       74         1

        CLASS   BANK1          
                bssBANK1                            100      100       64         1

        CLASS   BANK2          

        CLASS   BANK3          

        CLASS   BANK4          

        CLASS   BANK5          

        CLASS   SFR            

        CLASS   BIGSFR         

        CLASS   CONFIG         
                config                           300000   300000        E         4

        CLASS   IDLOC          
                idloc                            200000   200000        8         5

        CLASS   EEDATA         

        CLASS   FARRAM         

        CLASS   HEAP           

        CLASS   STACK          



SEGMENTS        Name                           Load    Length   Top    Selector   Space  Class

                reset_vec                      000000  000004  000004         0       0  CODE    
                bssCOMRAM                      000001  000065  000066         1       1  COMRAM  
                intcode                        000008  000006  00000E         4       0  CODE    
                intcodelo                      000018  0000C2  0000DA         C       0  CODE    
                cstackBANK0                    000080  000074  0000F4        80       1  BANK0   
                bssBANK1                       000100  000064  000164       100       1  BANK1   
                smallconst                     000600  00000E  00060E       300       0  SMALLCON
                text17                         00060E  000A5A  001068       307       0  CODE    


UNUSED ADDRESS RANGES

        Name                Unused          Largest block    Delta
        BANK0            0000F4-0000FF                C
        BANK1            000164-0001FF               9C
        BANK2            000200-0002FF              100
        BANK3            000300-0003FF              100
        BANK4            000400-0004FF              100
        BANK5            000500-0005F3               F4
        BIGRAM           000066-00007F               1A
                         0000F4-0000FF                C
                         000164-0005F3              490
        BIGSFR           000F80-000F9B               1C
                         000F9D-000FD3               37
                         000FD5-000FDA                6
                         000FE0-000FE2                3
                         000FE8-000FEA                3
                         000FF0-000FFC                D
        CODE             000004-000007                4
                         00000E-000017                A
                         0000DA-0005FF              526
                         001068-007DBF             6D58
        COMRAM           000066-00007F               1A
        CONST            000004-000007                4
                         00000E-000017                A
                         0000DA-0005FF              526
                         001068-007DBF             6D58
        EEDATA           F00000-F000FF              100
        MEDIUMCONST      001068-007DBF             6D58
        RAM              0000F4-0000FF                C
                         000164-0005F3              100
        SFR              000F80-000F9B               1C
                         000F9D-000FD3               37
                         000FD5-000FDA                6
                         000FE0-000FE2                3
                         000FE8-000FEA                3
                         000FF0-000FFC                D
        SMALLCONST       001068-007DBF              100

                                  Symbol Table

?_GetString                        cstackBANK0  00008D
?___awdiv                          cstackCOMRAM 000034
?___awmod                          cstackCOMRAM 000034
?_abs                              cstackCOMRAM 00003A
?_printf                           cstackCOMRAM 00004F
?_vfprintf                         cstackCOMRAM 00004A
ClearBuffer@i                      cstackBANK0  000089
GetString@str                      cstackBANK0  00008D
Lo_ISR@value                       cstackBANK0  000087
MyusartRead@data                   cstackCOMRAM 000055
_ADCON0bits                        (abs)        000FC2
_ADCON1bits                        (abs)        000FC1
_ADCON2bits                        (abs)        000FC0
_ADRESH                            (abs)        000FC4
_ADRESL                            (abs)        000FC3
_BAUDCONbits                       (abs)        000FB8
_CCP1CONbits                       (abs)        000FBD
_CCPR1L                            (abs)        000FBE
_CREN                              (abs)        007D5C
_ClearBuffer                       text8        000EF6
_GetString                         text6        000D90
_H_ISR                             intcode      000008
_INTCON2bits                       (abs)        000FF1
_INTCONbits                        (abs)        000FF2
_IPR1bits                          (abs)        000F9F
_IPR2bits                          (abs)        000FA2
_Initialize                        text3        000FDA
_LATCbits                          (abs)        000F8B
_LATD                              (abs)        000F8C
_LED_Initialize                    text5        001044
_Lo_ISR                            intcodelo    000018
_MyusartRead                       text17       00060E
_OSCCONbits                        (abs)        000FD3
_PIE1bits                          (abs)        000F9D
_PIE2bits                          (abs)        000FA0
_PIR1bits                          (abs)        000F9E
_PIR2bits                          (abs)        000FA1
_PR2                               (abs)        000FCB
_RCIF                              (abs)        007CF5
_RCONbits                          (abs)        000FD0
_RCREG                             (abs)        000FAE
_RCSTAbits                         (abs)        000FAB
_SPBRG                             (abs)        000FAF
_T0CONbits                         (abs)        000FD5
_T1CONbits                         (abs)        000FCD
_T2CONbits                         (abs)        000FCA
_T3CONbits                         (abs)        000FB1
_TMR0                              (abs)        000FD6
_TMR1                              (abs)        000FCE
_TMR3                              (abs)        000FB2
_TRISAbits                         (abs)        000F92
_TRISB                             (abs)        000F93
_TRISCbits                         (abs)        000F94
_TRISD                             (abs)        000F95
_TXREG                             (abs)        000FAD
_TXSTAbits                         (abs)        000FAC
_UART_Initialize                   text4        000FFE
__HRAM                             (abs)        000000
__H__absolute__                    __absolute__ 000000
__Habs1                            abs1         000000
__Hbank0                           bank0        000000
__Hbank1                           bank1        000000
__Hbank2                           bank2        000000
__Hbank3                           bank3        000000
__Hbank4                           bank4        000000
__Hbank5                           bank5        000000
__Hbigbss                          bigbss       000000
__Hbigdata                         bigdata      000000
__Hbigram                          bigram       000000
__Hbigsfr                          bigsfr       000000
__Hbss                             bss          000000
__HbssBANK1                        bssBANK1     000000
__HbssCOMRAM                       bssCOMRAM    000000
__Hcinit                           cinit        000000
__Hclrtext                         clrtext      000000
__Hcomram                          comram       000000
__Hconfig                          config       30000E
__Hconst                           const        000000
__HcstackBANK0                     cstackBANK0  000000
__HcstackCOMRAM                    cstackCOMRAM 000000
__Hdata                            data         000000
__HdataCOMRAM                      dataCOMRAM   000000
__Heeprom_data                     eeprom_data  000000
__Hfarbss                          farbss       000000
__Hfardata                         fardata      000000
__Hheap                            heap         000000
__Hibigdata                        ibigdata     000000
__Hidata                           idata        000000
__HidataCOMRAM                     idataCOMRAM  000000
__Hidloc                           idloc        200008
__Hifardata                        ifardata     000000
__Hinit                            init         0000DA
__Hintcode                         intcode      00000E
__Hintcode_body                    intcode_body 000000
__Hintcodelo                       intcodelo    0000D6
__Hintentry                        intentry     000000
__Hintret                          intret       000000
__Hintsave_regs                    intsave_regs 000000
__Hirdata                          irdata       000000
__Hmediumconst                     mediumconst  000000
__HnvFARRAM                        nvFARRAM     000000
__Hnvbit                           nvbit        000000
__Hnvrram                          nvrram       000000
__Hparam                           rparam       000000
__Hpowerup                         powerup      000000
__Hram                             ram          000000
__Hramtop                          ramtop       000600
__Hrbit                            rbit         000000
__Hrbss                            rbss         000000
__Hrdata                           rdata        000000
__Hreset_vec                       reset_vec    000004
__Hrparam                          rparam       000000
__Hsfr                             sfr          000000
__Hsivt_hi                         sivt_hi      000000
__Hsivt_lo                         sivt_lo      0000D6
__Hsmallconst                      smallconst   00060E
__Hspace_0                         (abs)        001068
__Hspace_1                         (abs)        000164
__Hspace_2                         (abs)        000000
__Hspace_4                         (abs)        60000E
__Hstack                           stack        000000
__Hstruct                          struct       000000
__Htemp                            temp         000066
__Htext                            text         000000
__Htext0                           text0        000000
__Htext1                           text1        000000
__Htext10                          text10       000000
__Htext11                          text11       000000
__Htext12                          text12       000000
__Htext13                          text13       000000
__Htext14                          text14       000000
__Htext16                          text16       000000
__Htext17                          text17       000000
__Htext18                          text18       000000
__Htext19                          text19       000000
__Htext2                           text2        000000
__Htext20                          text20       000000
__Htext21                          text21       000000
__Htext22                          text22       000000
__Htext23                          text23       000000
__Htext24                          text24       000000
__Htext25                          text25       000000
__Htext26                          text26       000000
__Htext3                           text3        000000
__Htext4                           text4        000000
__Htext5                           text5        000000
__Htext6                           text6        000000
__Htext7                           text7        000000
__Htext8                           text8        000000
__LRAM                             (abs)        000001
__L__absolute__                    __absolute__ 000000
__Labs1                            abs1         000000
__Lbank0                           bank0        000000
__Lbank1                           bank1        000000
__Lbank2                           bank2        000000
__Lbank3                           bank3        000000
__Lbank4                           bank4        000000
__Lbank5                           bank5        000000
__Lbigbss                          bigbss       000000
__Lbigdata                         bigdata      000000
__Lbigram                          bigram       000000
__Lbigsfr                          bigsfr       000000
__Lbss                             bss          000000
__LbssBANK1                        bssBANK1     000000
__LbssCOMRAM                       bssCOMRAM    000000
__Lcinit                           cinit        000000
__Lclrtext                         clrtext      000000
__Lcomram                          comram       000000
__Lconfig                          config       000000
__Lconst                           const        000000
__LcstackBANK0                     cstackBANK0  000000
__LcstackCOMRAM                    cstackCOMRAM 000000
__Ldata                            data         000000
__LdataCOMRAM                      dataCOMRAM   000000
__Leeprom_data                     eeprom_data  000000
__Lfarbss                          farbss       000000
__Lfardata                         fardata      000000
__Lheap                            heap         000000
__Libigdata                        ibigdata     000000
__Lidata                           idata        000000
__LidataCOMRAM                     idataCOMRAM  000000
__Lidloc                           idloc        000000
__Lifardata                        ifardata     000000
__Linit                            init         0000D6
__Lintcode                         intcode      000008
__Lintcode_body                    intcode_body 000000
__Lintcodelo                       intcodelo    000018
__Lintentry                        intentry     000000
__Lintret                          intret       000000
__Lintsave_regs                    intsave_regs 000000
__Lirdata                          irdata       000000
__Lmediumconst                     mediumconst  000000
__LnvFARRAM                        nvFARRAM     000000
__Lnvbit                           nvbit        000000
__Lnvrram                          nvrram       000000
__Lparam                           rparam       000000
__Lpowerup                         powerup      000000
__Lram                             ram          000000
__Lramtop                          ramtop       000600
__Lrbit                            rbit         000000
__Lrbss                            rbss         000000
__Lrdata                           rdata        000000
__Lreset_vec                       reset_vec    000000
__Lrparam                          rparam       000000
__Lsfr                             sfr          000000
__Lsivt_hi                         sivt_hi      000000
__Lsivt_lo                         sivt_lo      0000D6
__Lsmallconst                      smallconst   000600
__Lspace_0                         (abs)        000000
__Lspace_1                         (abs)        000000
__Lspace_2                         (abs)        000000
__Lspace_4                         (abs)        000000
__Lstack                           stack        000000
__Lstruct                          struct       000000
__Ltemp                            temp         000065
__Ltext                            text         000000
__Ltext0                           text0        000000
__Ltext1                           text1        000000
__Ltext10                          text10       000000
__Ltext11                          text11       000000
__Ltext12                          text12       000000
__Ltext13                          text13       000000
__Ltext14                          text14       000000
__Ltext16                          text16       000000
__Ltext17                          text17       000000
__Ltext18                          text18       000000
__Ltext19                          text19       000000
__Ltext2                           text2        000000
__Ltext20                          text20       000000
__Ltext21                          text21       000000
__Ltext22                          text22       000000
__Ltext23                          text23       000000
__Ltext24                          text24       000000
__Ltext25                          text25       000000
__Ltext26                          text26       000000
__Ltext3                           text3        000000
__Ltext4                           text4        000000
__Ltext5                           text5        000000
__Ltext6                           text6        000000
__Ltext7                           text7        000000
__Ltext8                           text8        000000
__S0                               (abs)        001068
__S1                               (abs)        000164
__S4                               (abs)        000000
__S5                               (abs)        000000
___awdiv                           text26       000B78
___awdiv@counter                   cstackCOMRAM 000038
___awdiv@dividend                  cstackCOMRAM 000034
___awdiv@divisor                   cstackCOMRAM 000036
___awdiv@quotient                  cstackCOMRAM 00003A
___awdiv@sign                      cstackCOMRAM 000039
___awmod                           text25       000C3A
___awmod@counter                   cstackCOMRAM 000038
___awmod@dividend                  cstackCOMRAM 000034
___awmod@divisor                   cstackCOMRAM 000036
___awmod@sign                      cstackCOMRAM 000039
___heap_hi                         (abs)        000000
___heap_lo                         (abs)        000000
___inthi_sp                        stack        000000
___inthi_stack_hi                  stack        000000
___inthi_stack_lo                  stack        000000
___intlo_sp                        stack        000000
___intlo_stack_hi                  stack        000000
___intlo_stack_lo                  stack        000000
___param_bank                      (abs)        000000
___rparam_used                     (abs)        000001
___sp                              stack        000000
___stack_hi                        stack        000000
___stack_lo                        stack        000000
__accesstop                        (abs)        000080
__activetblptr                     (abs)        000001
__end_of_ClearBuffer               text8        000F38
__end_of_GetString                 text6        000DFA
__end_of_H_ISR                     intcode_body 000D90
__end_of_Initialize                text3        000FFE
__end_of_LED_Initialize            text5        00104E
__end_of_Lo_ISR                    intcodelo    0000D6
__end_of_MyusartRead               text17       0008FE
__end_of_UART_Initialize           text4        001020
__end_of___awdiv                   text26       000C3A
__end_of___awmod                   text25       000CE8
__end_of__initialization           cinit        000EE4
__end_of_abs                       text24       000FAA
__end_of_button_pressed            text16       001068
__end_of_fputc                     text22       000B78
__end_of_keyboard_input            text2        00105C
__end_of_main                      text0        000EAC
__end_of_printf                    text19       00103A
__end_of_putch                     text23       000E5C
__end_of_set_LED                   text1        001044
__end_of_strcpy                    text7        000FDA
__end_of_timer0_interrupted        text14       001066
__end_of_timer1_interrupted        text13       001064
__end_of_timer2_interrupted        text12       001062
__end_of_timer3_interrupted        text11       001060
__end_of_variable_register_changed text10       00105E
__end_of_vfpfcnvrt                 text21       000AAE
__end_of_vfprintf                  text20       000F76
__end_ofi2_set_LED                 text18       001056
__initialization                   cinit        000EAC
__mediumconst                      smallconst   000600
__pbssBANK1                        bssBANK1     000100
__pbssCOMRAM                       bssCOMRAM    000001
__pcinit                           cinit        000EAC
__pcstackBANK0                     cstackBANK0  000080
__pcstackCOMRAM                    cstackCOMRAM 000034
__pdataCOMRAM                      dataCOMRAM   000061
__pidataCOMRAM                     idataCOMRAM  001056
__pintcode                         intcode      000008
__pintcode_body                    intcode_body 000CE8
__pintcodelo                       intcodelo    000018
__psmallconst                      smallconst   000600
__ptext0                           text0        000E5C
__ptext1                           text1        00103A
__ptext10                          text10       00105C
__ptext11                          text11       00105E
__ptext12                          text12       001060
__ptext13                          text13       001062
__ptext14                          text14       001064
__ptext16                          text16       001066
__ptext17                          text17       00060E
__ptext18                          text18       00104E
__ptext19                          text19       001020
__ptext2                           text2        00105A
__ptext20                          text20       000F38
__ptext21                          text21       0008FE
__ptext22                          text22       000AAE
__ptext23                          text23       000DFA
__ptext24                          text24       000F76
__ptext25                          text25       000C3A
__ptext26                          text26       000B78
__ptext3                           text3        000FDA
__ptext4                           text4        000FFE
__ptext5                           text5        001044
__ptext6                           text6        000D90
__ptext7                           text7        000FAA
__ptext8                           text8        000EF6
__ramtop                           ramtop       000600
__smallconst                       smallconst   000600
_abs                               text24       000F76
_btn_interr                        bssCOMRAM    000033
_buffer                            bssBANK1     000100
_buffer_size                       bssCOMRAM    00002F
_button_pressed                    text16       001066
_current_servo_angle               bssCOMRAM    000025
_dbuf                              bssCOMRAM    000001
_enternum                          bssCOMRAM    000027
_flags                             bssCOMRAM    000031
_fputc                             text22       000AAE
_inputn1                           dataCOMRAM   000061
_inputn2                           bssCOMRAM    000029
_keyboard_input                    text2        00105A
_main                              text0        000E5C
_n1                                bssCOMRAM    00002D
_n2                                bssCOMRAM    00002B
_op                                bssCOMRAM    000032
_prec                              bssCOMRAM    000023
_printf                            text19       001020
_putch                             text23       000DFA
_servo_dir                         dataCOMRAM   000063
_set_LED                           text1        00103A
_strcpy                            text7        000FAA
_timer0_interrupted                text14       001064
_timer1_interrupted                text13       001062
_timer2_interrupted                text12       001060
_timer3_interrupted                text11       00105E
_variable_register_changed         text10       00105C
_vfpfcnvrt                         text21       0008FE
_vfprintf                          text20       000F38
_width                             bssCOMRAM    000021
abs@a                              cstackCOMRAM 00003A
btemp                              temp         000065
end_of_initialization              cinit        000EE4
fputc@c                            cstackCOMRAM 000035
fputc@fp                           cstackCOMRAM 000037
i2_set_LED                         text18       00104E
i2set_LED@value                    cstackCOMRAM 000034
int$flags                          temp         000065
int_func                           intcode_body 000CE8
intlevel0                          text         000000
intlevel1                          text         000000
intlevel2                          text         000000
intlevel3                          text         000000
isa$std                            (abs)        000001
isa$xinst                          (abs)        000000
keyboard_input@str                 cstackBANK0  000089
main@str                           cstackBANK0  000090
printf@ap                          cstackCOMRAM 000052
printf@fmt                         cstackCOMRAM 00004F
putch@data                         cstackCOMRAM 000034
set_LED@value                      cstackBANK0  000089
stackhi                            (abs)        000000
stacklo                            (abs)        000000
start                              init         0000D6
start_initialization               cinit        000EAC
strcpy@d                           cstackBANK0  00008C
strcpy@dest                        cstackBANK0  000089
strcpy@src                         cstackBANK0  00008A
ttemp5                             temp         000066
ttemp6                             temp         000069
ttemp7                             temp         00006D
variable_register_changed@value    cstackBANK0  000080
vfpfcnvrt@ap                       cstackCOMRAM 000041
vfpfcnvrt@c                        cstackCOMRAM 000049
vfpfcnvrt@convarg                  cstackCOMRAM 000045
vfpfcnvrt@cp                       cstackCOMRAM 000044
vfpfcnvrt@done                     cstackCOMRAM 000043
vfpfcnvrt@fmt                      cstackCOMRAM 000040
vfpfcnvrt@fp                       cstackCOMRAM 00003E
vfprintf@ap                        cstackCOMRAM 00004D
vfprintf@cfmt                      cstackCOMRAM 00004E
vfprintf@fmt                       cstackCOMRAM 00004C
vfprintf@fp                        cstackCOMRAM 00004A
wtemp8                             temp         000066


MODULE INFORMATION

Module		Function		Class		Link	Load	Size
C:\Program Files\Microchip\xc8\v3.00\pic\sources\c99\common\abs.c
		_abs           		CODE           	0F76	0000	52

C:\Program Files\Microchip\xc8\v3.00\pic\sources\c99\common\abs.c estimated size: 52

C:\Program Files\Microchip\xc8\v3.00\pic\sources\c99\common\nf_fputc.c
		_fputc         		CODE           	0AAE	0000	202

C:\Program Files\Microchip\xc8\v3.00\pic\sources\c99\common\nf_fputc.c estimated size: 202

C:\Program Files\Microchip\xc8\v3.00\pic\sources\c99\common\printf.c
		_printf        		CODE           	1020	0000	26

C:\Program Files\Microchip\xc8\v3.00\pic\sources\c99\common\printf.c estimated size: 26

C:\Program Files\Microchip\xc8\v3.00\pic\sources\c99\common\awmod.c
		___awmod       		CODE           	0C3A	0000	174

C:\Program Files\Microchip\xc8\v3.00\pic\sources\c99\common\awmod.c estimated size: 174

shared
		i2_set_LED     		CODE           	104E	0000	8
		__initialization		CODE           	0EAC	0000	56

shared estimated size: 64

C:\Program Files\Microchip\xc8\v3.00\pic\sources\c99\common\strcpy.c
		_strcpy        		CODE           	0FAA	0000	48

C:\Program Files\Microchip\xc8\v3.00\pic\sources\c99\common\strcpy.c estimated size: 48

2b.c
		_variable_register_changed		CODE           	105C	0000	2
		_Lo_ISR        		CODE           	0018	0000	190
		_MyusartRead   		CODE           	060E	0000	752
		_button_pressed		CODE           	1066	0000	2
		_putch         		CODE           	0DFA	0000	98
		_keyboard_input		CODE           	105A	0000	2
		_set_LED       		CODE           	103A	0000	10
		_timer1_interrupted		CODE           	1062	0000	2
		_H_ISR         		CODE           	0008	0000	174
		_main          		CODE           	0E5C	0000	80
		_LED_Initialize		CODE           	1044	0000	10
		_Initialize    		CODE           	0FDA	0000	36
		_GetString     		CODE           	0D90	0000	106
		_timer2_interrupted		CODE           	1060	0000	2
		_ClearBuffer   		CODE           	0EF6	0000	66
		_UART_Initialize		CODE           	0FFE	0000	34
		_timer0_interrupted		CODE           	1064	0000	2
		_timer3_interrupted		CODE           	105E	0000	2

2b.c estimated size: 1570

C:\Program Files\Microchip\xc8\v3.00\pic\sources\c99\common\awdiv.c
		___awdiv       		CODE           	0B78	0000	194

C:\Program Files\Microchip\xc8\v3.00\pic\sources\c99\common\awdiv.c estimated size: 194

C:\Program Files\Microchip\xc8\v3.00\pic\sources\c99\common\doprnt.c
		_vfpfcnvrt     		CODE           	08FE	0000	432
		_vfprintf      		CODE           	0F38	0000	62

C:\Program Files\Microchip\xc8\v3.00\pic\sources\c99\common\doprnt.c estimated size: 494

