Microchip MPLAB XC8 Compiler V3.00

Linker command line:

-W-3 \
  --edf=C:\Program Files\Microchip\xc8\v3.00\pic\dat\20241204225717_en.msgs \
  -cn -h+dist/default/debug\FinalProject.X.debug.sym \
  --cmf=dist/default/debug\FinalProject.X.debug.cmf -z -Q18F4520 \
  -oC:\Users\bryan\AppData\Local\Temp\xcAs628.\driver_tmp_3.o \
  --defsym=__MPLAB_BUILD=1 --fixupoverflow=error \
  -Mdist/default/debug/FinalProject.X.debug.map \
  --md=C:\Users\bryan\AppData\Local\Temp\xcAs628.\driver_tmp_0.dat -E1 \
  -ver=XC8 Compiler -ACODE=00h-07DBFh -ACONST=00h-07DBFh \
  -ASMALLCONST=0600h-06FFhx119,07D00h-07DBFh -AMEDIUMCONST=0600h-07DBFh \
  -ACOMRAM=01h-07Fh -AABS1=00h-05F3h -ABIGRAM=01h-05F3h \
  -ARAM=080h-0FFh,0100h-01FFhx4,0500h-05F3h -ABANK0=080h-0FFh \
  -ABANK1=0100h-01FFh -ABANK2=0200h-02FFh -ABANK3=0300h-03FFh \
  -ABANK4=0400h-04FFh -ABANK5=0500h-05F3h \
  -ASFR=0F80h-0F9Bh,0F9Dh-0FD3h,0FD5h-0FDAh,0FE0h-0FE2h,0FE8h-0FEAh,0FF0h-0FFCh \
  -ABIGSFR=0F80h-0F9Bh,0F9Dh-0FD3h,0FD5h-0FDAh,0FE0h-0FE2h,0FE8h-0FEAh,0FF0h-0FFCh \
  -ACONFIG=0300000h-030000Dh -AIDLOC=0200000h-0200007h \
  -AEEDATA=0F00000h-0F000FFh -peeprom_data=EEDATA \
  -preset_vec=00h,intcode=8h,intcodelo=18h,sivt_lo,sivt_hi=CODE \
  -ppowerup=CODE,init -pramtop=0600h -psmallconst=SMALLCONST \
  -pmediumconst=MEDIUMCONST -pconst=CONST -AFARRAM=00h-00h \
  -prdata=COMRAM,nvrram=COMRAM,nvbit=COMRAM,rbss=COMRAM,rbit=COMRAM \
  -pfarbss=FARRAM,fardata=FARRAM,nvFARRAM=FARRAM \
  -pintsave_regs=BIGRAM,bigbss=BIGRAM,bigdata=BIGRAM -pbss=RAM \
  -pidata=CODE,irdata=CODE,ibigdata=CODE,ifardata=CODE -prparam=COMRAM \
  C:\Users\bryan\AppData\Local\Temp\xcAs628.\driver_tmp_14.o \
  dist/default/debug\FinalProject.X.debug.o 

Object code version is 3.11

Machine type is 18F4520



                Name                               Link     Load   Length Selector   Space Scale
C:\Users\bryan\AppData\Local\Temp\xcAs628.\driver_tmp_14.o
                idloc                            200000   200000        8        0       5
                config                           300000   300000        E        0       4
                init                                 72       72        4        C       0
                reset_vec                             0        0        4        0       0
dist/default/debug\FinalProject.X.debug.o
                intcodelo                            18       18       5A        C       0
                intcode                               8        8        6        4       0
                idloc                            200000   200000        8        0       5
                config                           300000   300000        E        0       4
                temp                                 68       68        1        1       1
                smallconst                          600      600       68      300       0
                text26                             11D8     11D8       48      334       0
                text25                             13D8     13D8        2      334       0
                intcode_body                       1110     1110       66      334       0
                text23                             13D6     13D6        2      334       0
                text21                             13A6     13A6       18      334       0
                text20                             134A     134A       22      334       0
                text19                             136C     136C       20      334       0
                text18                             1324     1324       26      334       0
                text17                             12FC     12FC       28      334       0
                text16                             13CE     13CE        8      334       0
                text15                             13C6     13C6        8      334       0
                text14                             13BE     13BE        8      334       0
                text13                             12D4     12D4       28      334       0
                text12                              F4E      F4E       A4      334       0
                text11                              EAA      EAA       A4      334       0
                text10                             1088     1088       88      334       0
                text9                              1176     1176       62      334       0
                text8                               DE0      DE0       CA      334       0
                text7                              1262     1262       40      334       0
                text6                               FF2      FF2       96      334       0
                text5                               CD4      CD4      10C      334       0
                text4                               BC0      BC0      114      334       0
                text3                               982      982      23E      334       0
                text2                              1220     1220       42      334       0
                text1                              138C     138C       1A      334       0
                text0                               668      668      31A      334       0
                cstackCOMRAM                          1        1       5F        1       1
                bssBANK1                            100      100       64      100       1
                bssBANK0                             80       80       20       80       1
                bssCOMRAM                            60       60        8        1       1
                cinit                              12A2     12A2       32      334       0

TOTAL           Name                               Link     Load   Length     Space
        CLASS   CODE           
                intcodelo                            18       18       5A         0
                intcode                               8        8        6         0
                init                                 72       72        4         0
                reset_vec                             0        0        4         0
                text26                             11D8     11D8       48         0
                text25                             13D8     13D8        2         0
                intcode_body                       1110     1110       66         0
                text23                             13D6     13D6        2         0
                text21                             13A6     13A6       18         0
                text20                             134A     134A       22         0
                text19                             136C     136C       20         0
                text18                             1324     1324       26         0
                text17                             12FC     12FC       28         0
                text16                             13CE     13CE        8         0
                text15                             13C6     13C6        8         0
                text14                             13BE     13BE        8         0
                text13                             12D4     12D4       28         0
                text12                              F4E      F4E       A4         0
                text11                              EAA      EAA       A4         0
                text10                             1088     1088       88         0
                text9                              1176     1176       62         0
                text8                               DE0      DE0       CA         0
                text7                              1262     1262       40         0
                text6                               FF2      FF2       96         0
                text5                               CD4      CD4      10C         0
                text4                               BC0      BC0      114         0
                text3                               982      982      23E         0
                text2                              1220     1220       42         0
                text1                              138C     138C       1A         0
                text0                               668      668      31A         0
                cinit                              12A2     12A2       32         0

        CLASS   CONST          

        CLASS   SMALLCONST     
                smallconst                          600      600       68         0

        CLASS   MEDIUMCONST    

        CLASS   COMRAM         
                temp                                 68       68        1         1
                cstackCOMRAM                          1        1       5F         1
                bssCOMRAM                            60       60        8         1

        CLASS   ABS1           

        CLASS   BIGRAM         

        CLASS   RAM            

        CLASS   BANK0          
                bssBANK0                             80       80       20         1

        CLASS   BANK1          
                bssBANK1                            100      100       64         1

        CLASS   BANK2          

        CLASS   BANK3          

        CLASS   BANK4          

        CLASS   BANK5          

        CLASS   SFR            

        CLASS   BIGSFR         

        CLASS   CONFIG         
                config                           300000   300000        E         4

        CLASS   IDLOC          
                idloc                            200000   200000        8         5

        CLASS   EEDATA         

        CLASS   FARRAM         

        CLASS   HEAP           

        CLASS   STACK          



SEGMENTS        Name                           Load    Length   Top    Selector   Space  Class

                reset_vec                      000000  000004  000004         0       0  CODE    
                cstackCOMRAM                   000001  000068  000069         1       1  COMRAM  
                intcode                        000008  000006  00000E         4       0  CODE    
                intcodelo                      000018  00005E  000076         C       0  CODE    
                bssBANK0                       000080  000020  0000A0        80       1  BANK0   
                bssBANK1                       000100  000064  000164       100       1  BANK1   
                smallconst                     000600  000068  000668       300       0  SMALLCON
                text0                          000668  000D72  0013DA       334       0  CODE    


UNUSED ADDRESS RANGES

        Name                Unused          Largest block    Delta
        BANK0            0000A0-0000FF               60
        BANK1            000164-0001FF               9C
        BANK2            000200-0002FF              100
        BANK3            000300-0003FF              100
        BANK4            000400-0004FF              100
        BANK5            000500-0005F3               F4
        BIGRAM           000069-00007F               17
                         0000A0-0000FF               60
                         000164-0005F3              490
        BIGSFR           000F80-000F9B               1C
                         000F9D-000FD3               37
                         000FD5-000FDA                6
                         000FE0-000FE2                3
                         000FE8-000FEA                3
                         000FF0-000FFC                D
        CODE             000004-000007                4
                         00000E-000017                A
                         000076-0005FF              58A
                         0013DA-007DBF             69E6
        COMRAM           000069-00007F               17
        CONST            000004-000007                4
                         00000E-000017                A
                         000076-0005FF              58A
                         0013DA-007DBF             69E6
        EEDATA           F00000-F000FF              100
        MEDIUMCONST      0013DA-007DBF             69E6
        RAM              0000A0-0000FF               60
                         000164-0005F3              100
        SFR              000F80-000F9B               1C
                         000F9D-000FD3               37
                         000FD5-000FDA                6
                         000FE0-000FE2                3
                         000FE8-000FEA                3
                         000FF0-000FFC                D
        SMALLCONST       0013DA-007DBF              100

                                  Symbol Table

?___lldiv                          cstackCOMRAM 00000F
?___llmod                          cstackCOMRAM 00000F
?_printf                           cstackCOMRAM 000049
?_read_prec_or_width               cstackCOMRAM 00000F
?_vfprintf                         cstackCOMRAM 000044
Lo_ISR@value                       cstackCOMRAM 00000D
MyusartRead@data                   cstackCOMRAM 000002
_ADCON0bits                        (abs)        000FC2
_ADCON1bits                        (abs)        000FC1
_ADCON2bits                        (abs)        000FC0
_ADRESH                            (abs)        000FC4
_ADRESL                            (abs)        000FC3
_BAUDCONbits                       (abs)        000FB8
_CREN                              (abs)        007D5C
_H_ISR                             intcode      000008
_I2C_Initialize                    text21       0013A6
_INTCONbits                        (abs)        000FF2
_IPR1bits                          (abs)        000F9F
_Initialize                        text19       00136C
_Lo_ISR                            intcodelo    000018
_MyusartRead                       text26       0011D8
_OSCCONbits                        (abs)        000FD3
_PIE1bits                          (abs)        000F9D
_PIR1bits                          (abs)        000F9E
_RCIF                              (abs)        007CF5
_RCONbits                          (abs)        000FD0
_RCREG                             (abs)        000FAE
_RCSTAbits                         (abs)        000FAB
_SPBRG                             (abs)        000FAF
_SSPADD                            (abs)        000FC8
_SSPBUF                            (abs)        000FC9
_SSPCON1bits                       (abs)        000FC6
_SSPCON2                           (abs)        000FC5
_SSPCON2bits                       (abs)        000FC5
_SSPSTATbits                       (abs)        000FC7
_TRISAbits                         (abs)        000F92
_TRISB                             (abs)        000F93
_TRISCbits                         (abs)        000F94
_TXREG                             (abs)        000FAD
_TXSTAbits                         (abs)        000FAC
_UART_Initialize                   text20       00134A
__HRAM                             (abs)        000000
__H__absolute__                    __absolute__ 000000
__Habs1                            abs1         000000
__Hbank0                           bank0        000000
__Hbank1                           bank1        000000
__Hbank2                           bank2        000000
__Hbank3                           bank3        000000
__Hbank4                           bank4        000000
__Hbank5                           bank5        000000
__Hbigbss                          bigbss       000000
__Hbigdata                         bigdata      000000
__Hbigram                          bigram       000000
__Hbigsfr                          bigsfr       000000
__Hbss                             bss          000000
__HbssBANK0                        bssBANK0     000000
__HbssBANK1                        bssBANK1     000000
__HbssCOMRAM                       bssCOMRAM    000000
__Hcinit                           cinit        000000
__Hclrtext                         clrtext      000000
__Hcomram                          comram       000000
__Hconfig                          config       30000E
__Hconst                           const        000000
__HcstackCOMRAM                    cstackCOMRAM 000000
__Hdata                            data         000000
__Heeprom_data                     eeprom_data  000000
__Hfarbss                          farbss       000000
__Hfardata                         fardata      000000
__Hheap                            heap         000000
__Hibigdata                        ibigdata     000000
__Hidata                           idata        000000
__Hidloc                           idloc        200008
__Hifardata                        ifardata     000000
__Hinit                            init         000076
__Hintcode                         intcode      00000E
__Hintcode_body                    intcode_body 000000
__Hintcodelo                       intcodelo    000072
__Hintentry                        intentry     000000
__Hintret                          intret       000000
__Hintsave_regs                    intsave_regs 000000
__Hirdata                          irdata       000000
__Hmediumconst                     mediumconst  000000
__HnvFARRAM                        nvFARRAM     000000
__Hnvbit                           nvbit        000000
__Hnvrram                          nvrram       000000
__Hparam                           rparam       000000
__Hpowerup                         powerup      000000
__Hram                             ram          000000
__Hramtop                          ramtop       000600
__Hrbit                            rbit         000000
__Hrbss                            rbss         000000
__Hrdata                           rdata        000000
__Hreset_vec                       reset_vec    000004
__Hrparam                          rparam       000000
__Hsfr                             sfr          000000
__Hsivt_hi                         sivt_hi      000000
__Hsivt_lo                         sivt_lo      000072
__Hsmallconst                      smallconst   000668
__Hspace_0                         (abs)        0013DA
__Hspace_1                         (abs)        000164
__Hspace_2                         (abs)        000000
__Hspace_4                         (abs)        60000E
__Hstack                           stack        000000
__Hstruct                          struct       000000
__Htemp                            temp         000069
__Htext                            text         000000
__Htext0                           text0        000000
__Htext1                           text1        000000
__Htext10                          text10       000000
__Htext11                          text11       000000
__Htext12                          text12       000000
__Htext13                          text13       000000
__Htext14                          text14       000000
__Htext15                          text15       000000
__Htext16                          text16       000000
__Htext17                          text17       000000
__Htext18                          text18       000000
__Htext19                          text19       000000
__Htext2                           text2        000000
__Htext20                          text20       000000
__Htext21                          text21       000000
__Htext23                          text23       000000
__Htext25                          text25       000000
__Htext26                          text26       000000
__Htext3                           text3        000000
__Htext4                           text4        000000
__Htext5                           text5        000000
__Htext6                           text6        000000
__Htext7                           text7        000000
__Htext8                           text8        000000
__Htext9                           text9        000000
__LRAM                             (abs)        000001
__L__absolute__                    __absolute__ 000000
__Labs1                            abs1         000000
__Lbank0                           bank0        000000
__Lbank1                           bank1        000000
__Lbank2                           bank2        000000
__Lbank3                           bank3        000000
__Lbank4                           bank4        000000
__Lbank5                           bank5        000000
__Lbigbss                          bigbss       000000
__Lbigdata                         bigdata      000000
__Lbigram                          bigram       000000
__Lbigsfr                          bigsfr       000000
__Lbss                             bss          000000
__LbssBANK0                        bssBANK0     000000
__LbssBANK1                        bssBANK1     000000
__LbssCOMRAM                       bssCOMRAM    000000
__Lcinit                           cinit        000000
__Lclrtext                         clrtext      000000
__Lcomram                          comram       000000
__Lconfig                          config       000000
__Lconst                           const        000000
__LcstackCOMRAM                    cstackCOMRAM 000000
__Ldata                            data         000000
__Leeprom_data                     eeprom_data  000000
__Lfarbss                          farbss       000000
__Lfardata                         fardata      000000
__Lheap                            heap         000000
__Libigdata                        ibigdata     000000
__Lidata                           idata        000000
__Lidloc                           idloc        000000
__Lifardata                        ifardata     000000
__Linit                            init         000072
__Lintcode                         intcode      000008
__Lintcode_body                    intcode_body 000000
__Lintcodelo                       intcodelo    000018
__Lintentry                        intentry     000000
__Lintret                          intret       000000
__Lintsave_regs                    intsave_regs 000000
__Lirdata                          irdata       000000
__Lmediumconst                     mediumconst  000000
__LnvFARRAM                        nvFARRAM     000000
__Lnvbit                           nvbit        000000
__Lnvrram                          nvrram       000000
__Lparam                           rparam       000000
__Lpowerup                         powerup      000000
__Lram                             ram          000000
__Lramtop                          ramtop       000600
__Lrbit                            rbit         000000
__Lrbss                            rbss         000000
__Lrdata                           rdata        000000
__Lreset_vec                       reset_vec    000000
__Lrparam                          rparam       000000
__Lsfr                             sfr          000000
__Lsivt_hi                         sivt_hi      000000
__Lsivt_lo                         sivt_lo      000072
__Lsmallconst                      smallconst   000600
__Lspace_0                         (abs)        000000
__Lspace_1                         (abs)        000000
__Lspace_2                         (abs)        000000
__Lspace_4                         (abs)        000000
__Lstack                           stack        000000
__Lstruct                          struct       000000
__Ltemp                            temp         000068
__Ltext                            text         000000
__Ltext0                           text0        000000
__Ltext1                           text1        000000
__Ltext10                          text10       000000
__Ltext11                          text11       000000
__Ltext12                          text12       000000
__Ltext13                          text13       000000
__Ltext14                          text14       000000
__Ltext15                          text15       000000
__Ltext16                          text16       000000
__Ltext17                          text17       000000
__Ltext18                          text18       000000
__Ltext19                          text19       000000
__Ltext2                           text2        000000
__Ltext20                          text20       000000
__Ltext21                          text21       000000
__Ltext23                          text23       000000
__Ltext25                          text25       000000
__Ltext26                          text26       000000
__Ltext3                           text3        000000
__Ltext4                           text4        000000
__Ltext5                           text5        000000
__Ltext6                           text6        000000
__Ltext7                           text7        000000
__Ltext8                           text8        000000
__Ltext9                           text9        000000
__S0                               (abs)        0013DA
__S1                               (abs)        000164
__S4                               (abs)        000000
__S5                               (abs)        000000
___heap_hi                         (abs)        000000
___heap_lo                         (abs)        000000
___inthi_sp                        stack        000000
___inthi_stack_hi                  stack        000000
___inthi_stack_lo                  stack        000000
___intlo_sp                        stack        000000
___intlo_stack_hi                  stack        000000
___intlo_stack_lo                  stack        000000
___lldiv                           text11       000EAA
___lldiv@counter                   cstackCOMRAM 00001B
___lldiv@dividend                  cstackCOMRAM 00000F
___lldiv@divisor                   cstackCOMRAM 000013
___lldiv@quotient                  cstackCOMRAM 000017
___llmod                           text10       001088
___llmod@counter                   cstackCOMRAM 000017
___llmod@dividend                  cstackCOMRAM 00000F
___llmod@divisor                   cstackCOMRAM 000013
___param_bank                      (abs)        000000
___rparam_used                     (abs)        000001
___sp                              stack        000000
___stack_hi                        stack        000000
___stack_lo                        stack        000000
__accesstop                        (abs)        000080
__activetblptr                     (abs)        000002
__end_of_H_ISR                     intcode_body 001176
__end_of_I2C_Initialize            text21       0013BE
__end_of_Initialize                text19       00138C
__end_of_Lo_ISR                    intcodelo    000072
__end_of_MyusartRead               text26       001220
__end_of_UART_Initialize           text20       00136C
__end_of___lldiv                   text11       000F4E
__end_of___llmod                   text10       001110
__end_of__initialization           cinit        0012C6
__end_of_button_pressed            text25       0013DA
__end_of_fputc                     text8        000EAA
__end_of_fputs                     text7        0012A2
__end_of_i2c_is_idle               text18       00134A
__end_of_i2c_read                  text17       001324
__end_of_i2c_rep_start             text16       0013D6
__end_of_i2c_start                 text15       0013CE
__end_of_i2c_stop                  text14       0013C6
__end_of_i2c_write                 text13       0012FC
__end_of_main                      text0        000982
__end_of_pad                       text6        001088
__end_of_printf                    text1        0013A6
__end_of_putch                     text9        0011D8
__end_of_read_prec_or_width        text12       000FF2
__end_of_utoa                      text5        000DE0
__end_of_variable_register_changed text23       0013D8
__end_of_vfpfcnvrt                 text3        000BC0
__end_of_vfprintf                  text2        001262
__end_of_xtoa                      text4        000CD4
__initialization                   cinit        0012A2
__mediumconst                      smallconst   000600
__pbssBANK0                        bssBANK0     000080
__pbssBANK1                        bssBANK1     000100
__pbssCOMRAM                       bssCOMRAM    000060
__pcinit                           cinit        0012A2
__pcstackCOMRAM                    cstackCOMRAM 000001
__pintcode                         intcode      000008
__pintcode_body                    intcode_body 001110
__pintcodelo                       intcodelo    000018
__psmallconst                      smallconst   000600
__ptext0                           text0        000668
__ptext1                           text1        00138C
__ptext10                          text10       001088
__ptext11                          text11       000EAA
__ptext12                          text12       000F4E
__ptext13                          text13       0012D4
__ptext14                          text14       0013BE
__ptext15                          text15       0013C6
__ptext16                          text16       0013CE
__ptext17                          text17       0012FC
__ptext18                          text18       001324
__ptext19                          text19       00136C
__ptext2                           text2        001220
__ptext20                          text20       00134A
__ptext21                          text21       0013A6
__ptext23                          text23       0013D6
__ptext25                          text25       0013D8
__ptext26                          text26       0011D8
__ptext3                           text3        000982
__ptext4                           text4        000BC0
__ptext5                           text5        000CD4
__ptext6                           text6        000FF2
__ptext7                           text7        001262
__ptext8                           text8        000DE0
__ptext9                           text9        001176
__ramtop                           ramtop       000600
__smallconst                       smallconst   000600
_btn_interr                        bssCOMRAM    000067
_buffer                            bssBANK1     000100
_buffer_size                       bssCOMRAM    000064
_button_pressed                    text25       0013D8
_dbuf                              bssBANK0     000080
_flags                             bssCOMRAM    000066
_fputc                             text8        000DE0
_fputs                             text7        001262
_i2c_is_idle                       text18       001324
_i2c_read                          text17       0012FC
_i2c_rep_start                     text16       0013CE
_i2c_start                         text15       0013C6
_i2c_stop                          text14       0013BE
_i2c_write                         text13       0012D4
_main                              text0        000668
_pad                               text6        000FF2
_prec                              bssCOMRAM    000062
_printf                            text1        00138C
_putch                             text9        001176
_read_prec_or_width                text12       000F4E
_utoa                              text5        000CD4
_variable_register_changed         text23       0013D6
_vfpfcnvrt                         text3        000982
_vfprintf                          text2        001220
_width                             bssCOMRAM    000060
_xtoa                              text4        000BC0
btemp                              temp         000068
end_of_initialization              cinit        0012C6
fputc@c                            cstackCOMRAM 000010
fputc@fp                           cstackCOMRAM 000012
fputs@c                            cstackCOMRAM 00001C
fputs@fp                           cstackCOMRAM 00001A
fputs@i                            cstackCOMRAM 00001D
fputs@s                            cstackCOMRAM 000019
i2c_read@ack                       cstackCOMRAM 000010
i2c_read@recieve                   cstackCOMRAM 000011
i2c_write@i2c_data                 cstackCOMRAM 000010
int$flags                          temp         000068
int_func                           intcode_body 001110
intlevel0                          text         000000
intlevel1                          text         000000
intlevel2                          text         000000
intlevel3                          text         000000
isa$std                            (abs)        000001
isa$xinst                          (abs)        000000
main@ir                            cstackCOMRAM 00005B
main@part_id                       cstackCOMRAM 00005F
main@rd                            cstackCOMRAM 000059
main@red                           cstackCOMRAM 000054
main@samples                       cstackCOMRAM 00005A
main@wr                            cstackCOMRAM 000058
pad@buf                            cstackCOMRAM 000021
pad@fp                             cstackCOMRAM 00001F
pad@i                              cstackCOMRAM 000025
pad@p                              cstackCOMRAM 000022
printf@ap                          cstackCOMRAM 00004E
printf@fmt                         cstackCOMRAM 000049
putch@data                         cstackCOMRAM 00000F
read_prec_or_width@ap              cstackCOMRAM 000010
read_prec_or_width@c               cstackCOMRAM 000013
read_prec_or_width@fmt             cstackCOMRAM 00000F
read_prec_or_width@n               cstackCOMRAM 000014
stackhi                            (abs)        000000
stacklo                            (abs)        000000
start                              init         000072
start_initialization               cinit        0012A2
ttemp5                             temp         000069
ttemp6                             temp         00006C
ttemp7                             temp         000070
utoa@d                             cstackCOMRAM 000029
utoa@fp                            cstackCOMRAM 000027
utoa@i                             cstackCOMRAM 000030
utoa@p                             cstackCOMRAM 00002D
utoa@w                             cstackCOMRAM 00002E
variable_register_changed@value    cstackCOMRAM 000006
vfpfcnvrt@ap                       cstackCOMRAM 00003A
vfpfcnvrt@c                        cstackCOMRAM 000042
vfpfcnvrt@convarg                  cstackCOMRAM 00003E
vfpfcnvrt@cp                       cstackCOMRAM 000043
vfpfcnvrt@done                     cstackCOMRAM 00003D
vfpfcnvrt@fmt                      cstackCOMRAM 000039
vfpfcnvrt@fp                       cstackCOMRAM 000037
vfprintf@ap                        cstackCOMRAM 000047
vfprintf@cfmt                      cstackCOMRAM 000048
vfprintf@fmt                       cstackCOMRAM 000046
vfprintf@fp                        cstackCOMRAM 000044
wtemp8                             temp         000069
xtoa@c                             cstackCOMRAM 000034
xtoa@d                             cstackCOMRAM 000029
xtoa@fp                            cstackCOMRAM 000027
xtoa@i                             cstackCOMRAM 000035
xtoa@p                             cstackCOMRAM 000031
xtoa@w                             cstackCOMRAM 000032


MODULE INFORMATION

Module		Function		Class		Link	Load	Size
C:\Program Files\Microchip\xc8\v3.00\pic\sources\c99\common\nf_fputc.c
		_fputc         		CODE           	0DE0	0000	202

C:\Program Files\Microchip\xc8\v3.00\pic\sources\c99\common\nf_fputc.c estimated size: 202

C:\Program Files\Microchip\xc8\v3.00\pic\sources\c99\common\printf.c
		_printf        		CODE           	138C	0000	26

C:\Program Files\Microchip\xc8\v3.00\pic\sources\c99\common\printf.c estimated size: 26

C:\Program Files\Microchip\xc8\v3.00\pic\sources\c99\common\llmod.c
		___llmod       		CODE           	1088	0000	136

C:\Program Files\Microchip\xc8\v3.00\pic\sources\c99\common\llmod.c estimated size: 136

C:\Program Files\Microchip\xc8\v3.00\pic\sources\c99\common\__lldiv.c
		___lldiv       		CODE           	0EAA	0000	164

C:\Program Files\Microchip\xc8\v3.00\pic\sources\c99\common\__lldiv.c estimated size: 164

shared
		__initialization		CODE           	12A2	0000	36

shared estimated size: 36

C:\Program Files\Microchip\xc8\v3.00\pic\sources\c99\common\nf_fputs.c
		_fputs         		CODE           	1262	0000	64

C:\Program Files\Microchip\xc8\v3.00\pic\sources\c99\common\nf_fputs.c estimated size: 64

main.c
		_variable_register_changed		CODE           	13D6	0000	2
		_Lo_ISR        		CODE           	0018	0000	90
		_i2c_start     		CODE           	13C6	0000	8
		_MyusartRead   		CODE           	11D8	0000	72
		_button_pressed		CODE           	13D8	0000	2
		_putch         		CODE           	1176	0000	98
		_i2c_rep_start 		CODE           	13CE	0000	8
		_H_ISR         		CODE           	0008	0000	108
		_main          		CODE           	0668	0000	794
		_Initialize    		CODE           	136C	0000	32
		_i2c_write     		CODE           	12D4	0000	40
		_i2c_is_idle   		CODE           	1324	0000	38
		_i2c_stop      		CODE           	13BE	0000	8
		_i2c_read      		CODE           	12FC	0000	40
		_UART_Initialize		CODE           	134A	0000	34
		_I2C_Initialize		CODE           	13A6	0000	24

main.c estimated size: 1398

C:\Program Files\Microchip\xc8\v3.00\pic\sources\c99\common\doprnt.c
		_read_prec_or_width		CODE           	0F4E	0000	164
		_vfpfcnvrt     		CODE           	0982	0000	574
		_pad           		CODE           	0FF2	0000	150
		_vfprintf      		CODE           	1220	0000	66
		_utoa          		CODE           	0CD4	0000	268
		_xtoa          		CODE           	0BC0	0000	276

C:\Program Files\Microchip\xc8\v3.00\pic\sources\c99\common\doprnt.c estimated size: 1498

