Microchip MPLAB XC8 Compiler V3.00

Linker command line:

-W-3 \
  --edf=C:\Program Files\Microchip\xc8\v3.00\pic\dat\20241204225717_en.msgs \
  -cn -h+dist/default/debug\final2023.X.debug.sym \
  --cmf=dist/default/debug\final2023.X.debug.cmf -z -Q18F4520 \
  -oC:\Users\bryan\AppData\Local\Temp\xcAssro.\driver_tmp_3.o \
  --defsym=__MPLAB_BUILD=1 --fixupoverflow=error \
  -Mdist/default/debug/final2023.X.debug.map \
  --md=C:\Users\bryan\AppData\Local\Temp\xcAssro.\driver_tmp_0.dat -E1 \
  -ver=XC8 Compiler -ACODE=00h-07DBFh -ACONST=00h-07DBFh \
  -ASMALLCONST=0600h-06FFhx119,07D00h-07DBFh -AMEDIUMCONST=0600h-07DBFh \
  -ACOMRAM=01h-07Fh -AABS1=00h-05F3h -ABIGRAM=01h-05F3h \
  -ARAM=080h-0FFh,0100h-01FFhx4,0500h-05F3h -ABANK0=080h-0FFh \
  -ABANK1=0100h-01FFh -ABANK2=0200h-02FFh -ABANK3=0300h-03FFh \
  -ABANK4=0400h-04FFh -ABANK5=0500h-05F3h \
  -ASFR=0F80h-0F9Bh,0F9Dh-0FD3h,0FD5h-0FDAh,0FE0h-0FE2h,0FE8h-0FEAh,0FF0h-0FFCh \
  -ABIGSFR=0F80h-0F9Bh,0F9Dh-0FD3h,0FD5h-0FDAh,0FE0h-0FE2h,0FE8h-0FEAh,0FF0h-0FFCh \
  -ACONFIG=0300000h-030000Dh -AIDLOC=0200000h-0200007h \
  -AEEDATA=0F00000h-0F000FFh -peeprom_data=EEDATA \
  -preset_vec=00h,intcode=8h,intcodelo=18h,sivt_lo,sivt_hi=CODE \
  -ppowerup=CODE,init -pramtop=0600h -psmallconst=SMALLCONST \
  -pmediumconst=MEDIUMCONST -pconst=CONST -AFARRAM=00h-00h \
  -prdata=COMRAM,nvrram=COMRAM,nvbit=COMRAM,rbss=COMRAM,rbit=COMRAM \
  -pfarbss=FARRAM,fardata=FARRAM,nvFARRAM=FARRAM \
  -pintsave_regs=BIGRAM,bigbss=BIGRAM,bigdata=BIGRAM -pbss=RAM \
  -pidata=CODE,irdata=CODE,ibigdata=CODE,ifardata=CODE -prparam=COMRAM \
  C:\Users\bryan\AppData\Local\Temp\xcAssro.\driver_tmp_14.o \
  dist/default/debug\final2023.X.debug.o 

Object code version is 3.11

Machine type is 18F4520



                Name                               Link     Load   Length Selector   Space Scale
C:\Users\bryan\AppData\Local\Temp\xcAssro.\driver_tmp_14.o
                idloc                            200000   200000        8        0       5
                config                           300000   300000        E        0       4
                init                                12E      12E        4        C       0
                reset_vec                             0        0        4        0       0
dist/default/debug\final2023.X.debug.o
                intcodelo                            18       18      116        C       0
                intcode                               8        8        6        4       0
                idloc                            200000   200000        8        0       5
                config                           300000   300000        E        0       4
                temp                                 79       79        1        1       1
                smallconst                          600      600       16      300       0
                text63                             4BE8     4BE8       62      30B       0
                text62                             4EA2     4EA2       50      30B       0
                text61                             526E     526E        2      30B       0
                intcode_body                       4AB8     4AB8       68      30B       0
                text59                             526C     526C        2      30B       0
                text58                             526A     526A        2      30B       0
                text57                             5268     5268        2      30B       0
                text56                             5266     5266        2      30B       0
                text55                             3ABC     3ABC      1B4      30B       0
                text54                             2F98     2F98      390      30B       0
                text53                             47BA     47BA       AA      30B       0
                text52                             4276     4276      104      30B       0
                text51                             27E0     27E0      426      30B       0
                text50                             5166     5166       38      30B       0
                text49                             1F02     1F02      4B6      30B       0
                text48                             5060     5060       46      30B       0
                text47                             4170     4170      106      30B       0
                text46                             447A     447A       FE      30B       0
                text45                             353E     353E      212      30B       0
                text44                             4D56     4D56       56      30B       0
                text43                             4E52     4E52       50      30B       0
                text42                             4B86     4B86       62      30B       0
                text41                             4644     4644       CA      30B       0
                text40                             50A6     50A6       44      30B       0
                text39                             4A4A     4A4A       6E      30B       0
                text38                             4DAC     4DAC       54      30B       0
                text37                             1078     1078      9D2      30B       0
                text36                             3C70     3C70      1B0      30B       0
                text35                             5018     5018       48      30B       0
                text34                             522A     522A       20      30B       0
                text33                             5256     5256        C      30B       0
                text32                             48EE     48EE       7C      30B       0
                text30                             50EA     50EA       42      30B       0
                text29                             4D00     4D00       56      30B       0
                text28                             49DC     49DC       6E      30B       0
                text27                             5208     5208       22      30B       0
                text26                             51E6     51E6       22      30B       0
                text25                             51C2     51C2       24      30B       0
                text24                             3750     3750      1B8      30B       0
                text23                             3F4A     3F4A      11E      30B       0
                text22                             2C06     2C06      392      30B       0
                text21                             470E     470E       AC      30B       0
                text20                             3E20     3E20      12A      30B       0
                text19                             23B8     23B8      428      30B       0
                text18                             512C     512C       3A      30B       0
                text17                             1A4A     1A4A      4B8      30B       0
                text16                             4FD0     4FD0       48      30B       0
                text15                             4068     4068      108      30B       0
                text14                             437A     437A      100      30B       0
                text13                             3328     3328      216      30B       0
                text12                             4CA8     4CA8       58      30B       0
                text11                             4E00     4E00       52      30B       0
                text10                             4B20     4B20       66      30B       0
                text9                              4578     4578       CC      30B       0
                text8                              4F88     4F88       48      30B       0
                text7                              496A     496A       72      30B       0
                text6                               616      616      A62      30B       0
                text5                              3908     3908      1B4      30B       0
                text4                              4F3E     4F3E       4A      30B       0
                text3                              519E     519E       24      30B       0
                text2                              524A     524A        C      30B       0
                text1                              4864     4864       8A      30B       0
                text0                              4EF2     4EF2       4C      30B       0
                cstackCOMRAM                          1        1       72        1       1
                cstackBANK0                          80       80       45       80       1
                cstackBANK1                         100      100       64      100       1
                cstackBANK2                         264      264       64      200       1
                bssBANK2                            200      200       64      200       1
                bssBANK1                            164      164       50      100       1
                dataBANK0                            D5       D5        4       80       1
                bssBANK0                             C5       C5       10       80       1
                bssCOMRAM                            73       73        6        1       1
                cinit                              4C4A     4C4A       5E      30B       0
                idataBANK0                         5262     5262        4      30B       0

TOTAL           Name                               Link     Load   Length     Space
        CLASS   CODE           
                intcodelo                            18       18      116         0
                intcode                               8        8        6         0
                init                                12E      12E        4         0
                reset_vec                             0        0        4         0
                text63                             4BE8     4BE8       62         0
                text62                             4EA2     4EA2       50         0
                text61                             526E     526E        2         0
                intcode_body                       4AB8     4AB8       68         0
                text59                             526C     526C        2         0
                text58                             526A     526A        2         0
                text57                             5268     5268        2         0
                text56                             5266     5266        2         0
                text55                             3ABC     3ABC      1B4         0
                text54                             2F98     2F98      390         0
                text53                             47BA     47BA       AA         0
                text52                             4276     4276      104         0
                text51                             27E0     27E0      426         0
                text50                             5166     5166       38         0
                text49                             1F02     1F02      4B6         0
                text48                             5060     5060       46         0
                text47                             4170     4170      106         0
                text46                             447A     447A       FE         0
                text45                             353E     353E      212         0
                text44                             4D56     4D56       56         0
                text43                             4E52     4E52       50         0
                text42                             4B86     4B86       62         0
                text41                             4644     4644       CA         0
                text40                             50A6     50A6       44         0
                text39                             4A4A     4A4A       6E         0
                text38                             4DAC     4DAC       54         0
                text37                             1078     1078      9D2         0
                text36                             3C70     3C70      1B0         0
                text35                             5018     5018       48         0
                text34                             522A     522A       20         0
                text33                             5256     5256        C         0
                text32                             48EE     48EE       7C         0
                text30                             50EA     50EA       42         0
                text29                             4D00     4D00       56         0
                text28                             49DC     49DC       6E         0
                text27                             5208     5208       22         0
                text26                             51E6     51E6       22         0
                text25                             51C2     51C2       24         0
                text24                             3750     3750      1B8         0
                text23                             3F4A     3F4A      11E         0
                text22                             2C06     2C06      392         0
                text21                             470E     470E       AC         0
                text20                             3E20     3E20      12A         0
                text19                             23B8     23B8      428         0
                text18                             512C     512C       3A         0
                text17                             1A4A     1A4A      4B8         0
                text16                             4FD0     4FD0       48         0
                text15                             4068     4068      108         0
                text14                             437A     437A      100         0
                text13                             3328     3328      216         0
                text12                             4CA8     4CA8       58         0
                text11                             4E00     4E00       52         0
                text10                             4B20     4B20       66         0
                text9                              4578     4578       CC         0
                text8                              4F88     4F88       48         0
                text7                              496A     496A       72         0
                text6                               616      616      A62         0
                text5                              3908     3908      1B4         0
                text4                              4F3E     4F3E       4A         0
                text3                              519E     519E       24         0
                text2                              524A     524A        C         0
                text1                              4864     4864       8A         0
                text0                              4EF2     4EF2       4C         0
                cinit                              4C4A     4C4A       5E         0
                idataBANK0                         5262     5262        4         0

        CLASS   CONST          

        CLASS   SMALLCONST     
                smallconst                          600      600       16         0

        CLASS   MEDIUMCONST    

        CLASS   COMRAM         
                temp                                 79       79        1         1
                cstackCOMRAM                          1        1       72         1
                bssCOMRAM                            73       73        6         1

        CLASS   ABS1           

        CLASS   BIGRAM         

        CLASS   RAM            

        CLASS   BANK0          
                cstackBANK0                          80       80       45         1
                dataBANK0                            D5       D5        4         1
                bssBANK0                             C5       C5       10         1

        CLASS   BANK1          
                cstackBANK1                         100      100       64         1
                bssBANK1                            164      164       50         1

        CLASS   BANK2          
                cstackBANK2                         264      264       64         1
                bssBANK2                            200      200       64         1

        CLASS   BANK3          

        CLASS   BANK4          

        CLASS   BANK5          

        CLASS   SFR            

        CLASS   BIGSFR         

        CLASS   CONFIG         
                config                           300000   300000        E         4

        CLASS   IDLOC          
                idloc                            200000   200000        8         5

        CLASS   EEDATA         

        CLASS   FARRAM         

        CLASS   HEAP           

        CLASS   STACK          



SEGMENTS        Name                           Load    Length   Top    Selector   Space  Class

                reset_vec                      000000  000004  000004         0       0  CODE    
                cstackCOMRAM                   000001  000079  00007A         1       1  COMRAM  
                intcode                        000008  000006  00000E         4       0  CODE    
                intcodelo                      000018  00011A  000132         C       0  CODE    
                cstackBANK0                    000080  000059  0000D9        80       1  BANK0   
                cstackBANK1                    000100  0000B4  0001B4       100       1  BANK1   
                bssBANK2                       000200  0000C8  0002C8       200       1  BANK2   
                smallconst                     000600  000016  000616       300       0  SMALLCON
                text6                          000616  004C5A  005270       30B       0  CODE    


UNUSED ADDRESS RANGES

        Name                Unused          Largest block    Delta
        BANK0            0000D9-0000FF               27
        BANK1            0001B4-0001FF               4C
        BANK2            0002C8-0002FF               38
        BANK3            000300-0003FF              100
        BANK4            000400-0004FF              100
        BANK5            000500-0005F3               F4
        BIGRAM           00007A-00007F                6
                         0000D9-0000FF               27
                         0001B4-0001FF               4C
                         0002C8-0005F3              32C
        BIGSFR           000F80-000F9B               1C
                         000F9D-000FD3               37
                         000FD5-000FDA                6
                         000FE0-000FE2                3
                         000FE8-000FEA                3
                         000FF0-000FFC                D
        CODE             000004-000007                4
                         00000E-000017                A
                         000132-0005FF              4CE
                         005270-007DBF             2B50
        COMRAM           00007A-00007F                6
        CONST            000004-000007                4
                         00000E-000017                A
                         000132-0005FF              4CE
                         005270-007DBF             2B50
        EEDATA           F00000-F000FF              100
        MEDIUMCONST      005270-007DBF             2B50
        RAM              0000D9-0000FF               27
                         0001B4-0001FF               4C
                         0002C8-0005F3              100
        SFR              000F80-000F9B               1C
                         000F9D-000FD3               37
                         000FD5-000FDA                6
                         000FE0-000FE2                3
                         000FE8-000FEA                3
                         000FF0-000FFC                D
        SMALLCONST       005270-007DBF              100

                                  Symbol Table

?_GetString                        cstackBANK0  0000AF
?___fladd                          cstackBANK0  0000A7
?___fldiv                          cstackBANK0  0000A7
?___flmul                          cstackBANK0  0000A7
?___flneg                          cstackBANK0  0000A7
?___flsub                          cstackBANK1  000100
?___fltol                          cstackBANK0  0000A7
?___fpclassifyf                    cstackBANK0  0000A7
?___xxtofl                         cstackBANK0  0000AF
?_atoi                             cstackBANK0  0000A7
?_floorf                           cstackBANK0  0000C0
?_labs                             cstackBANK0  0000A7
?_printf                           cstackBANK1  000157
?_vfprintf                         cstackBANK1  000152
?i1___fladd                        cstackCOMRAM 000007
?i1___fldiv                        cstackCOMRAM 000007
?i1___flmul                        cstackCOMRAM 000007
?i1___flneg                        cstackCOMRAM 000007
?i1___flsub                        cstackCOMRAM 000020
?i1___fltol                        cstackCOMRAM 000007
?i1___fpclassifyf                  cstackCOMRAM 000007
?i1___xxtofl                       cstackCOMRAM 000007
?i1_floorf                         cstackCOMRAM 000020
?i1_labs                           cstackCOMRAM 000007
?i1_printf                         cstackBANK0  00008B
?i1_vfprintf                       cstackBANK0  000086
ClearBuffer@i                      cstackBANK0  0000A7
GetString@str                      cstackBANK0  0000AF
Lo_ISR@value                       cstackBANK0  0000A5
MyusartRead@data                   cstackCOMRAM 000003
_ADCON0bits                        (abs)        000FC2
_ADCON1bits                        (abs)        000FC1
_ADCON2bits                        (abs)        000FC0
_ADC_Initialize                    text27       005208
_ADRESH                            (abs)        000FC4
_ADRESL                            (abs)        000FC3
_BAUDCONbits                       (abs)        000FB8
_CCP1CONbits                       (abs)        000FBD
_CCPR1L                            (abs)        000FBE
_CREN                              (abs)        007D5C
_ClearBuffer                       text30       0050EA
_GetString                         text28       0049DC
_H_ISR                             intcode      000008
_INTCON2bits                       (abs)        000FF1
_INTCONbits                        (abs)        000FF2
_IPR1bits                          (abs)        000F9F
_IPR2bits                          (abs)        000FA2
_Initialize                        text25       0051C2
_LATC                              (abs)        000F8B
_LATD                              (abs)        000F8C
_Lo_ISR                            intcodelo    000018
_MyusartRead                       text62       004EA2
_OSCCONbits                        (abs)        000FD3
_PIE1bits                          (abs)        000F9D
_PIE2bits                          (abs)        000FA0
_PIR1bits                          (abs)        000F9E
_PIR2bits                          (abs)        000FA1
_PR2                               (abs)        000FCB
_RCIF                              (abs)        007CF5
_RCONbits                          (abs)        000FD0
_RCREG                             (abs)        000FAE
_RCSTAbits                         (abs)        000FAB
_SPBRG                             (abs)        000FAF
_T0CONbits                         (abs)        000FD5
_T1CONbits                         (abs)        000FCD
_T2CONbits                         (abs)        000FCA
_T3CONbits                         (abs)        000FB1
_TMR0                              (abs)        000FD6
_TMR1                              (abs)        000FCE
_TMR3                              (abs)        000FB2
_TRISAbits                         (abs)        000F92
_TRISB                             (abs)        000F93
_TRISCbits                         (abs)        000F94
_TRISD                             (abs)        000F95
_TXREG                             (abs)        000FAD
_TXSTAbits                         (abs)        000FAC
_UART_Initialize                   text26       0051E6
__HRAM                             (abs)        000000
__H__absolute__                    __absolute__ 000000
__Habs1                            abs1         000000
__Hbank0                           bank0        000000
__Hbank1                           bank1        000000
__Hbank2                           bank2        000000
__Hbank3                           bank3        000000
__Hbank4                           bank4        000000
__Hbank5                           bank5        000000
__Hbigbss                          bigbss       000000
__Hbigdata                         bigdata      000000
__Hbigram                          bigram       000000
__Hbigsfr                          bigsfr       000000
__Hbss                             bss          000000
__HbssBANK0                        bssBANK0     000000
__HbssBANK1                        bssBANK1     000000
__HbssBANK2                        bssBANK2     000000
__HbssCOMRAM                       bssCOMRAM    000000
__Hcinit                           cinit        000000
__Hclrtext                         clrtext      000000
__Hcomram                          comram       000000
__Hconfig                          config       30000E
__Hconst                           const        000000
__HcstackBANK0                     cstackBANK0  000000
__HcstackBANK1                     cstackBANK1  000000
__HcstackBANK2                     cstackBANK2  000000
__HcstackCOMRAM                    cstackCOMRAM 000000
__Hdata                            data         000000
__HdataBANK0                       dataBANK0    000000
__Heeprom_data                     eeprom_data  000000
__Hfarbss                          farbss       000000
__Hfardata                         fardata      000000
__Hheap                            heap         000000
__Hibigdata                        ibigdata     000000
__Hidata                           idata        000000
__HidataBANK0                      idataBANK0   000000
__Hidloc                           idloc        200008
__Hifardata                        ifardata     000000
__Hinit                            init         000132
__Hintcode                         intcode      00000E
__Hintcode_body                    intcode_body 000000
__Hintcodelo                       intcodelo    00012E
__Hintentry                        intentry     000000
__Hintret                          intret       000000
__Hintsave_regs                    intsave_regs 000000
__Hirdata                          irdata       000000
__Hmediumconst                     mediumconst  000000
__HnvFARRAM                        nvFARRAM     000000
__Hnvbit                           nvbit        000000
__Hnvrram                          nvrram       000000
__Hparam                           rparam       000000
__Hpowerup                         powerup      000000
__Hram                             ram          000000
__Hramtop                          ramtop       000600
__Hrbit                            rbit         000000
__Hrbss                            rbss         000000
__Hrdata                           rdata        000000
__Hreset_vec                       reset_vec    000004
__Hrparam                          rparam       000000
__Hsfr                             sfr          000000
__Hsivt_hi                         sivt_hi      000000
__Hsivt_lo                         sivt_lo      00012E
__Hsmallconst                      smallconst   000616
__Hspace_0                         (abs)        005270
__Hspace_1                         (abs)        0002C8
__Hspace_2                         (abs)        000000
__Hspace_4                         (abs)        60000E
__Hstack                           stack        000000
__Hstruct                          struct       000000
__Htemp                            temp         00007A
__Htext                            text         000000
__Htext0                           text0        000000
__Htext1                           text1        000000
__Htext10                          text10       000000
__Htext11                          text11       000000
__Htext12                          text12       000000
__Htext13                          text13       000000
__Htext14                          text14       000000
__Htext15                          text15       000000
__Htext16                          text16       000000
__Htext17                          text17       000000
__Htext18                          text18       000000
__Htext19                          text19       000000
__Htext2                           text2        000000
__Htext20                          text20       000000
__Htext21                          text21       000000
__Htext22                          text22       000000
__Htext23                          text23       000000
__Htext24                          text24       000000
__Htext25                          text25       000000
__Htext26                          text26       000000
__Htext27                          text27       000000
__Htext28                          text28       000000
__Htext29                          text29       000000
__Htext3                           text3        000000
__Htext30                          text30       000000
__Htext32                          text32       000000
__Htext33                          text33       000000
__Htext34                          text34       000000
__Htext35                          text35       000000
__Htext36                          text36       000000
__Htext37                          text37       000000
__Htext38                          text38       000000
__Htext39                          text39       000000
__Htext4                           text4        000000
__Htext40                          text40       000000
__Htext41                          text41       000000
__Htext42                          text42       000000
__Htext43                          text43       000000
__Htext44                          text44       000000
__Htext45                          text45       000000
__Htext46                          text46       000000
__Htext47                          text47       000000
__Htext48                          text48       000000
__Htext49                          text49       000000
__Htext5                           text5        000000
__Htext50                          text50       000000
__Htext51                          text51       000000
__Htext52                          text52       000000
__Htext53                          text53       000000
__Htext54                          text54       000000
__Htext55                          text55       000000
__Htext56                          text56       000000
__Htext57                          text57       000000
__Htext58                          text58       000000
__Htext59                          text59       000000
__Htext6                           text6        000000
__Htext61                          text61       000000
__Htext62                          text62       000000
__Htext63                          text63       000000
__Htext7                           text7        000000
__Htext8                           text8        000000
__Htext9                           text9        000000
__LRAM                             (abs)        000001
__L__absolute__                    __absolute__ 000000
__Labs1                            abs1         000000
__Lbank0                           bank0        000000
__Lbank1                           bank1        000000
__Lbank2                           bank2        000000
__Lbank3                           bank3        000000
__Lbank4                           bank4        000000
__Lbank5                           bank5        000000
__Lbigbss                          bigbss       000000
__Lbigdata                         bigdata      000000
__Lbigram                          bigram       000000
__Lbigsfr                          bigsfr       000000
__Lbss                             bss          000000
__LbssBANK0                        bssBANK0     000000
__LbssBANK1                        bssBANK1     000000
__LbssBANK2                        bssBANK2     000000
__LbssCOMRAM                       bssCOMRAM    000000
__Lcinit                           cinit        000000
__Lclrtext                         clrtext      000000
__Lcomram                          comram       000000
__Lconfig                          config       000000
__Lconst                           const        000000
__LcstackBANK0                     cstackBANK0  000000
__LcstackBANK1                     cstackBANK1  000000
__LcstackBANK2                     cstackBANK2  000000
__LcstackCOMRAM                    cstackCOMRAM 000000
__Ldata                            data         000000
__LdataBANK0                       dataBANK0    000000
__Leeprom_data                     eeprom_data  000000
__Lfarbss                          farbss       000000
__Lfardata                         fardata      000000
__Lheap                            heap         000000
__Libigdata                        ibigdata     000000
__Lidata                           idata        000000
__LidataBANK0                      idataBANK0   000000
__Lidloc                           idloc        000000
__Lifardata                        ifardata     000000
__Linit                            init         00012E
__Lintcode                         intcode      000008
__Lintcode_body                    intcode_body 000000
__Lintcodelo                       intcodelo    000018
__Lintentry                        intentry     000000
__Lintret                          intret       000000
__Lintsave_regs                    intsave_regs 000000
__Lirdata                          irdata       000000
__Lmediumconst                     mediumconst  000000
__LnvFARRAM                        nvFARRAM     000000
__Lnvbit                           nvbit        000000
__Lnvrram                          nvrram       000000
__Lparam                           rparam       000000
__Lpowerup                         powerup      000000
__Lram                             ram          000000
__Lramtop                          ramtop       000600
__Lrbit                            rbit         000000
__Lrbss                            rbss         000000
__Lrdata                           rdata        000000
__Lreset_vec                       reset_vec    000000
__Lrparam                          rparam       000000
__Lsfr                             sfr          000000
__Lsivt_hi                         sivt_hi      000000
__Lsivt_lo                         sivt_lo      00012E
__Lsmallconst                      smallconst   000600
__Lspace_0                         (abs)        000000
__Lspace_1                         (abs)        000000
__Lspace_2                         (abs)        000000
__Lspace_4                         (abs)        000000
__Lstack                           stack        000000
__Lstruct                          struct       000000
__Ltemp                            temp         000079
__Ltext                            text         000000
__Ltext0                           text0        000000
__Ltext1                           text1        000000
__Ltext10                          text10       000000
__Ltext11                          text11       000000
__Ltext12                          text12       000000
__Ltext13                          text13       000000
__Ltext14                          text14       000000
__Ltext15                          text15       000000
__Ltext16                          text16       000000
__Ltext17                          text17       000000
__Ltext18                          text18       000000
__Ltext19                          text19       000000
__Ltext2                           text2        000000
__Ltext20                          text20       000000
__Ltext21                          text21       000000
__Ltext22                          text22       000000
__Ltext23                          text23       000000
__Ltext24                          text24       000000
__Ltext25                          text25       000000
__Ltext26                          text26       000000
__Ltext27                          text27       000000
__Ltext28                          text28       000000
__Ltext29                          text29       000000
__Ltext3                           text3        000000
__Ltext30                          text30       000000
__Ltext32                          text32       000000
__Ltext33                          text33       000000
__Ltext34                          text34       000000
__Ltext35                          text35       000000
__Ltext36                          text36       000000
__Ltext37                          text37       000000
__Ltext38                          text38       000000
__Ltext39                          text39       000000
__Ltext4                           text4        000000
__Ltext40                          text40       000000
__Ltext41                          text41       000000
__Ltext42                          text42       000000
__Ltext43                          text43       000000
__Ltext44                          text44       000000
__Ltext45                          text45       000000
__Ltext46                          text46       000000
__Ltext47                          text47       000000
__Ltext48                          text48       000000
__Ltext49                          text49       000000
__Ltext5                           text5        000000
__Ltext50                          text50       000000
__Ltext51                          text51       000000
__Ltext52                          text52       000000
__Ltext53                          text53       000000
__Ltext54                          text54       000000
__Ltext55                          text55       000000
__Ltext56                          text56       000000
__Ltext57                          text57       000000
__Ltext58                          text58       000000
__Ltext59                          text59       000000
__Ltext6                           text6        000000
__Ltext61                          text61       000000
__Ltext62                          text62       000000
__Ltext63                          text63       000000
__Ltext7                           text7        000000
__Ltext8                           text8        000000
__Ltext9                           text9        000000
__S0                               (abs)        005270
__S1                               (abs)        0002C8
__S4                               (abs)        000000
__S5                               (abs)        000000
___fladd                           text17       001A4A
___fladd@a                         cstackBANK0  0000AB
___fladd@aexp                      cstackBANK0  0000B4
___fladd@b                         cstackBANK0  0000A7
___fladd@bexp                      cstackBANK0  0000B5
___fladd@grs                       cstackBANK0  0000B6
___fladd@signs                     cstackBANK0  0000B3
___fldiv                           text22       002C06
___fldiv@a                         cstackBANK0  0000AB
___fldiv@aexp                      cstackBANK0  0000BF
___fldiv@b                         cstackBANK0  0000A7
___fldiv@bexp                      cstackBANK0  0000BE
___fldiv@grs                       cstackBANK0  0000BA
___fldiv@new_exp                   cstackBANK0  0000B8
___fldiv@rem                       cstackBANK0  0000B3
___fldiv@sign                      cstackBANK0  0000B7
___fleq                            text21       00470E
___fleq@ff1                        cstackBANK0  0000A7
___fleq@ff2                        cstackBANK0  0000AB
___flge                            text20       003E20
___flge@ff1                        cstackBANK1  000100
___flge@ff2                        cstackBANK1  000104
___flmul                           text19       0023B8
___flmul@a                         cstackBANK0  0000AB
___flmul@aexp                      cstackBANK0  0000B4
___flmul@b                         cstackBANK0  0000A7
___flmul@bexp                      cstackBANK0  0000B9
___flmul@grs                       cstackBANK0  0000B5
___flmul@prod                      cstackBANK0  0000BA
___flmul@sign                      cstackBANK0  0000B3
___flmul@temp                      cstackBANK0  0000BE
___flneg                           text18       00512C
___flneg@f1                        cstackBANK0  0000A7
___flsub                           text16       004FD0
___flsub@a                         cstackBANK1  000104
___flsub@b                         cstackBANK1  000100
___fltol                           text15       004068
___fltol@exp1                      cstackBANK0  0000B0
___fltol@f1                        cstackBANK0  0000A7
___fltol@sign1                     cstackBANK0  0000AF
___fpclassifyf                     text14       00437A
___fpclassifyf@F465                bssBANK0     0000C9
___fpclassifyf@e                   cstackBANK0  0000AF
___fpclassifyf@u                   cstackBANK0  0000B1
___fpclassifyf@x                   cstackBANK0  0000A7
___heap_hi                         (abs)        000000
___heap_lo                         (abs)        000000
___inthi_sp                        stack        000000
___inthi_stack_hi                  stack        000000
___inthi_stack_lo                  stack        000000
___intlo_sp                        stack        000000
___intlo_stack_hi                  stack        000000
___intlo_stack_lo                  stack        000000
___param_bank                      (abs)        000000
___rparam_used                     (abs)        000001
___sp                              stack        000000
___stack_hi                        stack        000000
___stack_lo                        stack        000000
___xxtofl                          text24       003750
___xxtofl@arg                      cstackBANK0  0000B9
___xxtofl@exp                      cstackBANK0  0000B8
___xxtofl@sign                     cstackBANK0  0000B7
___xxtofl@val                      cstackBANK0  0000AF
__accesstop                        (abs)        000080
__activetblptr                     (abs)        000002
__end_of_ADC_Initialize            text27       00522A
__end_of_ClearBuffer               text30       00512C
__end_of_GetString                 text28       004A4A
__end_of_H_ISR                     intcode_body 004B20
__end_of_Initialize                text25       0051E6
__end_of_Lo_ISR                    intcodelo    00012E
__end_of_MyusartRead               text62       004EF2
__end_of_UART_Initialize           text26       005208
__end_of___fladd                   text17       001F02
__end_of___fldiv                   text22       002F98
__end_of___fleq                    text21       0047BA
__end_of___flge                    text20       003F4A
__end_of___flmul                   text19       0027E0
__end_of___flneg                   text18       005166
__end_of___flsub                   text16       005018
__end_of___fltol                   text15       004170
__end_of___fpclassifyf             text14       00447A
__end_of___xxtofl                  text24       003908
__end_of__initialization           cinit        004C9A
__end_of_atoi                      text23       004068
__end_of_button_pressed            text61       005270
__end_of_clear_terminal            text2        005256
__end_of_efgtoa                    text6        001078
__end_of_floorf                    text13       00353E
__end_of_fputc                     text9        004644
__end_of_fputs                     text8        004FD0
__end_of_keyboard_input            text1        0048EE
__end_of_labs                      text12       004D00
__end_of_main                      text0        004F3E
__end_of_memcpy                    text11       004E52
__end_of_pad                       text7        0049DC
__end_of_printf                    text3        0051C2
__end_of_putch                     text10       004B86
__end_of_strcpy                    text29       004D56
__end_of_timer0_interrupted        text59       00526E
__end_of_timer1_interrupted        text58       00526C
__end_of_timer2_interrupted        text57       00526A
__end_of_timer3_interrupted        text56       005268
__end_of_variable_register_changed text32       00496A
__end_of_vfpfcnvrt                 text5        003ABC
__end_of_vfprintf                  text4        004F88
__end_ofi1___fladd                 text49       0023B8
__end_ofi1___fldiv                 text54       003328
__end_ofi1___fleq                  text53       004864
__end_ofi1___flge                  text52       00437A
__end_ofi1___flmul                 text51       002C06
__end_ofi1___flneg                 text50       00519E
__end_ofi1___flsub                 text48       0050A6
__end_ofi1___fltol                 text47       004276
__end_ofi1___fpclassifyf           text46       004578
__end_ofi1___xxtofl                text55       003C70
__end_ofi1_clear_terminal          text33       005262
__end_ofi1_efgtoa                  text37       001A4A
__end_ofi1_floorf                  text45       003750
__end_ofi1_fputc                   text41       00470E
__end_ofi1_fputs                   text40       0050EA
__end_ofi1_labs                    text44       004DAC
__end_ofi1_memcpy                  text43       004EA2
__end_ofi1_pad                     text39       004AB8
__end_ofi1_printf                  text34       00524A
__end_ofi1_putch                   text42       004BE8
__end_ofi1_strcpy                  text38       004E00
__end_ofi1_vfpfcnvrt               text36       003E20
__end_ofi1_vfprintf                text35       005060
__end_ofi2_putch                   text63       004C4A
__initialization                   cinit        004C4A
__mediumconst                      smallconst   000600
__pbssBANK0                        bssBANK0     0000C5
__pbssBANK1                        bssBANK1     000164
__pbssBANK2                        bssBANK2     000200
__pbssCOMRAM                       bssCOMRAM    000073
__pcinit                           cinit        004C4A
__pcstackBANK0                     cstackBANK0  000080
__pcstackBANK1                     cstackBANK1  000100
__pcstackBANK2                     cstackBANK2  000264
__pcstackCOMRAM                    cstackCOMRAM 000001
__pdataBANK0                       dataBANK0    0000D5
__pidataBANK0                      idataBANK0   005262
__pintcode                         intcode      000008
__pintcode_body                    intcode_body 004AB8
__pintcodelo                       intcodelo    000018
__psmallconst                      smallconst   000600
__ptext0                           text0        004EF2
__ptext1                           text1        004864
__ptext10                          text10       004B20
__ptext11                          text11       004E00
__ptext12                          text12       004CA8
__ptext13                          text13       003328
__ptext14                          text14       00437A
__ptext15                          text15       004068
__ptext16                          text16       004FD0
__ptext17                          text17       001A4A
__ptext18                          text18       00512C
__ptext19                          text19       0023B8
__ptext2                           text2        00524A
__ptext20                          text20       003E20
__ptext21                          text21       00470E
__ptext22                          text22       002C06
__ptext23                          text23       003F4A
__ptext24                          text24       003750
__ptext25                          text25       0051C2
__ptext26                          text26       0051E6
__ptext27                          text27       005208
__ptext28                          text28       0049DC
__ptext29                          text29       004D00
__ptext3                           text3        00519E
__ptext30                          text30       0050EA
__ptext32                          text32       0048EE
__ptext33                          text33       005256
__ptext34                          text34       00522A
__ptext35                          text35       005018
__ptext36                          text36       003C70
__ptext37                          text37       001078
__ptext38                          text38       004DAC
__ptext39                          text39       004A4A
__ptext4                           text4        004F3E
__ptext40                          text40       0050A6
__ptext41                          text41       004644
__ptext42                          text42       004B86
__ptext43                          text43       004E52
__ptext44                          text44       004D56
__ptext45                          text45       00353E
__ptext46                          text46       00447A
__ptext47                          text47       004170
__ptext48                          text48       005060
__ptext49                          text49       001F02
__ptext5                           text5        003908
__ptext50                          text50       005166
__ptext51                          text51       0027E0
__ptext52                          text52       004276
__ptext53                          text53       0047BA
__ptext54                          text54       002F98
__ptext55                          text55       003ABC
__ptext56                          text56       005266
__ptext57                          text57       005268
__ptext58                          text58       00526A
__ptext59                          text59       00526C
__ptext6                           text6        000616
__ptext61                          text61       00526E
__ptext62                          text62       004EA2
__ptext63                          text63       004BE8
__ptext7                           text7        00496A
__ptext8                           text8        004F88
__ptext9                           text9        004578
__ramtop                           ramtop       000600
__smallconst                       smallconst   000600
_atoi                              text23       003F4A
_btn_interr                        bssCOMRAM    000078
_buffer                            bssBANK2     000200
_buffer_size                       bssBANK0     0000D3
_button_pressed                    text61       00526E
_clear_terminal                    text2        00524A
_current_servo_angle               bssBANK0     0000D1
_dbuf                              bssBANK1     000164
_efgtoa                            text6        000616
_efgtoa$1841                       cstackBANK1  00011F
_flags                             bssCOMRAM    000077
_floorf                            text13       003328
_fputc                             text9        004578
_fputs                             text8        004F88
_g_value                           bssBANK0     0000CD
_keyboard_input                    text1        004864
_keyboard_input$2190               cstackBANK1  000160
_labs                              text12       004CA8
_main                              text0        004EF2
_memcpy                            text11       004E00
_pad                               text7        00496A
_prec                              bssCOMRAM    000075
_printf                            text3        00519E
_putch                             text10       004B20
_strcpy                            text29       004D00
_timer0_interrupted                text59       00526C
_timer1_interrupted                text58       00526A
_timer2_interrupted                text57       005268
_timer3_interrupted                text56       005266
_variable_register_changed         text32       0048EE
_variable_register_changed$2431    cstackBANK0  000092
_vfpfcnvrt                         text5        003908
_vfprintf                          text4        004F3E
_width                             bssCOMRAM    000073
_x                                 dataBANK0    0000D5
atoi@n                             cstackBANK0  0000AD
atoi@neg                           cstackBANK0  0000AC
atoi@s                             cstackBANK0  0000A7
btemp                              temp         000079
efgtoa@c                           cstackBANK1  000116
efgtoa@d                           cstackBANK1  000124
efgtoa@e                           cstackBANK1  000128
efgtoa@f                           cstackBANK1  000112
efgtoa@fp                          cstackBANK1  000110
efgtoa@g                           cstackBANK1  00013B
efgtoa@h                           cstackBANK1  000132
efgtoa@i                           cstackBANK1  000130
efgtoa@l                           cstackBANK1  000136
efgtoa@m                           cstackBANK1  000126
efgtoa@mode                        cstackBANK1  000122
efgtoa@n                           cstackBANK1  00013F
efgtoa@ne                          cstackBANK1  000119
efgtoa@nmode                       cstackBANK1  000123
efgtoa@ou                          cstackBANK1  00012C
efgtoa@p                           cstackBANK1  00011B
efgtoa@pp                          cstackBANK1  000121
efgtoa@sign                        cstackBANK1  00013A
efgtoa@t                           cstackBANK1  00011D
efgtoa@u                           cstackBANK1  000141
efgtoa@w                           cstackBANK1  00012A
end_of_initialization              cinit        004C9A
floorf@F521                        bssBANK0     0000C5
floorf@e                           cstackBANK1  00010A
floorf@m                           cstackBANK1  000106
floorf@u                           cstackBANK1  00010C
floorf@x                           cstackBANK0  0000C0
fputc@c                            cstackBANK0  0000A8
fputc@fp                           cstackBANK0  0000AA
fputs@c                            cstackBANK0  0000B5
fputs@fp                           cstackBANK0  0000B3
fputs@i                            cstackBANK0  0000B6
fputs@s                            cstackBANK0  0000B1
i1___fladd                         text49       001F02
i1___fladd@a                       cstackCOMRAM 00000B
i1___fladd@aexp                    cstackCOMRAM 000014
i1___fladd@b                       cstackCOMRAM 000007
i1___fladd@bexp                    cstackCOMRAM 000015
i1___fladd@grs                     cstackCOMRAM 000016
i1___fladd@signs                   cstackCOMRAM 000013
i1___fldiv                         text54       002F98
i1___fldiv@a                       cstackCOMRAM 00000B
i1___fldiv@aexp                    cstackCOMRAM 00001F
i1___fldiv@b                       cstackCOMRAM 000007
i1___fldiv@bexp                    cstackCOMRAM 00001E
i1___fldiv@grs                     cstackCOMRAM 00001A
i1___fldiv@new_exp                 cstackCOMRAM 000018
i1___fldiv@rem                     cstackCOMRAM 000013
i1___fldiv@sign                    cstackCOMRAM 000017
i1___fleq                          text53       0047BA
i1___fleq@ff1                      cstackCOMRAM 000007
i1___fleq@ff2                      cstackCOMRAM 00000B
i1___flge                          text52       004276
i1___flge@ff1                      cstackCOMRAM 000020
i1___flge@ff2                      cstackCOMRAM 000024
i1___flmul                         text51       0027E0
i1___flmul@a                       cstackCOMRAM 00000B
i1___flmul@aexp                    cstackCOMRAM 000014
i1___flmul@b                       cstackCOMRAM 000007
i1___flmul@bexp                    cstackCOMRAM 000015
i1___flmul@grs                     cstackCOMRAM 000016
i1___flmul@prod                    cstackCOMRAM 00001A
i1___flmul@sign                    cstackCOMRAM 000013
i1___flmul@temp                    cstackCOMRAM 00001E
i1___flneg                         text50       005166
i1___flneg@f1                      cstackCOMRAM 000007
i1___flsub                         text48       005060
i1___flsub@a                       cstackCOMRAM 000024
i1___flsub@b                       cstackCOMRAM 000020
i1___fltol                         text47       004170
i1___fltol@exp1                    cstackCOMRAM 000010
i1___fltol@f1                      cstackCOMRAM 000007
i1___fltol@sign1                   cstackCOMRAM 00000F
i1___fpclassifyf                   text46       00447A
i1___fpclassifyf@e                 cstackCOMRAM 00000F
i1___fpclassifyf@u                 cstackCOMRAM 000011
i1___fpclassifyf@x                 cstackCOMRAM 000007
i1___xxtofl                        text55       003ABC
i1___xxtofl@arg                    cstackCOMRAM 000011
i1___xxtofl@exp                    cstackCOMRAM 000010
i1___xxtofl@sign                   cstackCOMRAM 00000F
i1___xxtofl@val                    cstackCOMRAM 000007
i1_clear_terminal                  text33       005256
i1_efgtoa                          text37       001078
i1_efgtoa$1841                     cstackCOMRAM 000043
i1_floorf                          text45       00353E
i1_fputc                           text41       004644
i1_fputs                           text40       0050A6
i1_labs                            text44       004D56
i1_memcpy                          text43       004E52
i1_pad                             text39       004A4A
i1_printf                          text34       00522A
i1_putch                           text42       004B86
i1_strcpy                          text38       004DAC
i1_vfpfcnvrt                       text36       003C70
i1_vfprintf                        text35       005018
i1efgtoa@c                         cstackCOMRAM 00003A
i1efgtoa@d                         cstackCOMRAM 000048
i1efgtoa@e                         cstackCOMRAM 00004C
i1efgtoa@f                         cstackCOMRAM 000036
i1efgtoa@fp                        cstackCOMRAM 000034
i1efgtoa@g                         cstackCOMRAM 00005F
i1efgtoa@h                         cstackCOMRAM 000056
i1efgtoa@i                         cstackCOMRAM 000054
i1efgtoa@l                         cstackCOMRAM 00005A
i1efgtoa@m                         cstackCOMRAM 00004A
i1efgtoa@mode                      cstackCOMRAM 000046
i1efgtoa@n                         cstackCOMRAM 000063
i1efgtoa@ne                        cstackCOMRAM 00003D
i1efgtoa@nmode                     cstackCOMRAM 000047
i1efgtoa@ou                        cstackCOMRAM 000050
i1efgtoa@p                         cstackCOMRAM 00003F
i1efgtoa@pp                        cstackCOMRAM 000045
i1efgtoa@sign                      cstackCOMRAM 00005E
i1efgtoa@t                         cstackCOMRAM 000041
i1efgtoa@u                         cstackCOMRAM 000065
i1efgtoa@w                         cstackCOMRAM 00004E
i1floorf@e                         cstackCOMRAM 00002E
i1floorf@m                         cstackCOMRAM 00002A
i1floorf@u                         cstackCOMRAM 000030
i1floorf@x                         cstackCOMRAM 000020
i1fputc@c                          cstackCOMRAM 000008
i1fputc@fp                         cstackCOMRAM 00000A
i1fputs@c                          cstackCOMRAM 000015
i1fputs@fp                         cstackCOMRAM 000013
i1fputs@i                          cstackCOMRAM 000016
i1fputs@s                          cstackCOMRAM 000011
i1labs@a                           cstackCOMRAM 000007
i1memcpy@d                         cstackCOMRAM 00000E
i1memcpy@d1                        cstackCOMRAM 000007
i1memcpy@n                         cstackCOMRAM 00000B
i1memcpy@s                         cstackCOMRAM 000010
i1memcpy@s1                        cstackCOMRAM 000009
i1memcpy@tmp                       cstackCOMRAM 00000D
i1pad@buf                          cstackCOMRAM 00001A
i1pad@fp                           cstackCOMRAM 000018
i1pad@i                            cstackCOMRAM 00001F
i1pad@p                            cstackCOMRAM 00001C
i1printf@ap                        cstackCOMRAM 000071
i1printf@fmt                       cstackBANK0  00008B
i1putch@data                       cstackCOMRAM 000007
i1strcpy@d                         cstackCOMRAM 00000D
i1strcpy@dest                      cstackCOMRAM 000007
i1strcpy@src                       cstackCOMRAM 000009
i1vfpfcnvrt@ap                     cstackCOMRAM 00006C
i1vfpfcnvrt@c                      cstackBANK0  000084
i1vfpfcnvrt@convarg                cstackBANK0  000080
i1vfpfcnvrt@cp                     cstackBANK0  000085
i1vfpfcnvrt@fmt                    cstackCOMRAM 00006B
i1vfpfcnvrt@fp                     cstackCOMRAM 000069
i1vfprintf@ap                      cstackBANK0  000089
i1vfprintf@cfmt                    cstackCOMRAM 000070
i1vfprintf@fmt                     cstackBANK0  000088
i1vfprintf@fp                      cstackBANK0  000086
i2_putch                           text63       004BE8
i2putch@data                       cstackCOMRAM 000001
int$flags                          temp         000079
int_func                           intcode_body 004AB8
intlevel0                          text         000000
intlevel1                          text         000000
intlevel2                          text         000000
intlevel3                          text         000000
isa$std                            (abs)        000001
isa$xinst                          (abs)        000000
keyboard_input@str                 cstackBANK1  00015E
labs@a                             cstackBANK0  0000A7
main@str                           cstackBANK2  000264
memcpy@d                           cstackBANK0  0000AE
memcpy@d1                          cstackBANK0  0000A7
memcpy@n                           cstackBANK0  0000AB
memcpy@s                           cstackBANK0  0000B0
memcpy@s1                          cstackBANK0  0000A9
memcpy@tmp                         cstackBANK0  0000AD
pad@buf                            cstackBANK0  0000BA
pad@fp                             cstackBANK0  0000B8
pad@i                              cstackBANK0  0000BF
pad@p                              cstackBANK0  0000BC
printf@ap                          cstackBANK1  00015C
printf@fmt                         cstackBANK1  000157
putch@data                         cstackBANK0  0000A7
stackhi                            (abs)        000000
stacklo                            (abs)        000000
start                              init         00012E
start_initialization               cinit        004C4A
strcpy@d                           cstackBANK0  0000AD
strcpy@dest                        cstackBANK0  0000A7
strcpy@src                         cstackBANK0  0000A9
ttemp5                             temp         00007A
ttemp6                             temp         00007D
ttemp7                             temp         000081
variable_register_changed@value    cstackBANK0  000090
vfpfcnvrt@ap                       cstackBANK1  000148
vfpfcnvrt@c                        cstackBANK1  000150
vfpfcnvrt@convarg                  cstackBANK1  00014C
vfpfcnvrt@cp                       cstackBANK1  000151
vfpfcnvrt@fmt                      cstackBANK1  000147
vfpfcnvrt@fp                       cstackBANK1  000145
vfprintf@ap                        cstackBANK1  000155
vfprintf@cfmt                      cstackBANK0  0000C4
vfprintf@fmt                       cstackBANK1  000154
vfprintf@fp                        cstackBANK1  000152
wtemp8                             temp         00007A


MODULE INFORMATION

Module		Function		Class		Link	Load	Size
C:\Program Files\Microchip\xc8\v3.00\pic\sources\c99\common\flge.c
		___flge        		CODE           	3E20	0000	298

C:\Program Files\Microchip\xc8\v3.00\pic\sources\c99\common\flge.c estimated size: 298

C:\Program Files\Microchip\xc8\v3.00\pic\sources\c99\common\nf_fputc.c
		_fputc         		CODE           	4578	0000	204

C:\Program Files\Microchip\xc8\v3.00\pic\sources\c99\common\nf_fputc.c estimated size: 204

C:\Program Files\Microchip\xc8\v3.00\pic\sources\c99\common\memcpy.c
		_memcpy        		CODE           	4E00	0000	82

C:\Program Files\Microchip\xc8\v3.00\pic\sources\c99\common\memcpy.c estimated size: 82

C:\Program Files\Microchip\xc8\v3.00\pic\sources\c99\common\flneg.c
		___flneg       		CODE           	512C	0000	58

C:\Program Files\Microchip\xc8\v3.00\pic\sources\c99\common\flneg.c estimated size: 58

C:\Program Files\Microchip\xc8\v3.00\pic\sources\c99\common\__fpclassifyf.c
		___fpclassifyf 		CODE           	437A	0000	256

C:\Program Files\Microchip\xc8\v3.00\pic\sources\c99\common\__fpclassifyf.c estimated size: 256

3b.c
		_variable_register_changed		CODE           	48EE	0000	124
		_Lo_ISR        		CODE           	0018	0000	278
		_MyusartRead   		CODE           	4EA2	0000	80
		_button_pressed		CODE           	526E	0000	2
		_putch         		CODE           	4B20	0000	102
		_ADC_Initialize		CODE           	5208	0000	34
		_keyboard_input		CODE           	4864	0000	138
		_timer1_interrupted		CODE           	526A	0000	2
		_H_ISR         		CODE           	0008	0000	110
		_main          		CODE           	4EF2	0000	76
		_Initialize    		CODE           	51C2	0000	36
		_clear_terminal		CODE           	524A	0000	12
		_GetString     		CODE           	49DC	0000	110
		_timer2_interrupted		CODE           	5268	0000	2
		_ClearBuffer   		CODE           	50EA	0000	66
		_UART_Initialize		CODE           	51E6	0000	34
		_timer0_interrupted		CODE           	526C	0000	2
		_timer3_interrupted		CODE           	5266	0000	2

3b.c estimated size: 1210

C:\Program Files\Microchip\xc8\v3.00\pic\sources\c99\common\printf.c
		_printf        		CODE           	519E	0000	36

C:\Program Files\Microchip\xc8\v3.00\pic\sources\c99\common\printf.c estimated size: 36

C:\Program Files\Microchip\xc8\v3.00\pic\sources\c99\common\atoi.c
		_atoi          		CODE           	3F4A	0000	286

C:\Program Files\Microchip\xc8\v3.00\pic\sources\c99\common\atoi.c estimated size: 286

C:\Program Files\Microchip\xc8\v3.00\pic\sources\c99\common\floorf.c
		_floorf        		CODE           	3328	0000	534

C:\Program Files\Microchip\xc8\v3.00\pic\sources\c99\common\floorf.c estimated size: 534

C:\Program Files\Microchip\xc8\v3.00\pic\sources\c99\common\fleq.c
		___fleq        		CODE           	470E	0000	172

C:\Program Files\Microchip\xc8\v3.00\pic\sources\c99\common\fleq.c estimated size: 172

C:\Program Files\Microchip\xc8\v3.00\pic\sources\c99\common\sprcmul.c
		___flmul       		CODE           	23B8	0000	1064

C:\Program Files\Microchip\xc8\v3.00\pic\sources\c99\common\sprcmul.c estimated size: 1064

C:\Program Files\Microchip\xc8\v3.00\pic\sources\c99\common\sprcdiv.c
		___fldiv       		CODE           	2C06	0000	914

C:\Program Files\Microchip\xc8\v3.00\pic\sources\c99\common\sprcdiv.c estimated size: 914

shared
		i1_printf      		CODE           	522A	0000	32
		i1_vfpfcnvrt   		CODE           	3C70	0000	432
		i1_pad         		CODE           	4A4A	0000	110
		i1_floorf      		CODE           	353E	0000	530
		i1_labs        		CODE           	4D56	0000	86
		i1_putch       		CODE           	4B86	0000	98
		i1___fleq      		CODE           	47BA	0000	170
		i2_putch       		CODE           	4BE8	0000	98
		i1_vfprintf    		CODE           	5018	0000	72
		i1___flneg     		CODE           	5166	0000	56
		i1_strcpy      		CODE           	4DAC	0000	84
		i1___fladd     		CODE           	1F02	0000	1206
		i1___fldiv     		CODE           	2F98	0000	912
		i1___fltol     		CODE           	4170	0000	262
		__initialization		CODE           	4C4A	0000	80
		i1___flge      		CODE           	4276	0000	260
		i1_clear_terminal		CODE           	5256	0000	12
		i1___flmul     		CODE           	27E0	0000	1062
		i1___xxtofl    		CODE           	3ABC	0000	436
		i1___fpclassifyf		CODE           	447A	0000	254
		i1___flsub     		CODE           	5060	0000	70
		i1_efgtoa      		CODE           	1078	0000	2514
		i1_fputc       		CODE           	4644	0000	202
		i1_fputs       		CODE           	50A6	0000	68
		i1_memcpy      		CODE           	4E52	0000	80

shared estimated size: 9186

C:\Program Files\Microchip\xc8\v3.00\pic\sources\c99\common\xxtofl.c
		___xxtofl      		CODE           	3750	0000	440

C:\Program Files\Microchip\xc8\v3.00\pic\sources\c99\common\xxtofl.c estimated size: 440

C:\Program Files\Microchip\xc8\v3.00\pic\sources\c99\common\nf_fputs.c
		_fputs         		CODE           	4F88	0000	72

C:\Program Files\Microchip\xc8\v3.00\pic\sources\c99\common\nf_fputs.c estimated size: 72

C:\Program Files\Microchip\xc8\v3.00\pic\sources\c99\common\strcpy.c
		_strcpy        		CODE           	4D00	0000	86

C:\Program Files\Microchip\xc8\v3.00\pic\sources\c99\common\strcpy.c estimated size: 86

C:\Program Files\Microchip\xc8\v3.00\pic\sources\c99\common\fltol.c
		___fltol       		CODE           	4068	0000	264

C:\Program Files\Microchip\xc8\v3.00\pic\sources\c99\common\fltol.c estimated size: 264

C:\Program Files\Microchip\xc8\v3.00\pic\sources\c99\common\labs.c
		_labs          		CODE           	4CA8	0000	88

C:\Program Files\Microchip\xc8\v3.00\pic\sources\c99\common\labs.c estimated size: 88

C:\Program Files\Microchip\xc8\v3.00\pic\sources\c99\common\doprnt.c
		_vfpfcnvrt     		CODE           	3908	0000	436
		_efgtoa        		CODE           	0616	0000	2658
		_pad           		CODE           	496A	0000	114
		_vfprintf      		CODE           	4F3E	0000	74

C:\Program Files\Microchip\xc8\v3.00\pic\sources\c99\common\doprnt.c estimated size: 3282

C:\Program Files\Microchip\xc8\v3.00\pic\sources\c99\common\sprcadd.c
		___flsub       		CODE           	4FD0	0000	72
		___fladd       		CODE           	1A4A	0000	1208

C:\Program Files\Microchip\xc8\v3.00\pic\sources\c99\common\sprcadd.c estimated size: 1280

