MPLINK 5.09, LINKER
Linker Map File - Created Wed Nov 26 14:05:21 2025

                                 Section Info
                  Section       Type    Address   Location Size(Bytes)
                ---------  ---------  ---------  ---------  ---------
                   .org_0       code   0x000000    program   0x000004
                   .cinit    romdata   0x000004    program   0x000002
                   .org_1       code   0x000008    program   0x0000a8
                    dbgP0       code   0x007dc0    program   0x000240
.config_300001_BUILD/DEFAULT/DEBUG/BASIC_2.O    romdata   0x300001    program   0x000001
.config_300002_BUILD/DEFAULT/DEBUG/BASIC_2.O    romdata   0x300002    program   0x000001
.config_300003_BUILD/DEFAULT/DEBUG/BASIC_2.O    romdata   0x300003    program   0x000001
.config_300005_BUILD/DEFAULT/DEBUG/BASIC_2.O    romdata   0x300005    program   0x000001
.config_300006_BUILD/DEFAULT/DEBUG/BASIC_2.O    romdata   0x300006    program   0x000001
.config_300008_BUILD/DEFAULT/DEBUG/BASIC_2.O    romdata   0x300008    program   0x000001
.config_300009_BUILD/DEFAULT/DEBUG/BASIC_2.O    romdata   0x300009    program   0x000001
.config_30000A_BUILD/DEFAULT/DEBUG/BASIC_2.O    romdata   0x30000a    program   0x000001
.config_30000B_BUILD/DEFAULT/DEBUG/BASIC_2.O    romdata   0x30000b    program   0x000001
.config_30000C_BUILD/DEFAULT/DEBUG/BASIC_2.O    romdata   0x30000c    program   0x000001
.config_30000D_BUILD/DEFAULT/DEBUG/BASIC_2.O    romdata   0x30000d    program   0x000001
                    dbgD0      udata   0x0005f4       data   0x00000c



                              Program Memory Usage 
                               Start         End      
                           ---------   ---------      
                            0x000000    0x000005      
                            0x000008    0x0000af      
                            0x007dc0    0x007fff      
                            0x300001    0x300003      
                            0x300005    0x300006      
                            0x300008    0x30000d      
            761 out of 33048 program addresses used, program memory utilization is 2%



                              Symbols - Sorted by Name
                     Name    Address   Location    Storage File                     
                ---------  ---------  ---------  --------- ---------                
                      ISR   0x000004    program     static C:\Users\bryan\MPLABXProjects\lab7.X\basic_2.asm
                  Initial   0x00002c    program     static C:\Users\bryan\MPLABXProjects\lab7.X\basic_2.asm
                  _1LOOP1   0x000010    program     static C:\Users\bryan\MPLABXProjects\lab7.X\basic_2.asm
                  _1LOOP2   0x00000c    program     static C:\Users\bryan\MPLABXProjects\lab7.X\basic_2.asm
                  _2LOOP1   0x000064    program     static C:\Users\bryan\MPLABXProjects\lab7.X\basic_2.asm
                  _2LOOP2   0x000060    program     static C:\Users\bryan\MPLABXProjects\lab7.X\basic_2.asm
                  _3LOOP1   0x000090    program     static C:\Users\bryan\MPLABXProjects\lab7.X\basic_2.asm
                  _3LOOP2   0x00008c    program     static C:\Users\bryan\MPLABXProjects\lab7.X\basic_2.asm
                   finish   0x000052    program     static C:\Users\bryan\MPLABXProjects\lab7.X\basic_2.asm
                     loop   0x000044    program     static C:\Users\bryan\MPLABXProjects\lab7.X\basic_2.asm
                     main   0x00003e    program     static C:\Users\bryan\MPLABXProjects\lab7.X\basic_2.asm
          not_interrupted   0x000054    program     static C:\Users\bryan\MPLABXProjects\lab7.X\basic_2.asm
              not_over_15   0x000082    program     static C:\Users\bryan\MPLABXProjects\lab7.X\basic_2.asm
              not_under_0   0x0000ae    program     static C:\Users\bryan\MPLABXProjects\lab7.X\basic_2.asm
                   state1   0x000058    program     static C:\Users\bryan\MPLABXProjects\lab7.X\basic_2.asm
               state1_itr   0x00004c    program     static C:\Users\bryan\MPLABXProjects\lab7.X\basic_2.asm
                   state2   0x000084    program     static C:\Users\bryan\MPLABXProjects\lab7.X\basic_2.asm
               state2_itr   0x000050    program     static C:\Users\bryan\MPLABXProjects\lab7.X\basic_2.asm



                              Symbols - Sorted by Address
                     Name    Address   Location    Storage File                     
                ---------  ---------  ---------  --------- ---------                
                      ISR   0x000004    program     static C:\Users\bryan\MPLABXProjects\lab7.X\basic_2.asm
                  _1LOOP2   0x00000c    program     static C:\Users\bryan\MPLABXProjects\lab7.X\basic_2.asm
                  _1LOOP1   0x000010    program     static C:\Users\bryan\MPLABXProjects\lab7.X\basic_2.asm
                  Initial   0x00002c    program     static C:\Users\bryan\MPLABXProjects\lab7.X\basic_2.asm
                     main   0x00003e    program     static C:\Users\bryan\MPLABXProjects\lab7.X\basic_2.asm
                     loop   0x000044    program     static C:\Users\bryan\MPLABXProjects\lab7.X\basic_2.asm
               state1_itr   0x00004c    program     static C:\Users\bryan\MPLABXProjects\lab7.X\basic_2.asm
               state2_itr   0x000050    program     static C:\Users\bryan\MPLABXProjects\lab7.X\basic_2.asm
                   finish   0x000052    program     static C:\Users\bryan\MPLABXProjects\lab7.X\basic_2.asm
          not_interrupted   0x000054    program     static C:\Users\bryan\MPLABXProjects\lab7.X\basic_2.asm
                   state1   0x000058    program     static C:\Users\bryan\MPLABXProjects\lab7.X\basic_2.asm
                  _2LOOP2   0x000060    program     static C:\Users\bryan\MPLABXProjects\lab7.X\basic_2.asm
                  _2LOOP1   0x000064    program     static C:\Users\bryan\MPLABXProjects\lab7.X\basic_2.asm
              not_over_15   0x000082    program     static C:\Users\bryan\MPLABXProjects\lab7.X\basic_2.asm
                   state2   0x000084    program     static C:\Users\bryan\MPLABXProjects\lab7.X\basic_2.asm
                  _3LOOP2   0x00008c    program     static C:\Users\bryan\MPLABXProjects\lab7.X\basic_2.asm
                  _3LOOP1   0x000090    program     static C:\Users\bryan\MPLABXProjects\lab7.X\basic_2.asm
              not_under_0   0x0000ae    program     static C:\Users\bryan\MPLABXProjects\lab7.X\basic_2.asm


