MPLINK 5.09, LINKER
Linker Map File - Created Thu Sep 25 12:53:09 2025

                                 Section Info
                  Section       Type    Address   Location Size(Bytes)
                ---------  ---------  ---------  ---------  ---------
                   .org_0       code   0x000000    program   0x000128
                   .cinit    romdata   0x000128    program   0x000002
.config_300001_BUILD/DEFAULT/DEBUG/HARD.O    romdata   0x300001    program   0x000001
.config_300003_BUILD/DEFAULT/DEBUG/HARD.O    romdata   0x300003    program   0x000001



                              Program Memory Usage 
                               Start         End      
                           ---------   ---------      
                            0x000000    0x000129      
                            0x300001    0x300001      
                            0x300003    0x300003      
            300 out of 33048 program addresses used, program memory utilization is 0%



                              Symbols - Sorted by Name
                     Name    Address   Location    Storage File                     
                ---------  ---------  ---------  --------- ---------                
               ELSE_BLOCK   0x000084    program     static C:\Users\bryan\MPLABXProjects\lab2.X\hard.asm
             ELSE_BLOCK_1   0x00007c    program     static C:\Users\bryan\MPLABXProjects\lab2.X\hard.asm
             ELSE_BLOCK_2   0x000108    program     static C:\Users\bryan\MPLABXProjects\lab2.X\hard.asm
             ELSE_BLOCK_3   0x0000c6    program     static C:\Users\bryan\MPLABXProjects\lab2.X\hard.asm
                 END_IF_1   0x000080    program     static C:\Users\bryan\MPLABXProjects\lab2.X\hard.asm
                 END_IF_2   0x000128    program     static C:\Users\bryan\MPLABXProjects\lab2.X\hard.asm
                 END_IF_3   0x0000c6    program     static C:\Users\bryan\MPLABXProjects\lab2.X\hard.asm
                 IF_BLOCK   0x00005a    program     static C:\Users\bryan\MPLABXProjects\lab2.X\hard.asm
               IF_BLOCK_1   0x000074    program     static C:\Users\bryan\MPLABXProjects\lab2.X\hard.asm
               IF_BLOCK_2   0x0000a6    program     static C:\Users\bryan\MPLABXProjects\lab2.X\hard.asm
               IF_BLOCK_3   0x0000ba    program     static C:\Users\bryan\MPLABXProjects\lab2.X\hard.asm
               break_loop   0x00008e    program     static C:\Users\bryan\MPLABXProjects\lab2.X\hard.asm
                     loop   0x000030    program     static C:\Users\bryan\MPLABXProjects\lab2.X\hard.asm
                    loop1   0x0000aa    program     static C:\Users\bryan\MPLABXProjects\lab2.X\hard.asm
                    loop2   0x0000b2    program     static C:\Users\bryan\MPLABXProjects\lab2.X\hard.asm
                    loopo   0x000030    program     static C:\Users\bryan\MPLABXProjects\lab2.X\hard.asm



                              Symbols - Sorted by Address
                     Name    Address   Location    Storage File                     
                ---------  ---------  ---------  --------- ---------                
                     loop   0x000030    program     static C:\Users\bryan\MPLABXProjects\lab2.X\hard.asm
                    loopo   0x000030    program     static C:\Users\bryan\MPLABXProjects\lab2.X\hard.asm
                 IF_BLOCK   0x00005a    program     static C:\Users\bryan\MPLABXProjects\lab2.X\hard.asm
               IF_BLOCK_1   0x000074    program     static C:\Users\bryan\MPLABXProjects\lab2.X\hard.asm
             ELSE_BLOCK_1   0x00007c    program     static C:\Users\bryan\MPLABXProjects\lab2.X\hard.asm
                 END_IF_1   0x000080    program     static C:\Users\bryan\MPLABXProjects\lab2.X\hard.asm
               ELSE_BLOCK   0x000084    program     static C:\Users\bryan\MPLABXProjects\lab2.X\hard.asm
               break_loop   0x00008e    program     static C:\Users\bryan\MPLABXProjects\lab2.X\hard.asm
               IF_BLOCK_2   0x0000a6    program     static C:\Users\bryan\MPLABXProjects\lab2.X\hard.asm
                    loop1   0x0000aa    program     static C:\Users\bryan\MPLABXProjects\lab2.X\hard.asm
                    loop2   0x0000b2    program     static C:\Users\bryan\MPLABXProjects\lab2.X\hard.asm
               IF_BLOCK_3   0x0000ba    program     static C:\Users\bryan\MPLABXProjects\lab2.X\hard.asm
             ELSE_BLOCK_3   0x0000c6    program     static C:\Users\bryan\MPLABXProjects\lab2.X\hard.asm
                 END_IF_3   0x0000c6    program     static C:\Users\bryan\MPLABXProjects\lab2.X\hard.asm
             ELSE_BLOCK_2   0x000108    program     static C:\Users\bryan\MPLABXProjects\lab2.X\hard.asm
                 END_IF_2   0x000128    program     static C:\Users\bryan\MPLABXProjects\lab2.X\hard.asm


