Microchip MPLAB XC8 Compiler V3.00

Linker command line:

-W-3 \
  --edf=C:\Program Files\Microchip\xc8\v3.00\pic\dat\20241204225717_en.msgs \
  -cn -h+dist/default/debug\lab10.X.debug.sym \
  --cmf=dist/default/debug\lab10.X.debug.cmf -z -Q18F4520 \
  -oC:\Users\bryan\AppData\Local\Temp\xcAs568.\driver_tmp_3.o \
  --defsym=__MPLAB_BUILD=1 --fixupoverflow=error \
  -Mdist/default/debug/lab10.X.debug.map \
  --md=C:\Users\bryan\AppData\Local\Temp\xcAs568.\driver_tmp_0.dat -E1 \
  -ver=XC8 Compiler -ACODE=00h-07DBFh -ACONST=00h-07DBFh \
  -ASMALLCONST=0600h-06FFhx119,07D00h-07DBFh -AMEDIUMCONST=0600h-07DBFh \
  -ACOMRAM=01h-07Fh -AABS1=00h-05F3h -ABIGRAM=01h-05F3h \
  -ARAM=080h-0FFh,0100h-01FFhx4,0500h-05F3h -ABANK0=080h-0FFh \
  -ABANK1=0100h-01FFh -ABANK2=0200h-02FFh -ABANK3=0300h-03FFh \
  -ABANK4=0400h-04FFh -ABANK5=0500h-05F3h \
  -ASFR=0F80h-0F9Bh,0F9Dh-0FD3h,0FD5h-0FDAh,0FE0h-0FE2h,0FE8h-0FEAh,0FF0h-0FFCh \
  -ABIGSFR=0F80h-0F9Bh,0F9Dh-0FD3h,0FD5h-0FDAh,0FE0h-0FE2h,0FE8h-0FEAh,0FF0h-0FFCh \
  -ACONFIG=0300000h-030000Dh -AIDLOC=0200000h-0200007h \
  -AEEDATA=0F00000h-0F000FFh -peeprom_data=EEDATA \
  -preset_vec=00h,intcode=8h,intcodelo=18h,sivt_lo,sivt_hi=CODE \
  -ppowerup=CODE,init -pramtop=0600h -psmallconst=SMALLCONST \
  -pmediumconst=MEDIUMCONST -pconst=CONST -AFARRAM=00h-00h \
  -prdata=COMRAM,nvrram=COMRAM,nvbit=COMRAM,rbss=COMRAM,rbit=COMRAM \
  -pfarbss=FARRAM,fardata=FARRAM,nvFARRAM=FARRAM \
  -pintsave_regs=BIGRAM,bigbss=BIGRAM,bigdata=BIGRAM -pbss=RAM \
  -pidata=CODE,irdata=CODE,ibigdata=CODE,ifardata=CODE -prparam=COMRAM \
  C:\Users\bryan\AppData\Local\Temp\xcAs568.\driver_tmp_14.o \
  dist/default/debug\lab10.X.debug.o 

Object code version is 3.11

Machine type is 18F4520



                Name                               Link     Load   Length Selector   Space Scale
C:\Users\bryan\AppData\Local\Temp\xcAs568.\driver_tmp_14.o
                idloc                            200000   200000        8        0       5
                config                           300000   300000        E        0       4
                init                                 88       88        4        C       0
                reset_vec                             0        0        4        0       0
dist/default/debug\lab10.X.debug.o
                intcodelo                            18       18       70        C       0
                intcode                               8        8        6        4       0
                idloc                            200000   200000        8        0       5
                config                           300000   300000        E        0       4
                temp                                 6F       6F        1        1       1
                smallconst                          600      600        C      300       0
                text28                             1368     1368        2      306       0
                text27                              DCA      DCA       A4      306       0
                text26                              F04      F04       74      306       0
                text25                             1046     1046       64      306       0
                text24                             10AA     10AA       62      306       0
                text23                              C40      C40       CA      306       0
                text22                             1222     1222       40      306       0
                text21                              E6E      E6E       96      306       0
                text20                              B62      B62       DE      306       0
                text19                              A02      A02      160      306       0
                text18                             11E0     11E0       42      306       0
                text17                             1320     1320       1A      306       0
                text16                             135C     135C        8      306       0
                text15                              60C      60C      3F6      306       0
                intcode_body                        D0A      D0A       C0      306       0
                text13                              FE0      FE0       66      306       0
                text12                             110C     110C       50      306       0
                text11                             1366     1366        2      306       0
                text9                              119E     119E       42      306       0
                text8                              1262     1262       30      306       0
                text7                               F78      F78       68      306       0
                text6                              1304     1304       1C      306       0
                text5                              134E     134E        E      306       0
                text4                              133A     133A       14      306       0
                text3                              12E2     12E2       22      306       0
                text2                              12BE     12BE       24      306       0
                text1                              1364     1364        2      306       0
                text0                              115C     115C       42      306       0
                cstackCOMRAM                          1        1       44        1       1
                cstackBANK0                          80       80       73       80       1
                bssBANK1                            100      100       64      100       1
                bssBANK0                             F3       F3        2       80       1
                bssCOMRAM                            45       45       2A        1       1
                cinit                              1292     1292       2C      306       0

TOTAL           Name                               Link     Load   Length     Space
        CLASS   CODE           
                intcodelo                            18       18       70         0
                intcode                               8        8        6         0
                init                                 88       88        4         0
                reset_vec                             0        0        4         0
                text28                             1368     1368        2         0
                text27                              DCA      DCA       A4         0
                text26                              F04      F04       74         0
                text25                             1046     1046       64         0
                text24                             10AA     10AA       62         0
                text23                              C40      C40       CA         0
                text22                             1222     1222       40         0
                text21                              E6E      E6E       96         0
                text20                              B62      B62       DE         0
                text19                              A02      A02      160         0
                text18                             11E0     11E0       42         0
                text17                             1320     1320       1A         0
                text16                             135C     135C        8         0
                text15                              60C      60C      3F6         0
                intcode_body                        D0A      D0A       C0         0
                text13                              FE0      FE0       66         0
                text12                             110C     110C       50         0
                text11                             1366     1366        2         0
                text9                              119E     119E       42         0
                text8                              1262     1262       30         0
                text7                               F78      F78       68         0
                text6                              1304     1304       1C         0
                text5                              134E     134E        E         0
                text4                              133A     133A       14         0
                text3                              12E2     12E2       22         0
                text2                              12BE     12BE       24         0
                text1                              1364     1364        2         0
                text0                              115C     115C       42         0
                cinit                              1292     1292       2C         0

        CLASS   CONST          

        CLASS   SMALLCONST     
                smallconst                          600      600        C         0

        CLASS   MEDIUMCONST    

        CLASS   COMRAM         
                temp                                 6F       6F        1         1
                cstackCOMRAM                          1        1       44         1
                bssCOMRAM                            45       45       2A         1

        CLASS   ABS1           

        CLASS   BIGRAM         

        CLASS   RAM            

        CLASS   BANK0          
                cstackBANK0                          80       80       73         1
                bssBANK0                             F3       F3        2         1

        CLASS   BANK1          
                bssBANK1                            100      100       64         1

        CLASS   BANK2          

        CLASS   BANK3          

        CLASS   BANK4          

        CLASS   BANK5          

        CLASS   SFR            

        CLASS   BIGSFR         

        CLASS   CONFIG         
                config                           300000   300000        E         4

        CLASS   IDLOC          
                idloc                            200000   200000        8         5

        CLASS   EEDATA         

        CLASS   FARRAM         

        CLASS   HEAP           

        CLASS   STACK          



SEGMENTS        Name                           Load    Length   Top    Selector   Space  Class

                reset_vec                      000000  000004  000004         0       0  CODE    
                cstackCOMRAM                   000001  00006F  000070         1       1  COMRAM  
                intcode                        000008  000006  00000E         4       0  CODE    
                intcodelo                      000018  000074  00008C         C       0  CODE    
                cstackBANK0                    000080  000075  0000F5        80       1  BANK0   
                bssBANK1                       000100  000064  000164       100       1  BANK1   
                smallconst                     000600  00000C  00060C       300       0  SMALLCON
                text15                         00060C  000D5E  00136A       306       0  CODE    


UNUSED ADDRESS RANGES

        Name                Unused          Largest block    Delta
        BANK0            0000F5-0000FF                B
        BANK1            000164-0001FF               9C
        BANK2            000200-0002FF              100
        BANK3            000300-0003FF              100
        BANK4            000400-0004FF              100
        BANK5            000500-0005F3               F4
        BIGRAM           000070-00007F               10
                         0000F5-0000FF                B
                         000164-0005F3              490
        BIGSFR           000F80-000F9B               1C
                         000F9D-000FD3               37
                         000FD5-000FDA                6
                         000FE0-000FE2                3
                         000FE8-000FEA                3
                         000FF0-000FFC                D
        CODE             000004-000007                4
                         00000E-000017                A
                         00008C-0005FF              574
                         00136A-007DBF             6A56
        COMRAM           000070-00007F               10
        CONST            000004-000007                4
                         00000E-000017                A
                         00008C-0005FF              574
                         00136A-007DBF             6A56
        EEDATA           F00000-F000FF              100
        MEDIUMCONST      00136A-007DBF             6A56
        RAM              0000F5-0000FF                B
                         000164-0005F3              100
        SFR              000F80-000F9B               1C
                         000F9D-000FD3               37
                         000FD5-000FDA                6
                         000FE0-000FE2                3
                         000FE8-000FEA                3
                         000FF0-000FFC                D
        SMALLCONST       00136A-007DBF              100

                                  Symbol Table

?_GetString                        cstackBANK0  00008C
?___lwdiv                          cstackCOMRAM 000001
?___lwmod                          cstackCOMRAM 000001
?_printf                           cstackCOMRAM 000031
?_read_prec_or_width               cstackCOMRAM 000001
?_vfprintf                         cstackCOMRAM 00002C
ClearBuffer@i                      cstackBANK0  000088
GetString@str                      cstackBANK0  00008C
H_ISR@value                        cstackCOMRAM 000043
MyusartRead@data                   cstackBANK0  000082
_ADCON0bits                        (abs)        000FC2
_ADCON1bits                        (abs)        000FC1
_ADCON2bits                        (abs)        000FC0
_ADC_Initialize                    text6        001304
_ADRESH                            (abs)        000FC4
_ADRESL                            (abs)        000FC3
_BAUDCONbits                       (abs)        000FB8
_CCP1CONbits                       (abs)        000FBD
_CCPR1L                            (abs)        000FBE
_CREN                              (abs)        007D5C
_ClearBuffer                       text9        00119E
_GetString                         text7        000F78
_H_ISR                             intcode      000008
_INTCONbits                        (abs)        000FF2
_IO_Initialize                     text5        00134E
_IPR1bits                          (abs)        000F9F
_Initialize                        text2        0012BE
_Interrupt_Initialize              text4        00133A
_LATC                              (abs)        000F8B
_LATD                              (abs)        000F8C
_Lo_ISR                            intcodelo    000018
_MyusartRead                       text12       00110C
_OSCCONbits                        (abs)        000FD3
_PIE1bits                          (abs)        000F9D
_PIR1bits                          (abs)        000F9E
_PR2                               (abs)        000FCB
_RCIF                              (abs)        007CF5
_RCONbits                          (abs)        000FD0
_RCREG                             (abs)        000FAE
_RCSTAbits                         (abs)        000FAB
_SPBRG                             (abs)        000FAF
_T1CONbits                         (abs)        000FCD
_T2CONbits                         (abs)        000FCA
_TMR1                              (abs)        000FCE
_TRISAbits                         (abs)        000F92
_TRISB                             (abs)        000F93
_TRISCbits                         (abs)        000F94
_TRISD                             (abs)        000F95
_TXREG                             (abs)        000FAD
_TXSTAbits                         (abs)        000FAC
_UART_Initialize                   text3        0012E2
__HRAM                             (abs)        000000
__H__absolute__                    __absolute__ 000000
__Habs1                            abs1         000000
__Hbank0                           bank0        000000
__Hbank1                           bank1        000000
__Hbank2                           bank2        000000
__Hbank3                           bank3        000000
__Hbank4                           bank4        000000
__Hbank5                           bank5        000000
__Hbigbss                          bigbss       000000
__Hbigdata                         bigdata      000000
__Hbigram                          bigram       000000
__Hbigsfr                          bigsfr       000000
__Hbss                             bss          000000
__HbssBANK0                        bssBANK0     000000
__HbssBANK1                        bssBANK1     000000
__HbssCOMRAM                       bssCOMRAM    000000
__Hcinit                           cinit        000000
__Hclrtext                         clrtext      000000
__Hcomram                          comram       000000
__Hconfig                          config       30000E
__Hconst                           const        000000
__HcstackBANK0                     cstackBANK0  000000
__HcstackCOMRAM                    cstackCOMRAM 000000
__Hdata                            data         000000
__Heeprom_data                     eeprom_data  000000
__Hfarbss                          farbss       000000
__Hfardata                         fardata      000000
__Hheap                            heap         000000
__Hibigdata                        ibigdata     000000
__Hidata                           idata        000000
__Hidloc                           idloc        200008
__Hifardata                        ifardata     000000
__Hinit                            init         00008C
__Hintcode                         intcode      00000E
__Hintcode_body                    intcode_body 000000
__Hintcodelo                       intcodelo    000088
__Hintentry                        intentry     000000
__Hintret                          intret       000000
__Hintsave_regs                    intsave_regs 000000
__Hirdata                          irdata       000000
__Hmediumconst                     mediumconst  000000
__HnvFARRAM                        nvFARRAM     000000
__Hnvbit                           nvbit        000000
__Hnvrram                          nvrram       000000
__Hparam                           rparam       000000
__Hpowerup                         powerup      000000
__Hram                             ram          000000
__Hramtop                          ramtop       000600
__Hrbit                            rbit         000000
__Hrbss                            rbss         000000
__Hrdata                           rdata        000000
__Hreset_vec                       reset_vec    000004
__Hrparam                          rparam       000000
__Hsfr                             sfr          000000
__Hsivt_hi                         sivt_hi      000000
__Hsivt_lo                         sivt_lo      000088
__Hsmallconst                      smallconst   00060C
__Hspace_0                         (abs)        00136A
__Hspace_1                         (abs)        000164
__Hspace_2                         (abs)        000000
__Hspace_4                         (abs)        60000E
__Hstack                           stack        000000
__Hstruct                          struct       000000
__Htemp                            temp         000070
__Htext                            text         000000
__Htext0                           text0        000000
__Htext1                           text1        000000
__Htext11                          text11       000000
__Htext12                          text12       000000
__Htext13                          text13       000000
__Htext15                          text15       000000
__Htext16                          text16       000000
__Htext17                          text17       000000
__Htext18                          text18       000000
__Htext19                          text19       000000
__Htext2                           text2        000000
__Htext20                          text20       000000
__Htext21                          text21       000000
__Htext22                          text22       000000
__Htext23                          text23       000000
__Htext24                          text24       000000
__Htext25                          text25       000000
__Htext26                          text26       000000
__Htext27                          text27       000000
__Htext28                          text28       000000
__Htext3                           text3        000000
__Htext4                           text4        000000
__Htext5                           text5        000000
__Htext6                           text6        000000
__Htext7                           text7        000000
__Htext8                           text8        000000
__Htext9                           text9        000000
__LRAM                             (abs)        000001
__L__absolute__                    __absolute__ 000000
__Labs1                            abs1         000000
__Lbank0                           bank0        000000
__Lbank1                           bank1        000000
__Lbank2                           bank2        000000
__Lbank3                           bank3        000000
__Lbank4                           bank4        000000
__Lbank5                           bank5        000000
__Lbigbss                          bigbss       000000
__Lbigdata                         bigdata      000000
__Lbigram                          bigram       000000
__Lbigsfr                          bigsfr       000000
__Lbss                             bss          000000
__LbssBANK0                        bssBANK0     000000
__LbssBANK1                        bssBANK1     000000
__LbssCOMRAM                       bssCOMRAM    000000
__Lcinit                           cinit        000000
__Lclrtext                         clrtext      000000
__Lcomram                          comram       000000
__Lconfig                          config       000000
__Lconst                           const        000000
__LcstackBANK0                     cstackBANK0  000000
__LcstackCOMRAM                    cstackCOMRAM 000000
__Ldata                            data         000000
__Leeprom_data                     eeprom_data  000000
__Lfarbss                          farbss       000000
__Lfardata                         fardata      000000
__Lheap                            heap         000000
__Libigdata                        ibigdata     000000
__Lidata                           idata        000000
__Lidloc                           idloc        000000
__Lifardata                        ifardata     000000
__Linit                            init         000088
__Lintcode                         intcode      000008
__Lintcode_body                    intcode_body 000000
__Lintcodelo                       intcodelo    000018
__Lintentry                        intentry     000000
__Lintret                          intret       000000
__Lintsave_regs                    intsave_regs 000000
__Lirdata                          irdata       000000
__Lmediumconst                     mediumconst  000000
__LnvFARRAM                        nvFARRAM     000000
__Lnvbit                           nvbit        000000
__Lnvrram                          nvrram       000000
__Lparam                           rparam       000000
__Lpowerup                         powerup      000000
__Lram                             ram          000000
__Lramtop                          ramtop       000600
__Lrbit                            rbit         000000
__Lrbss                            rbss         000000
__Lrdata                           rdata        000000
__Lreset_vec                       reset_vec    000000
__Lrparam                          rparam       000000
__Lsfr                             sfr          000000
__Lsivt_hi                         sivt_hi      000000
__Lsivt_lo                         sivt_lo      000088
__Lsmallconst                      smallconst   000600
__Lspace_0                         (abs)        000000
__Lspace_1                         (abs)        000000
__Lspace_2                         (abs)        000000
__Lspace_4                         (abs)        000000
__Lstack                           stack        000000
__Lstruct                          struct       000000
__Ltemp                            temp         00006F
__Ltext                            text         000000
__Ltext0                           text0        000000
__Ltext1                           text1        000000
__Ltext11                          text11       000000
__Ltext12                          text12       000000
__Ltext13                          text13       000000
__Ltext15                          text15       000000
__Ltext16                          text16       000000
__Ltext17                          text17       000000
__Ltext18                          text18       000000
__Ltext19                          text19       000000
__Ltext2                           text2        000000
__Ltext20                          text20       000000
__Ltext21                          text21       000000
__Ltext22                          text22       000000
__Ltext23                          text23       000000
__Ltext24                          text24       000000
__Ltext25                          text25       000000
__Ltext26                          text26       000000
__Ltext27                          text27       000000
__Ltext28                          text28       000000
__Ltext3                           text3        000000
__Ltext4                           text4        000000
__Ltext5                           text5        000000
__Ltext6                           text6        000000
__Ltext7                           text7        000000
__Ltext8                           text8        000000
__Ltext9                           text9        000000
__S0                               (abs)        00136A
__S1                               (abs)        000164
__S4                               (abs)        000000
__S5                               (abs)        000000
___heap_hi                         (abs)        000000
___heap_lo                         (abs)        000000
___inthi_sp                        stack        000000
___inthi_stack_hi                  stack        000000
___inthi_stack_lo                  stack        000000
___intlo_sp                        stack        000000
___intlo_stack_hi                  stack        000000
___intlo_stack_lo                  stack        000000
___lwdiv                           text26       000F04
___lwdiv@counter                   cstackCOMRAM 000007
___lwdiv@dividend                  cstackCOMRAM 000001
___lwdiv@divisor                   cstackCOMRAM 000003
___lwdiv@quotient                  cstackCOMRAM 000005
___lwmod                           text25       001046
___lwmod@counter                   cstackCOMRAM 000005
___lwmod@dividend                  cstackCOMRAM 000001
___lwmod@divisor                   cstackCOMRAM 000003
___param_bank                      (abs)        000000
___rparam_used                     (abs)        000001
___sp                              stack        000000
___stack_hi                        stack        000000
___stack_lo                        stack        000000
__accesstop                        (abs)        000080
__activetblptr                     (abs)        000002
__end_of_ADC_Initialize            text6        001320
__end_of_ClearBuffer               text9        0011E0
__end_of_GetString                 text7        000FE0
__end_of_H_ISR                     intcode_body 000DCA
__end_of_IO_Initialize             text5        00135C
__end_of_Initialize                text2        0012E2
__end_of_Interrupt_Initialize      text4        00134E
__end_of_Lo_ISR                    intcodelo    000088
__end_of_MyusartRead               text12       00115C
__end_of_UART_Initialize           text3        001304
__end_of___lwdiv                   text26       000F78
__end_of___lwmod                   text25       0010AA
__end_of__initialization           cinit        0012B0
__end_of_button_pressed            text28       00136A
__end_of_fputc                     text23       000D0A
__end_of_fputs                     text22       001262
__end_of_keyboard_input            text1        001366
__end_of_main                      text0        00119E
__end_of_pad                       text21       000F04
__end_of_printf                    text17       00133A
__end_of_putch                     text13       001046
__end_of_read_prec_or_width        text27       000E6E
__end_of_set_LED                   text16       001364
__end_of_strcpy                    text8        001292
__end_of_timer1_interrupted        text11       001368
__end_of_utoa                      text20       000C40
__end_of_variable_register_changed text15       000A02
__end_of_vfpfcnvrt                 text19       000B62
__end_of_vfprintf                  text18       001222
__end_ofi2_putch                   text24       00110C
__initialization                   cinit        001292
__mediumconst                      smallconst   000600
__pbssBANK0                        bssBANK0     0000F3
__pbssBANK1                        bssBANK1     000100
__pbssCOMRAM                       bssCOMRAM    000045
__pcinit                           cinit        001292
__pcstackBANK0                     cstackBANK0  000080
__pcstackCOMRAM                    cstackCOMRAM 000001
__pintcode                         intcode      000008
__pintcode_body                    intcode_body 000D0A
__pintcodelo                       intcodelo    000018
__psmallconst                      smallconst   000600
__ptext0                           text0        00115C
__ptext1                           text1        001364
__ptext11                          text11       001366
__ptext12                          text12       00110C
__ptext13                          text13       000FE0
__ptext15                          text15       00060C
__ptext16                          text16       00135C
__ptext17                          text17       001320
__ptext18                          text18       0011E0
__ptext19                          text19       000A02
__ptext2                           text2        0012BE
__ptext20                          text20       000B62
__ptext21                          text21       000E6E
__ptext22                          text22       001222
__ptext23                          text23       000C40
__ptext24                          text24       0010AA
__ptext25                          text25       001046
__ptext26                          text26       000F04
__ptext27                          text27       000DCA
__ptext28                          text28       001368
__ptext3                           text3        0012E2
__ptext4                           text4        00133A
__ptext5                           text5        00134E
__ptext6                           text6        001304
__ptext7                           text7        000F78
__ptext8                           text8        001262
__ptext9                           text9        00119E
__ramtop                           ramtop       000600
__smallconst                       smallconst   000600
_btn_interr                        bssCOMRAM    00004E
_buffer                            bssBANK1     000100
_buffer_size                       bssBANK0     0000F3
_button_pressed                    text28       001368
_current_servo_angle               bssCOMRAM    000049
_dbuf                              bssCOMRAM    00004F
_flags                             bssCOMRAM    00004D
_fputc                             text23       000C40
_fputs                             text22       001222
_keyboard_input                    text1        001364
_main                              text0        00115C
_pad                               text21       000E6E
_pre_radc_val                      bssCOMRAM    00004B
_prec                              bssCOMRAM    000047
_printf                            text17       001320
_putch                             text13       000FE0
_read_prec_or_width                text27       000DCA
_set_LED                           text16       00135C
_strcpy                            text8        001262
_timer1_interrupted                text11       001366
_utoa                              text20       000B62
_variable_register_changed         text15       00060C
_vfpfcnvrt                         text19       000A02
_vfprintf                          text18       0011E0
_width                             bssCOMRAM    000045
btemp                              temp         00006F
end_of_initialization              cinit        0012B0
fputc@c                            cstackCOMRAM 000002
fputc@fp                           cstackCOMRAM 000004
fputs@c                            cstackCOMRAM 00000E
fputs@fp                           cstackCOMRAM 00000C
fputs@i                            cstackCOMRAM 00000F
fputs@s                            cstackCOMRAM 00000B
i2_putch                           text24       0010AA
i2putch@data                       cstackCOMRAM 000001
int$flags                          temp         00006F
int_func                           intcode_body 000D0A
intlevel0                          text         000000
intlevel1                          text         000000
intlevel2                          text         000000
intlevel3                          text         000000
isa$std                            (abs)        000001
isa$xinst                          (abs)        000000
keyboard_input@str                 cstackBANK0  000088
main@str                           cstackBANK0  00008F
pad@buf                            cstackCOMRAM 000013
pad@fp                             cstackCOMRAM 000011
pad@i                              cstackCOMRAM 000017
pad@p                              cstackCOMRAM 000014
printf@ap                          cstackCOMRAM 000034
printf@fmt                         cstackCOMRAM 000031
putch@data                         cstackBANK0  000080
read_prec_or_width@ap              cstackCOMRAM 000002
read_prec_or_width@c               cstackCOMRAM 000005
read_prec_or_width@fmt             cstackCOMRAM 000001
read_prec_or_width@n               cstackCOMRAM 000006
set_LED@value                      cstackCOMRAM 000001
stackhi                            (abs)        000000
stacklo                            (abs)        000000
start                              init         000088
start_initialization               cinit        001292
strcpy@d                           cstackBANK0  00008B
strcpy@dest                        cstackBANK0  000088
strcpy@src                         cstackBANK0  000089
ttemp5                             temp         000070
ttemp6                             temp         000073
ttemp7                             temp         000077
utoa@d                             cstackCOMRAM 00001B
utoa@fp                            cstackCOMRAM 000019
utoa@i                             cstackCOMRAM 000020
utoa@p                             cstackCOMRAM 00001D
utoa@w                             cstackCOMRAM 00001E
variable_register_changed@value    cstackCOMRAM 000035
vfpfcnvrt@ap                       cstackCOMRAM 000025
vfpfcnvrt@convarg                  cstackCOMRAM 000026
vfpfcnvrt@cp                       cstackCOMRAM 00002B
vfpfcnvrt@done                     cstackCOMRAM 00002A
vfpfcnvrt@fmt                      cstackCOMRAM 000024
vfpfcnvrt@fp                       cstackCOMRAM 000022
vfprintf@ap                        cstackCOMRAM 00002F
vfprintf@cfmt                      cstackCOMRAM 000030
vfprintf@fmt                       cstackCOMRAM 00002E
vfprintf@fp                        cstackCOMRAM 00002C
wtemp8                             temp         000070


MODULE INFORMATION

Module		Function		Class		Link	Load	Size
C:\Program Files\Microchip\xc8\v3.00\pic\sources\c99\common\nf_fputc.c
		_fputc         		CODE           	0C40	0000	202

C:\Program Files\Microchip\xc8\v3.00\pic\sources\c99\common\nf_fputc.c estimated size: 202

hard.c
		_variable_register_changed		CODE           	060C	0000	1014
		_Lo_ISR        		CODE           	0018	0000	112
		_MyusartRead   		CODE           	110C	0000	80
		_button_pressed		CODE           	1368	0000	2
		_putch         		CODE           	0FE0	0000	102
		_ADC_Initialize		CODE           	1304	0000	28
		_keyboard_input		CODE           	1364	0000	2
		_set_LED       		CODE           	135C	0000	8
		_timer1_interrupted		CODE           	1366	0000	2
		_H_ISR         		CODE           	0008	0000	198
		_main          		CODE           	115C	0000	66
		_Initialize    		CODE           	12BE	0000	36
		_GetString     		CODE           	0F78	0000	104
		_ClearBuffer   		CODE           	119E	0000	66
		_Interrupt_Initialize		CODE           	133A	0000	20
		_UART_Initialize		CODE           	12E2	0000	34
		_IO_Initialize 		CODE           	134E	0000	14

hard.c estimated size: 1888

C:\Program Files\Microchip\xc8\v3.00\pic\sources\c99\common\printf.c
		_printf        		CODE           	1320	0000	26

C:\Program Files\Microchip\xc8\v3.00\pic\sources\c99\common\printf.c estimated size: 26

C:\Program Files\Microchip\xc8\v3.00\pic\sources\c99\common\lwmod.c
		___lwmod       		CODE           	1046	0000	100

C:\Program Files\Microchip\xc8\v3.00\pic\sources\c99\common\lwmod.c estimated size: 100

shared
		i2_putch       		CODE           	10AA	0000	98
		__initialization		CODE           	1292	0000	30

shared estimated size: 128

C:\Program Files\Microchip\xc8\v3.00\pic\sources\c99\common\nf_fputs.c
		_fputs         		CODE           	1222	0000	64

C:\Program Files\Microchip\xc8\v3.00\pic\sources\c99\common\nf_fputs.c estimated size: 64

C:\Program Files\Microchip\xc8\v3.00\pic\sources\c99\common\strcpy.c
		_strcpy        		CODE           	1262	0000	48

C:\Program Files\Microchip\xc8\v3.00\pic\sources\c99\common\strcpy.c estimated size: 48

C:\Program Files\Microchip\xc8\v3.00\pic\sources\c99\common\lwdiv.c
		___lwdiv       		CODE           	0F04	0000	116

C:\Program Files\Microchip\xc8\v3.00\pic\sources\c99\common\lwdiv.c estimated size: 116

C:\Program Files\Microchip\xc8\v3.00\pic\sources\c99\common\doprnt.c
		_read_prec_or_width		CODE           	0DCA	0000	164
		_vfpfcnvrt     		CODE           	0A02	0000	352
		_pad           		CODE           	0E6E	0000	150
		_vfprintf      		CODE           	11E0	0000	66
		_utoa          		CODE           	0B62	0000	222

C:\Program Files\Microchip\xc8\v3.00\pic\sources\c99\common\doprnt.c estimated size: 954

