MPLINK 5.09, LINKER
Linker Map File - Created Wed Nov 26 14:03:42 2025

                                 Section Info
                  Section       Type    Address   Location Size(Bytes)
                ---------  ---------  ---------  ---------  ---------
                   .org_0       code   0x000000    program   0x000004
                   .cinit    romdata   0x000004    program   0x000002
                   .org_1       code   0x000008    program   0x0000c4
.config_300001_BUILD/DEFAULT/PRODUCTION/HARD_2.    romdata   0x300001    program   0x000001
.config_300002_BUILD/DEFAULT/PRODUCTION/HARD_2.    romdata   0x300002    program   0x000001
.config_300003_BUILD/DEFAULT/PRODUCTION/HARD_2.    romdata   0x300003    program   0x000001
.config_300005_BUILD/DEFAULT/PRODUCTION/HARD_2.    romdata   0x300005    program   0x000001
.config_300006_BUILD/DEFAULT/PRODUCTION/HARD_2.    romdata   0x300006    program   0x000001
.config_300008_BUILD/DEFAULT/PRODUCTION/HARD_2.    romdata   0x300008    program   0x000001
.config_300009_BUILD/DEFAULT/PRODUCTION/HARD_2.    romdata   0x300009    program   0x000001
.config_30000A_BUILD/DEFAULT/PRODUCTION/HARD_2.    romdata   0x30000a    program   0x000001
.config_30000B_BUILD/DEFAULT/PRODUCTION/HARD_2.    romdata   0x30000b    program   0x000001
.config_30000C_BUILD/DEFAULT/PRODUCTION/HARD_2.    romdata   0x30000c    program   0x000001
.config_30000D_BUILD/DEFAULT/PRODUCTION/HARD_2.    romdata   0x30000d    program   0x000001



                              Program Memory Usage 
                               Start         End      
                           ---------   ---------      
                            0x000000    0x000005      
                            0x000008    0x0000cb      
                            0x300001    0x300003      
                            0x300005    0x300006      
                            0x300008    0x30000d      
            213 out of 33048 program addresses used, program memory utilization is 0%



                              Symbols - Sorted by Name
                     Name    Address   Location    Storage File                     
                ---------  ---------  ---------  --------- ---------                
                      ISR   0x000004    program     static C:\Users\bryan\MPLABXProjects\lab7.X\hard_2.asm
                  Initial   0x00002a    program     static C:\Users\bryan\MPLABXProjects\lab7.X\hard_2.asm
                  _1LOOP1   0x000010    program     static C:\Users\bryan\MPLABXProjects\lab7.X\hard_2.asm
                  _1LOOP2   0x00000c    program     static C:\Users\bryan\MPLABXProjects\lab7.X\hard_2.asm
                  _2LOOP1   0x000066    program     static C:\Users\bryan\MPLABXProjects\lab7.X\hard_2.asm
                  _2LOOP2   0x000062    program     static C:\Users\bryan\MPLABXProjects\lab7.X\hard_2.asm
                  _3LOOP1   0x000090    program     static C:\Users\bryan\MPLABXProjects\lab7.X\hard_2.asm
                  _3LOOP2   0x00008c    program     static C:\Users\bryan\MPLABXProjects\lab7.X\hard_2.asm
                  _4LOOP1   0x0000aa    program     static C:\Users\bryan\MPLABXProjects\lab7.X\hard_2.asm
                  _4LOOP2   0x0000a6    program     static C:\Users\bryan\MPLABXProjects\lab7.X\hard_2.asm
                   finish   0x000054    program     static C:\Users\bryan\MPLABXProjects\lab7.X\hard_2.asm
                     loop   0x000042    program     static C:\Users\bryan\MPLABXProjects\lab7.X\hard_2.asm
                     main   0x00003c    program     static C:\Users\bryan\MPLABXProjects\lab7.X\hard_2.asm
          not_interrupted   0x000056    program     static C:\Users\bryan\MPLABXProjects\lab7.X\hard_2.asm
              not_over_15   0x000082    program     static C:\Users\bryan\MPLABXProjects\lab7.X\hard_2.asm
            not_over_15_2   0x0000ca    program     static C:\Users\bryan\MPLABXProjects\lab7.X\hard_2.asm
                   state1   0x00005a    program     static C:\Users\bryan\MPLABXProjects\lab7.X\hard_2.asm
               state1_itr   0x00004a    program     static C:\Users\bryan\MPLABXProjects\lab7.X\hard_2.asm
                   state2   0x000084    program     static C:\Users\bryan\MPLABXProjects\lab7.X\hard_2.asm
               state2_itr   0x00004e    program     static C:\Users\bryan\MPLABXProjects\lab7.X\hard_2.asm



                              Symbols - Sorted by Address
                     Name    Address   Location    Storage File                     
                ---------  ---------  ---------  --------- ---------                
                      ISR   0x000004    program     static C:\Users\bryan\MPLABXProjects\lab7.X\hard_2.asm
                  _1LOOP2   0x00000c    program     static C:\Users\bryan\MPLABXProjects\lab7.X\hard_2.asm
                  _1LOOP1   0x000010    program     static C:\Users\bryan\MPLABXProjects\lab7.X\hard_2.asm
                  Initial   0x00002a    program     static C:\Users\bryan\MPLABXProjects\lab7.X\hard_2.asm
                     main   0x00003c    program     static C:\Users\bryan\MPLABXProjects\lab7.X\hard_2.asm
                     loop   0x000042    program     static C:\Users\bryan\MPLABXProjects\lab7.X\hard_2.asm
               state1_itr   0x00004a    program     static C:\Users\bryan\MPLABXProjects\lab7.X\hard_2.asm
               state2_itr   0x00004e    program     static C:\Users\bryan\MPLABXProjects\lab7.X\hard_2.asm
                   finish   0x000054    program     static C:\Users\bryan\MPLABXProjects\lab7.X\hard_2.asm
          not_interrupted   0x000056    program     static C:\Users\bryan\MPLABXProjects\lab7.X\hard_2.asm
                   state1   0x00005a    program     static C:\Users\bryan\MPLABXProjects\lab7.X\hard_2.asm
                  _2LOOP2   0x000062    program     static C:\Users\bryan\MPLABXProjects\lab7.X\hard_2.asm
                  _2LOOP1   0x000066    program     static C:\Users\bryan\MPLABXProjects\lab7.X\hard_2.asm
              not_over_15   0x000082    program     static C:\Users\bryan\MPLABXProjects\lab7.X\hard_2.asm
                   state2   0x000084    program     static C:\Users\bryan\MPLABXProjects\lab7.X\hard_2.asm
                  _3LOOP2   0x00008c    program     static C:\Users\bryan\MPLABXProjects\lab7.X\hard_2.asm
                  _3LOOP1   0x000090    program     static C:\Users\bryan\MPLABXProjects\lab7.X\hard_2.asm
                  _4LOOP2   0x0000a6    program     static C:\Users\bryan\MPLABXProjects\lab7.X\hard_2.asm
                  _4LOOP1   0x0000aa    program     static C:\Users\bryan\MPLABXProjects\lab7.X\hard_2.asm
            not_over_15_2   0x0000ca    program     static C:\Users\bryan\MPLABXProjects\lab7.X\hard_2.asm


